******************************************************************************
             TMS320C2000 Linker PC v22.6.2                     
******************************************************************************
>> Linked Sat Jun 14 13:30:08 2025

OUTPUT FILE NAME:   <empty_bitfield_project.out>
ENTRY POINT SYMBOL: "code_start"  address: 00080000


MEMORY CONFIGURATION

         name            origin    length      used     unused   attr    fill
----------------------  --------  ---------  --------  --------  ----  --------
PAGE 0:
  BOOT_RSVD             00000002   00000126  00000000  00000126  RWIX
  RAMM0                 00000128   000002d8  00000000  000002d8  RWIX
  RAMM1                 00000400   000003f8  00000100  000002f8  RWIX
  RAMLS0                00008000   00002000  0000002a  00001fd6  RWIX
  RAMLS1                0000a000   00001ff8  00000000  00001ff8  RWIX
  BEGIN                 00080000   00000002  00000002  00000000  RWIX
  FLASH_BANK0_SEC_0_7   00080002   00001ffe  0000001e  00001fe0  RWIX
  FLASH_BANK0_SEC_8_15  00082000   00002000  00000479  00001b87  RWIX
  FLASH_BANK0_SEC_16_23 00084000   00002000  00000000  00002000  RWIX
  FLASH_BANK0_SEC_24_31 00086000   00002000  00000000  00002000  RWIX
  FLASH_BANK0_SEC_32_39 00088000   00002000  00000000  00002000  RWIX
  FLASH_BANK0_SEC_40_47 0008a000   00002000  00000000  00002000  RWIX
  FLASH_BANK0_SEC_48_55 0008c000   00002000  00000000  00002000  RWIX
  FLASH_BANK0_SEC_56_63 0008e000   00002000  00000000  00002000  RWIX
  FLASH_BANK0_SEC_64_71 00090000   00002000  00000000  00002000  RWIX
  FLASH_BANK0_SEC_72_79 00092000   00002000  00000000  00002000  RWIX
  FLASH_BANK0_SEC_80_87 00094000   00002000  00000000  00002000  RWIX
  FLASH_BANK0_SEC_88_95 00096000   00002000  00000000  00002000  RWIX
  FLASH_BANK0_SEC_96_10 00098000   00002000  00000000  00002000  RWIX
  FLASH_BANK0_SEC_104_1 0009a000   00002000  00000000  00002000  RWIX
  FLASH_BANK0_SEC_112_1 0009c000   00002000  00000000  00002000  RWIX
  FLASH_BANK0_SEC_120_1 0009e000   00001ff0  00000000  00001ff0  RWIX
  RESET                 003fffc0   00000002  00000000  00000002  RWIX

PAGE 1:
  ADCARESULT            00000b00   00000018  00000018  00000000  RWIX
  ADCCRESULT            00000b40   00000018  00000018  00000000  RWIX
  CPUTIMER0             00000c00   00000008  00000008  00000000  RWIX
  CPUTIMER1             00000c08   00000008  00000008  00000000  RWIX
  CPUTIMER2             00000c10   00000008  00000008  00000000  RWIX
  PIECTRL               00000ce0   0000001a  0000001a  00000000  RWIX
  PIEVECTTABLE          00000d00   00000200  00000100  00000100  RWIX
  EPWM1                 00004000   00000100  00000100  00000000  RWIX
  EPWM2                 00004100   00000100  00000100  00000000  RWIX
  EPWM3                 00004200   00000100  00000100  00000000  RWIX
  EPWM4                 00004300   00000100  00000100  00000000  RWIX
  EPWM5                 00004400   00000100  00000100  00000000  RWIX
  EPWM6                 00004500   00000100  00000100  00000000  RWIX
  EPWM7                 00004600   00000100  00000100  00000000  RWIX
  EQEP1                 00005100   00000040  00000038  00000008  RWIX
  ECAP1                 00005200   00000020  00000020  00000000  RWIX
  ECAP2                 00005240   00000020  00000020  00000000  RWIX
  CMPSS1                00005500   00000040  0000001b  00000025  RWIX
  CMPSSLITE2            00005540   00000040  0000001b  00000025  RWIX
  CMPSSLITE3            00005580   00000040  0000001b  00000025  RWIX
  CMPSSLITE4            000055c0   00000040  0000001b  00000025  RWIX
  SPIA                  00006100   00000010  00000010  00000000  RWIX
  WD                    00007000   0000002c  0000002b  00000001  RWIX
  NMIINTRUPT            00007060   00000010  0000000c  00000004  RWIX
  XINT                  00007070   0000000c  0000000b  00000001  RWIX
  SCIA                  00007200   00000010  00000010  00000000  RWIX
  SCIB                  00007210   00000010  00000010  00000000  RWIX
  SCIC                  00007220   00000010  00000010  00000000  RWIX
  I2CA                  00007300   00000022  00000022  00000000  RWIX
  I2CB                  00007340   00000022  00000022  00000000  RWIX
  ADCA                  00007400   00000080  00000076  0000000a  RWIX
  ADCC                  00007500   00000080  00000076  0000000a  RWIX
  INPUTXBAR             00007900   00000020  00000020  00000000  RWIX
  XBAR                  00007920   00000020  00000010  00000010  RWIX
  SYNCSOC               00007940   00000006  00000006  00000000  RWIX
  EPWMXBAR              00007a00   00000040  00000040  00000000  RWIX
  OUTPUTXBAR            00007a80   00000040  00000040  00000000  RWIX
  GPIOCTRL              00007c00   00000200  00000200  00000000  RWIX
  GPIODATA              00007f00   00000040  00000040  00000000  RWIX
  GPIODATAREAD          00007f80   00000010  00000010  00000000  RWIX
  CANA                  00048000   00000200  00000164  0000009c  RWIX
  DEVCFG                0005d000   000001ac  0000019c  00000010  RWIX
  CLKCFG                0005d200   00000100  0000003e  000000c2  RWIX
  CPUSYS                0005d300   00000100  000000b0  00000050  RWIX
  SYSSTATUS             0005d400   00000040  00000018  00000028  RWIX
  ANALOGSUBSYS          0005d700   0000012a  0000011a  00000010  RWIX
  DCC0                  0005e700   00000038  0000002c  0000000c  RWIX
  EPG1                  0005ec00   00000050  00000040  00000010  RWIX
  EPG1MUX               0005ecd0   00000010  00000010  00000000  RWIX
  DCSMZ1                0005f000   0000003e  0000003e  00000000  RWIX
  DCSMZ2                0005f080   0000003e  0000002c  00000012  RWIX
  DCSMCOMMON            0005f0c0   00000040  00000028  00000018  RWIX
  MEMCFG                0005f400   000000c0  000000a6  0000001a  RWIX
  ACCESSPROTECTION      0005f500   0000003e  0000002c  00000012  RWIX
  MEMORYERROR           0005f540   00000040  0000003a  00000006  RWIX
  TESTERROR             0005f590   00000010  00000006  0000000a  RWIX
  FLASH0CTRL            0005f800   00000182  00000182  00000000  RWIX
  FLASH0ECC             0005fb00   00000028  00000022  00000006  RWIX
  UID                   00071140   00000010  00000010  00000000  RWIX
  DCSMZ1OTP             00078000   00000020  00000020  00000000  RWIX
  DCSMZ2OTP             00078200   00000020  00000012  0000000e  RWIX


SECTION ALLOCATION MAP

 output                                  attributes/
section   page    origin      length       input sections
--------  ----  ----------  ----------   ----------------
codestart 
*          0    00080000    00000002     
                  00080000    00000002     f280013x_codestartbranch.obj (codestart)

.cinit     0    00080008    0000001a     
                  00080008    0000000e     rts2800_fpu32.lib : exit.c.obj (.cinit)
                  00080016    00000005                       : _lock.c.obj (.cinit:__lock)
                  0008001b    00000005                       : _lock.c.obj (.cinit:__unlock)
                  00080020    00000002     --HOLE-- [fill = 0]

.reset     0    003fffc0    00000002     DSECT
                  003fffc0    00000002     rts2800_fpu32.lib : boot28.asm.obj (.reset)

.stack     0    00000400    00000100     UNINITIALIZED
                  00000400    00000100     --HOLE--

.pinit     0    00080008    00000000     UNINITIALIZED

.ebss      0    00008000    00000026     UNINITIALIZED
                  00008000    00000018     f280013x_cputimers.obj (.ebss)
                  00008018    00000006     rts2800_fpu32.lib : exit.c.obj (.ebss)
                  0000801e    00000004     f280013x_tempsensorconv.obj (.ebss)
                  00008022    00000002     rts2800_fpu32.lib : _lock.c.obj (.ebss:__lock)
                  00008024    00000002                       : _lock.c.obj (.ebss:__unlock)

.TI.ramfunc 
*          0    00080028    00000004     RUN ADDR = 00008028
                  00080028    00000004     f280013x_usdelay.obj (.TI.ramfunc)

AdcaResultRegsFile 
*          1    00000b00    00000018     UNINITIALIZED
                  00000b00    00000018     f280013x_globalvariabledefs.obj (AdcaResultRegsFile)

AdccResultRegsFile 
*          1    00000b40    00000018     UNINITIALIZED
                  00000b40    00000018     f280013x_globalvariabledefs.obj (AdccResultRegsFile)

CpuTimer0RegsFile 
*          1    00000c00    00000008     UNINITIALIZED
                  00000c00    00000008     f280013x_globalvariabledefs.obj (CpuTimer0RegsFile)

CpuTimer1RegsFile 
*          1    00000c08    00000008     UNINITIALIZED
                  00000c08    00000008     f280013x_globalvariabledefs.obj (CpuTimer1RegsFile)

CpuTimer2RegsFile 
*          1    00000c10    00000008     UNINITIALIZED
                  00000c10    00000008     f280013x_globalvariabledefs.obj (CpuTimer2RegsFile)

PieCtrlRegsFile 
*          1    00000ce0    0000001a     UNINITIALIZED
                  00000ce0    0000001a     f280013x_globalvariabledefs.obj (PieCtrlRegsFile)

PieVectTableFile 
*          1    00000d00    00000100     UNINITIALIZED
                  00000d00    00000100     f280013x_globalvariabledefs.obj (PieVectTableFile)

EmuKeyVar 
*          1    00000d00    00000000     UNINITIALIZED

EmuBModeVar 
*          1    00000d00    00000000     UNINITIALIZED

EmuBootPinsVar 
*          1    00000d00    00000000     UNINITIALIZED

FlashCallbackVar 
*          1    00000d00    00000000     UNINITIALIZED

FlashScalingVar 
*          1    00000d00    00000000     UNINITIALIZED

EPwm1RegsFile 
*          1    00004000    00000100     UNINITIALIZED
                  00004000    00000100     f280013x_globalvariabledefs.obj (EPwm1RegsFile)

EPwm2RegsFile 
*          1    00004100    00000100     UNINITIALIZED
                  00004100    00000100     f280013x_globalvariabledefs.obj (EPwm2RegsFile)

EPwm3RegsFile 
*          1    00004200    00000100     UNINITIALIZED
                  00004200    00000100     f280013x_globalvariabledefs.obj (EPwm3RegsFile)

EPwm4RegsFile 
*          1    00004300    00000100     UNINITIALIZED
                  00004300    00000100     f280013x_globalvariabledefs.obj (EPwm4RegsFile)

EPwm5RegsFile 
*          1    00004400    00000100     UNINITIALIZED
                  00004400    00000100     f280013x_globalvariabledefs.obj (EPwm5RegsFile)

EPwm6RegsFile 
*          1    00004500    00000100     UNINITIALIZED
                  00004500    00000100     f280013x_globalvariabledefs.obj (EPwm6RegsFile)

EPwm7RegsFile 
*          1    00004600    00000100     UNINITIALIZED
                  00004600    00000100     f280013x_globalvariabledefs.obj (EPwm7RegsFile)

EQep1RegsFile 
*          1    00005100    00000038     UNINITIALIZED
                  00005100    00000038     f280013x_globalvariabledefs.obj (EQep1RegsFile)

ECap1RegsFile 
*          1    00005200    00000020     UNINITIALIZED
                  00005200    00000020     f280013x_globalvariabledefs.obj (ECap1RegsFile)

ECap2RegsFile 
*          1    00005240    00000020     UNINITIALIZED
                  00005240    00000020     f280013x_globalvariabledefs.obj (ECap2RegsFile)

Cmpss1RegsFile 
*          1    00005500    0000001b     UNINITIALIZED
                  00005500    0000001b     f280013x_globalvariabledefs.obj (Cmpss1RegsFile)

CmpssLite2RegsFile 
*          1    00005540    0000001b     UNINITIALIZED
                  00005540    0000001b     f280013x_globalvariabledefs.obj (CmpssLite2RegsFile)

CmpssLite3RegsFile 
*          1    00005580    0000001b     UNINITIALIZED
                  00005580    0000001b     f280013x_globalvariabledefs.obj (CmpssLite3RegsFile)

CmpssLite4RegsFile 
*          1    000055c0    0000001b     UNINITIALIZED
                  000055c0    0000001b     f280013x_globalvariabledefs.obj (CmpssLite4RegsFile)

SpiaRegsFile 
*          1    00006100    00000010     UNINITIALIZED
                  00006100    00000010     f280013x_globalvariabledefs.obj (SpiaRegsFile)

WdRegsFile 
*          1    00007000    0000002b     UNINITIALIZED
                  00007000    0000002b     f280013x_globalvariabledefs.obj (WdRegsFile)

NmiIntruptRegsFile 
*          1    00007060    0000000c     UNINITIALIZED
                  00007060    0000000c     f280013x_globalvariabledefs.obj (NmiIntruptRegsFile)

XintRegsFile 
*          1    00007070    0000000b     UNINITIALIZED
                  00007070    0000000b     f280013x_globalvariabledefs.obj (XintRegsFile)

SciaRegsFile 
*          1    00007200    00000010     UNINITIALIZED
                  00007200    00000010     f280013x_globalvariabledefs.obj (SciaRegsFile)

ScibRegsFile 
*          1    00007210    00000010     UNINITIALIZED
                  00007210    00000010     f280013x_globalvariabledefs.obj (ScibRegsFile)

ScicRegsFile 
*          1    00007220    00000010     UNINITIALIZED
                  00007220    00000010     f280013x_globalvariabledefs.obj (ScicRegsFile)

I2caRegsFile 
*          1    00007300    00000022     UNINITIALIZED
                  00007300    00000022     f280013x_globalvariabledefs.obj (I2caRegsFile)

I2cbRegsFile 
*          1    00007340    00000022     UNINITIALIZED
                  00007340    00000022     f280013x_globalvariabledefs.obj (I2cbRegsFile)

AdcaRegsFile 
*          1    00007400    00000076     UNINITIALIZED
                  00007400    00000076     f280013x_globalvariabledefs.obj (AdcaRegsFile)

AdccRegsFile 
*          1    00007500    00000076     UNINITIALIZED
                  00007500    00000076     f280013x_globalvariabledefs.obj (AdccRegsFile)

InputXbarRegsFile 
*          1    00007900    00000020     UNINITIALIZED
                  00007900    00000020     f280013x_globalvariabledefs.obj (InputXbarRegsFile)

XbarRegsFile 
*          1    00007920    00000010     UNINITIALIZED
                  00007920    00000010     f280013x_globalvariabledefs.obj (XbarRegsFile)

SyncSocRegsFile 
*          1    00007940    00000006     UNINITIALIZED
                  00007940    00000006     f280013x_globalvariabledefs.obj (SyncSocRegsFile)

EPwmXbarRegsFile 
*          1    00007a00    00000040     UNINITIALIZED
                  00007a00    00000040     f280013x_globalvariabledefs.obj (EPwmXbarRegsFile)

OutputXbarRegsFile 
*          1    00007a80    00000040     UNINITIALIZED
                  00007a80    00000040     f280013x_globalvariabledefs.obj (OutputXbarRegsFile)

GpioCtrlRegsFile 
*          1    00007c00    00000200     UNINITIALIZED
                  00007c00    00000200     f280013x_globalvariabledefs.obj (GpioCtrlRegsFile)

GpioDataRegsFile 
*          1    00007f00    00000040     UNINITIALIZED
                  00007f00    00000040     f280013x_globalvariabledefs.obj (GpioDataRegsFile)

GpioDataReadRegsFile 
*          1    00007f80    00000010     UNINITIALIZED
                  00007f80    00000010     f280013x_globalvariabledefs.obj (GpioDataReadRegsFile)

CanaRegsFile 
*          1    00048000    00000164     UNINITIALIZED
                  00048000    00000164     f280013x_globalvariabledefs.obj (CanaRegsFile)

DevCfgRegsFile 
*          1    0005d000    0000019c     UNINITIALIZED
                  0005d000    0000019c     f280013x_globalvariabledefs.obj (DevCfgRegsFile)

ClkCfgRegsFile 
*          1    0005d200    0000003e     UNINITIALIZED
                  0005d200    0000003e     f280013x_globalvariabledefs.obj (ClkCfgRegsFile)

CpuSysRegsFile 
*          1    0005d300    000000b0     UNINITIALIZED
                  0005d300    000000b0     f280013x_globalvariabledefs.obj (CpuSysRegsFile)

SysStatusRegsFile 
*          1    0005d400    00000018     UNINITIALIZED
                  0005d400    00000018     f280013x_globalvariabledefs.obj (SysStatusRegsFile)

AnalogSubsysRegsFile 
*          1    0005d700    0000011a     UNINITIALIZED
                  0005d700    0000011a     f280013x_globalvariabledefs.obj (AnalogSubsysRegsFile)

Dcc0RegsFile 
*          1    0005e700    0000002c     UNINITIALIZED
                  0005e700    0000002c     f280013x_globalvariabledefs.obj (Dcc0RegsFile)

Epg1RegsFile 
*          1    0005ec00    00000040     UNINITIALIZED
                  0005ec00    00000040     f280013x_globalvariabledefs.obj (Epg1RegsFile)

Epg1MuxRegsFile 
*          1    0005ecd0    00000010     UNINITIALIZED
                  0005ecd0    00000010     f280013x_globalvariabledefs.obj (Epg1MuxRegsFile)

DcsmZ1RegsFile 
*          1    0005f000    0000003e     UNINITIALIZED
                  0005f000    0000003e     f280013x_globalvariabledefs.obj (DcsmZ1RegsFile)

DcsmZ2RegsFile 
*          1    0005f080    0000002c     UNINITIALIZED
                  0005f080    0000002c     f280013x_globalvariabledefs.obj (DcsmZ2RegsFile)

DcsmCommonRegsFile 
*          1    0005f0c0    00000028     UNINITIALIZED
                  0005f0c0    00000028     f280013x_globalvariabledefs.obj (DcsmCommonRegsFile)

MemCfgRegsFile 
*          1    0005f400    000000a6     UNINITIALIZED
                  0005f400    000000a6     f280013x_globalvariabledefs.obj (MemCfgRegsFile)

AccessProtectionRegsFile 
*          1    0005f500    0000002c     UNINITIALIZED
                  0005f500    0000002c     f280013x_globalvariabledefs.obj (AccessProtectionRegsFile)

MemoryErrorRegsFile 
*          1    0005f540    0000003a     UNINITIALIZED
                  0005f540    0000003a     f280013x_globalvariabledefs.obj (MemoryErrorRegsFile)

TestErrorRegsFile 
*          1    0005f590    00000006     UNINITIALIZED
                  0005f590    00000006     f280013x_globalvariabledefs.obj (TestErrorRegsFile)

Flash0CtrlRegsFile 
*          1    0005f800    00000182     UNINITIALIZED
                  0005f800    00000182     f280013x_globalvariabledefs.obj (Flash0CtrlRegsFile)

Flash0EccRegsFile 
*          1    0005fb00    00000022     UNINITIALIZED
                  0005fb00    00000022     f280013x_globalvariabledefs.obj (Flash0EccRegsFile)

UidRegsFile 
*          1    00071140    00000010     UNINITIALIZED
                  00071140    00000010     f280013x_globalvariabledefs.obj (UidRegsFile)

DcsmZ1OtpRegsFile 
*          1    00078000    00000020     UNINITIALIZED
                  00078000    00000020     f280013x_globalvariabledefs.obj (DcsmZ1OtpRegsFile)

DcsmZ2OtpRegsFile 
*          1    00078200    00000012     UNINITIALIZED
                  00078200    00000012     f280013x_globalvariabledefs.obj (DcsmZ2OtpRegsFile)

.text      0    00082000    00000479     
                  00082000    000002dd     f280013x_defaultisr.obj (.text:retain)
                  000822dd    00000088     rts2800_fpu32.lib : fs_div28.asm.obj (.text)
                  00082365    00000056                       : boot28.asm.obj (.text)
                  000823bb    0000002a                       : l_div28.asm.obj (.text)
                  000823e5    00000029                       : exit.c.obj (.text)
                  0008240e    00000024                       : cpy_tbl.c.obj (.text)
                  00082432    0000001d                       : memcpy.c.obj (.text)
                  0008244f    00000012                       : args_main.c.obj (.text)
                  00082461    00000009                       : _lock.c.obj (.text)
                  0008246a    00000008     f280013x_codestartbranch.obj (.text)
                  00082472    00000003     f280013x_dbgier.obj (.text)
                  00082475    00000002     rts2800_fpu32.lib : pre_init.c.obj (.text)
                  00082477    00000001     main.obj (.text)
                  00082478    00000001     rts2800_fpu32.lib : startup.c.obj (.text)

MODULE SUMMARY

       Module                            code   initialized data   uninitialized data
       ------                            ----   ----------------   ------------------
    .\01_App\Source\
       main.obj                          1      0                  0                 
    +--+---------------------------------+------+------------------+--------------------+
       Total:                            1      0                  0                 
                                                                                     
    .\06_CSP\Source\
       f280013x_globalvariabledefs.obj   0      0                  5924              
       f280013x_defaultisr.obj           733    0                  0                 
       f280013x_cputimers.obj            0      0                  24                
       f280013x_codestartbranch.obj      10     0                  0                 
       f280013x_usdelay.obj              8      0                  0                 
       f280013x_tempsensorconv.obj       0      0                  4                 
       f280013x_dbgier.obj               3      0                  0                 
    +--+---------------------------------+------+------------------+--------------------+
       Total:                            754    0                  5952              
                                                                                     
    D:\ti\ccs2020\ccs\tools\compiler\ti-cgt-c2000_22.6.2.LTS\lib\rts2800_fpu32.lib
       fs_div28.asm.obj                  136    0                  0                 
       boot28.asm.obj                    86     0                  0                 
       exit.c.obj                        41     14                 6                 
       l_div28.asm.obj                   42     0                  0                 
       cpy_tbl.c.obj                     36     0                  0                 
       memcpy.c.obj                      29     0                  0                 
       _lock.c.obj                       9      10                 4                 
       args_main.c.obj                   18     0                  0                 
       pre_init.c.obj                    2      0                  0                 
       startup.c.obj                     1      0                  0                 
    +--+---------------------------------+------+------------------+--------------------+
       Total:                            400    24                 10                
                                                                                     
       Stack:                            0      0                  256               
    +--+---------------------------------+------+------------------+--------------------+
       Grand Total:                      1155   24                 6218              


GLOBAL DATA SYMBOLS: SORTED BY DATA PAGE

address     data page           name
--------    ----------------    ----
00000400      10 (00000400)     __stack

00000b00      2c (00000b00)     _AdcaResultRegs

00000b40      2d (00000b40)     _AdccResultRegs

00000c00      30 (00000c00)     _CpuTimer0Regs
00000c08      30 (00000c00)     _CpuTimer1Regs
00000c10      30 (00000c00)     _CpuTimer2Regs

00000ce0      33 (00000cc0)     _PieCtrlRegs

00000d00      34 (00000d00)     _PieVectTable

00004000     100 (00004000)     _EPwm1Regs

00004100     104 (00004100)     _EPwm2Regs

00004200     108 (00004200)     _EPwm3Regs

00004300     10c (00004300)     _EPwm4Regs

00004400     110 (00004400)     _EPwm5Regs

00004500     114 (00004500)     _EPwm6Regs

00004600     118 (00004600)     _EPwm7Regs

00005100     144 (00005100)     _EQep1Regs

00005200     148 (00005200)     _ECap1Regs

00005240     149 (00005240)     _ECap2Regs

00005500     154 (00005500)     _Cmpss1Regs

00005540     155 (00005540)     _CmpssLite2Regs

00005580     156 (00005580)     _CmpssLite3Regs

000055c0     157 (000055c0)     _CmpssLite4Regs

00006100     184 (00006100)     _SpiaRegs

00007000     1c0 (00007000)     _WdRegs

00007060     1c1 (00007040)     _NmiIntruptRegs
00007070     1c1 (00007040)     _XintRegs

00007200     1c8 (00007200)     _SciaRegs
00007210     1c8 (00007200)     _ScibRegs
00007220     1c8 (00007200)     _ScicRegs

00007300     1cc (00007300)     _I2caRegs

00007340     1cd (00007340)     _I2cbRegs

00007400     1d0 (00007400)     _AdcaRegs

00007500     1d4 (00007500)     _AdccRegs

00007900     1e4 (00007900)     _InputXbarRegs
00007920     1e4 (00007900)     _XbarRegs

00007940     1e5 (00007940)     _SyncSocRegs

00007a00     1e8 (00007a00)     _EPwmXbarRegs

00007a80     1ea (00007a80)     _OutputXbarRegs

00007c00     1f0 (00007c00)     _GpioCtrlRegs

00007f00     1fc (00007f00)     _GpioDataRegs

00007f80     1fe (00007f80)     _GpioDataReadRegs

00008000     200 (00008000)     _CpuTimer0
00008008     200 (00008000)     _CpuTimer1
00008010     200 (00008000)     _CpuTimer2
00008018     200 (00008000)     ___TI_enable_exit_profile_output
0000801a     200 (00008000)     ___TI_cleanup_ptr
0000801c     200 (00008000)     ___TI_dtors_ptr
0000801e     200 (00008000)     _tempSensor_tempSlope
0000801f     200 (00008000)     _tempSensor_tempOffset
00008020     200 (00008000)     _tempSensor_scaleFactor
00008022     200 (00008000)     __lock
00008024     200 (00008000)     __unlock

00048000    1200 (00048000)     _CanaRegs

0005d000    1740 (0005d000)     _DevCfgRegs

0005d200    1748 (0005d200)     _ClkCfgRegs

0005d300    174c (0005d300)     _CpuSysRegs

0005d400    1750 (0005d400)     _SysStatusRegs

0005d700    175c (0005d700)     _AnalogSubsysRegs

0005e700    179c (0005e700)     _Dcc0Regs

0005ec00    17b0 (0005ec00)     _Epg1Regs

0005ecd0    17b3 (0005ecc0)     _Epg1MuxRegs

0005f000    17c0 (0005f000)     _DcsmZ1Regs

0005f080    17c2 (0005f080)     _DcsmZ2Regs

0005f0c0    17c3 (0005f0c0)     _DcsmCommonRegs

0005f400    17d0 (0005f400)     _MemCfgRegs

0005f500    17d4 (0005f500)     _AccessProtectionRegs

0005f540    17d5 (0005f540)     _MemoryErrorRegs

0005f590    17d6 (0005f580)     _TestErrorRegs

0005f800    17e0 (0005f800)     _Flash0CtrlRegs

0005fb00    17ec (0005fb00)     _Flash0EccRegs

00071140    1c45 (00071140)     _UidRegs

00078000    1e00 (00078000)     _DcsmZ1OtpRegs

00078200    1e08 (00078200)     _DcsmZ2OtpRegs


GLOBAL SYMBOLS: SORTED ALPHABETICALLY BY Name 

page  address   name                            
----  -------   ----                            
abs   ffffffff  .text                           
0     000823e5  C$$EXIT                         
0     000822dd  FS$$DIV                         
0     000823bb  L$$DIV                          
0     000823ca  L$$MOD                          
0     000823d8  UL$$DIV                         
0     000823df  UL$$MOD                         
0     000820be  _ADCA1_ISR                      
0     0008224e  _ADCA2_ISR                      
0     00082258  _ADCA3_ISR                      
0     00082262  _ADCA4_ISR                      
0     00082244  _ADCA_EVT_ISR                   
0     000820c8  _ADCC1_ISR                      
0     00082276  _ADCC2_ISR                      
0     00082280  _ADCC3_ISR                      
0     0008228a  _ADCC4_ISR                      
0     0008226c  _ADCC_EVT_ISR                   
1     0005f500  _AccessProtectionRegs           
1     00007400  _AdcaRegs                       
1     00000b00  _AdcaResultRegs                 
1     00007500  _AdccRegs                       
1     00000b40  _AdccResultRegs                 
1     0005d700  _AnalogSubsysRegs               
0     00082230  _CANA0_ISR                      
0     0008223a  _CANA1_ISR                      
1     00048000  _CanaRegs                       
1     0005d200  _ClkCfgRegs                     
1     00005500  _Cmpss1Regs                     
1     00005540  _CmpssLite2Regs                 
1     00005580  _CmpssLite3Regs                 
1     000055c0  _CmpssLite4Regs                 
1     0005d300  _CpuSysRegs                     
0     00008000  _CpuTimer0                      
1     00000c00  _CpuTimer0Regs                  
0     00008008  _CpuTimer1                      
1     00000c08  _CpuTimer1Regs                  
0     00008010  _CpuTimer2                      
1     00000c10  _CpuTimer2Regs                  
0     00082014  _DATALOG_ISR                    
0     000821c2  _DCC0_ISR                       
1     0005e700  _Dcc0Regs                       
1     0005f0c0  _DcsmCommonRegs                 
1     00078000  _DcsmZ1OtpRegs                  
1     0005f000  _DcsmZ1Regs                     
1     00078200  _DcsmZ2OtpRegs                  
1     0005f080  _DcsmZ2Regs                     
1     0005d000  _DevCfgRegs                     
0     00082190  _ECAP1_ISR                      
0     0008219a  _ECAP2_ISR                      
1     00005200  _ECap1Regs                      
1     00005240  _ECap2Regs                      
0     000822c6  _EMPTY_ISR                      
0     00082028  _EMU_ISR                        
0     0008214a  _EPWM1_ISR                      
0     00082104  _EPWM1_TZ_ISR                   
0     00082154  _EPWM2_ISR                      
0     0008210e  _EPWM2_TZ_ISR                   
0     0008215e  _EPWM3_ISR                      
0     00082118  _EPWM3_TZ_ISR                   
0     00082168  _EPWM4_ISR                      
0     00082122  _EPWM4_TZ_ISR                   
0     00082172  _EPWM5_ISR                      
0     0008212c  _EPWM5_TZ_ISR                   
0     0008217c  _EPWM6_ISR                      
0     00082136  _EPWM6_TZ_ISR                   
0     00082186  _EPWM7_ISR                      
0     00082140  _EPWM7_TZ_ISR                   
1     00004000  _EPwm1Regs                      
1     00004100  _EPwm2Regs                      
1     00004200  _EPwm3Regs                      
1     00004300  _EPwm4Regs                      
1     00004400  _EPwm5Regs                      
1     00004500  _EPwm6Regs                      
1     00004600  _EPwm7Regs                      
1     00007a00  _EPwmXbarRegs                   
0     000821a4  _EQEP1_ISR                      
1     00005100  _EQep1Regs                      
1     0005ecd0  _Epg1MuxRegs                    
1     0005ec00  _Epg1Regs                       
0     00008028  _F28x_usDelay                   
0     000822b2  _FLSS_ISR                       
1     0005f800  _Flash0CtrlRegs                 
1     0005fb00  _Flash0EccRegs                  
1     00007c00  _GpioCtrlRegs                   
1     00007f80  _GpioDataReadRegs               
1     00007f00  _GpioDataRegs                   
0     000821d6  _I2CA_FIFO_ISR                  
0     000821cc  _I2CA_ISR                       
0     000821ea  _I2CB_FIFO_ISR                  
0     000821e0  _I2CB_ISR                       
1     00007300  _I2caRegs                       
1     00007340  _I2cbRegs                       
0     0008203c  _ILLEGAL_ISR                    
1     00007900  _InputXbarRegs                  
1     0005f400  _MemCfgRegs                     
1     0005f540  _MemoryErrorRegs                
0     00082032  _NMI_ISR                        
0     000822d3  _NOTUSED_ISR                    
1     00007060  _NmiIntruptRegs                 
1     00007a80  _OutputXbarRegs                 
0     000822bc  _PIE_RESERVED_ISR               
1     00000ce0  _PieCtrlRegs                    
1     00000d00  _PieVectTable                   
0     0008201e  _RTOS_ISR                       
0     0008002c  _RamfuncsLoadEnd                
abs   00000004  _RamfuncsLoadSize               
0     00080028  _RamfuncsLoadStart              
0     0000802c  _RamfuncsRunEnd                 
abs   00000004  _RamfuncsRunSize                
0     00008028  _RamfuncsRunStart               
0     00082208  _SCIA_RX_ISR                    
0     00082212  _SCIA_TX_ISR                    
0     0008221c  _SCIB_RX_ISR                    
0     00082226  _SCIB_TX_ISR                    
0     000821f4  _SCIC_RX_ISR                    
0     000821fe  _SCIC_TX_ISR                    
0     000821ae  _SPIA_RX_ISR                    
0     000821b8  _SPIA_TX_ISR                    
0     000820e6  _SYS_ERR_ISR                    
1     00007200  _SciaRegs                       
1     00007210  _ScibRegs                       
1     00007220  _ScicRegs                       
0     00082472  _SetDBGIER                      
1     00006100  _SpiaRegs                       
1     00007940  _SyncSocRegs                    
1     0005d400  _SysStatusRegs                  
0     000820f0  _TIMER0_ISR                     
0     00082000  _TIMER1_ISR                     
0     0008200a  _TIMER2_ISR                     
1     0005f590  _TestErrorRegs                  
0     000820a0  _USER10_ISR                     
0     000820aa  _USER11_ISR                     
0     000820b4  _USER12_ISR                     
0     00082046  _USER1_ISR                      
0     00082050  _USER2_ISR                      
0     0008205a  _USER3_ISR                      
0     00082064  _USER4_ISR                      
0     0008206e  _USER5_ISR                      
0     00082078  _USER6_ISR                      
0     00082082  _USER7_ISR                      
0     0008208c  _USER8_ISR                      
0     00082096  _USER9_ISR                      
1     00071140  _UidRegs                        
0     000820fa  _WAKE_ISR                       
1     00007000  _WdRegs                         
0     000820d2  _XINT1_ISR                      
0     000820dc  _XINT2_ISR                      
0     00082294  _XINT3_ISR                      
0     0008229e  _XINT4_ISR                      
0     000822a8  _XINT5_ISR                      
1     00007920  _XbarRegs                       
1     00007070  _XintRegs                       
0     00000500  __STACK_END                     
abs   00000100  __STACK_SIZE                    
0     0000801a  ___TI_cleanup_ptr               
0     0000801c  ___TI_dtors_ptr                 
0     00008018  ___TI_enable_exit_profile_output
abs   ffffffff  ___TI_pprof_out_hndl            
abs   ffffffff  ___TI_prof_data_size            
abs   ffffffff  ___TI_prof_data_start           
abs   ffffffff  ___binit__                      
abs   ffffffff  ___c_args__                     
0     00080008  ___cinit__                      
abs   ffffffff  ___etext__                      
abs   ffffffff  ___pinit__                      
abs   ffffffff  ___text__                       
0     0008244f  __args_main                     
0     00008022  __lock                          
0     00082469  __nop                           
0     00082465  __register_lock                 
0     00082461  __register_unlock               
0     00000400  __stack                         
0     00082478  __system_post_cinit             
0     00082475  __system_pre_init               
0     00008024  __unlock                        
0     000823e5  _abort                          
0     00082365  _c_int00                        
0     0008240e  _copy_in                        
0     000823e7  _exit                           
0     00082477  _main                           
0     00082432  _memcpy                         
0     00008020  _tempSensor_scaleFactor         
0     0000801f  _tempSensor_tempOffset          
0     0000801e  _tempSensor_tempSlope           
abs   ffffffff  binit                           
0     00080008  cinit                           
0     00080000  code_start                      
abs   ffffffff  etext                           
abs   ffffffff  pinit                           


GLOBAL SYMBOLS: SORTED BY Symbol Address 

page  address   name                            
----  -------   ----                            
0     00000400  __stack                         
0     00000500  __STACK_END                     
0     00008000  _CpuTimer0                      
0     00008008  _CpuTimer1                      
0     00008010  _CpuTimer2                      
0     00008018  ___TI_enable_exit_profile_output
0     0000801a  ___TI_cleanup_ptr               
0     0000801c  ___TI_dtors_ptr                 
0     0000801e  _tempSensor_tempSlope           
0     0000801f  _tempSensor_tempOffset          
0     00008020  _tempSensor_scaleFactor         
0     00008022  __lock                          
0     00008024  __unlock                        
0     00008028  _F28x_usDelay                   
0     00008028  _RamfuncsRunStart               
0     0000802c  _RamfuncsRunEnd                 
0     00080000  code_start                      
0     00080008  ___cinit__                      
0     00080008  cinit                           
0     00080028  _RamfuncsLoadStart              
0     0008002c  _RamfuncsLoadEnd                
0     00082000  _TIMER1_ISR                     
0     0008200a  _TIMER2_ISR                     
0     00082014  _DATALOG_ISR                    
0     0008201e  _RTOS_ISR                       
0     00082028  _EMU_ISR                        
0     00082032  _NMI_ISR                        
0     0008203c  _ILLEGAL_ISR                    
0     00082046  _USER1_ISR                      
0     00082050  _USER2_ISR                      
0     0008205a  _USER3_ISR                      
0     00082064  _USER4_ISR                      
0     0008206e  _USER5_ISR                      
0     00082078  _USER6_ISR                      
0     00082082  _USER7_ISR                      
0     0008208c  _USER8_ISR                      
0     00082096  _USER9_ISR                      
0     000820a0  _USER10_ISR                     
0     000820aa  _USER11_ISR                     
0     000820b4  _USER12_ISR                     
0     000820be  _ADCA1_ISR                      
0     000820c8  _ADCC1_ISR                      
0     000820d2  _XINT1_ISR                      
0     000820dc  _XINT2_ISR                      
0     000820e6  _SYS_ERR_ISR                    
0     000820f0  _TIMER0_ISR                     
0     000820fa  _WAKE_ISR                       
0     00082104  _EPWM1_TZ_ISR                   
0     0008210e  _EPWM2_TZ_ISR                   
0     00082118  _EPWM3_TZ_ISR                   
0     00082122  _EPWM4_TZ_ISR                   
0     0008212c  _EPWM5_TZ_ISR                   
0     00082136  _EPWM6_TZ_ISR                   
0     00082140  _EPWM7_TZ_ISR                   
0     0008214a  _EPWM1_ISR                      
0     00082154  _EPWM2_ISR                      
0     0008215e  _EPWM3_ISR                      
0     00082168  _EPWM4_ISR                      
0     00082172  _EPWM5_ISR                      
0     0008217c  _EPWM6_ISR                      
0     00082186  _EPWM7_ISR                      
0     00082190  _ECAP1_ISR                      
0     0008219a  _ECAP2_ISR                      
0     000821a4  _EQEP1_ISR                      
0     000821ae  _SPIA_RX_ISR                    
0     000821b8  _SPIA_TX_ISR                    
0     000821c2  _DCC0_ISR                       
0     000821cc  _I2CA_ISR                       
0     000821d6  _I2CA_FIFO_ISR                  
0     000821e0  _I2CB_ISR                       
0     000821ea  _I2CB_FIFO_ISR                  
0     000821f4  _SCIC_RX_ISR                    
0     000821fe  _SCIC_TX_ISR                    
0     00082208  _SCIA_RX_ISR                    
0     00082212  _SCIA_TX_ISR                    
0     0008221c  _SCIB_RX_ISR                    
0     00082226  _SCIB_TX_ISR                    
0     00082230  _CANA0_ISR                      
0     0008223a  _CANA1_ISR                      
0     00082244  _ADCA_EVT_ISR                   
0     0008224e  _ADCA2_ISR                      
0     00082258  _ADCA3_ISR                      
0     00082262  _ADCA4_ISR                      
0     0008226c  _ADCC_EVT_ISR                   
0     00082276  _ADCC2_ISR                      
0     00082280  _ADCC3_ISR                      
0     0008228a  _ADCC4_ISR                      
0     00082294  _XINT3_ISR                      
0     0008229e  _XINT4_ISR                      
0     000822a8  _XINT5_ISR                      
0     000822b2  _FLSS_ISR                       
0     000822bc  _PIE_RESERVED_ISR               
0     000822c6  _EMPTY_ISR                      
0     000822d3  _NOTUSED_ISR                    
0     000822dd  FS$$DIV                         
0     00082365  _c_int00                        
0     000823bb  L$$DIV                          
0     000823ca  L$$MOD                          
0     000823d8  UL$$DIV                         
0     000823df  UL$$MOD                         
0     000823e5  C$$EXIT                         
0     000823e5  _abort                          
0     000823e7  _exit                           
0     0008240e  _copy_in                        
0     00082432  _memcpy                         
0     0008244f  __args_main                     
0     00082461  __register_unlock               
0     00082465  __register_lock                 
0     00082469  __nop                           
0     00082472  _SetDBGIER                      
0     00082475  __system_pre_init               
0     00082477  _main                           
0     00082478  __system_post_cinit             
1     00000b00  _AdcaResultRegs                 
1     00000b40  _AdccResultRegs                 
1     00000c00  _CpuTimer0Regs                  
1     00000c08  _CpuTimer1Regs                  
1     00000c10  _CpuTimer2Regs                  
1     00000ce0  _PieCtrlRegs                    
1     00000d00  _PieVectTable                   
1     00004000  _EPwm1Regs                      
1     00004100  _EPwm2Regs                      
1     00004200  _EPwm3Regs                      
1     00004300  _EPwm4Regs                      
1     00004400  _EPwm5Regs                      
1     00004500  _EPwm6Regs                      
1     00004600  _EPwm7Regs                      
1     00005100  _EQep1Regs                      
1     00005200  _ECap1Regs                      
1     00005240  _ECap2Regs                      
1     00005500  _Cmpss1Regs                     
1     00005540  _CmpssLite2Regs                 
1     00005580  _CmpssLite3Regs                 
1     000055c0  _CmpssLite4Regs                 
1     00006100  _SpiaRegs                       
1     00007000  _WdRegs                         
1     00007060  _NmiIntruptRegs                 
1     00007070  _XintRegs                       
1     00007200  _SciaRegs                       
1     00007210  _ScibRegs                       
1     00007220  _ScicRegs                       
1     00007300  _I2caRegs                       
1     00007340  _I2cbRegs                       
1     00007400  _AdcaRegs                       
1     00007500  _AdccRegs                       
1     00007900  _InputXbarRegs                  
1     00007920  _XbarRegs                       
1     00007940  _SyncSocRegs                    
1     00007a00  _EPwmXbarRegs                   
1     00007a80  _OutputXbarRegs                 
1     00007c00  _GpioCtrlRegs                   
1     00007f00  _GpioDataRegs                   
1     00007f80  _GpioDataReadRegs               
1     00048000  _CanaRegs                       
1     0005d000  _DevCfgRegs                     
1     0005d200  _ClkCfgRegs                     
1     0005d300  _CpuSysRegs                     
1     0005d400  _SysStatusRegs                  
1     0005d700  _AnalogSubsysRegs               
1     0005e700  _Dcc0Regs                       
1     0005ec00  _Epg1Regs                       
1     0005ecd0  _Epg1MuxRegs                    
1     0005f000  _DcsmZ1Regs                     
1     0005f080  _DcsmZ2Regs                     
1     0005f0c0  _DcsmCommonRegs                 
1     0005f400  _MemCfgRegs                     
1     0005f500  _AccessProtectionRegs           
1     0005f540  _MemoryErrorRegs                
1     0005f590  _TestErrorRegs                  
1     0005f800  _Flash0CtrlRegs                 
1     0005fb00  _Flash0EccRegs                  
1     00071140  _UidRegs                        
1     00078000  _DcsmZ1OtpRegs                  
1     00078200  _DcsmZ2OtpRegs                  
abs   00000004  _RamfuncsLoadSize               
abs   00000004  _RamfuncsRunSize                
abs   00000100  __STACK_SIZE                    
abs   ffffffff  .text                           
abs   ffffffff  ___TI_pprof_out_hndl            
abs   ffffffff  ___TI_prof_data_size            
abs   ffffffff  ___TI_prof_data_start           
abs   ffffffff  ___binit__                      
abs   ffffffff  ___c_args__                     
abs   ffffffff  ___etext__                      
abs   ffffffff  ___pinit__                      
abs   ffffffff  ___text__                       
abs   ffffffff  binit                           
abs   ffffffff  etext                           
abs   ffffffff  pinit                           

[189 symbols]
