******************************************************************************
             TMS320C2000 Linker PC v22.6.2                     
******************************************************************************
>> Linked Wed Jun 18 02:07:10 2025

OUTPUT FILE NAME:   <P200W_ACDC_DSP_2800137_V1.000.out>
ENTRY POINT SYMBOL: "code_start"  address: 00080000


MEMORY CONFIGURATION

         name            origin    length      used     unused   attr    fill
----------------------  --------  ---------  --------  --------  ----  --------
PAGE 0:
  BOOT_RSVD             00000002   00000126  00000000  00000126  RWIX
  RAMM0                 00000128   000002d8  00000000  000002d8  RWIX
  RAMM1                 00000400   000003f8  00000100  000002f8  RWIX
  RAMLS0                00008000   00002000  0000013b  00001ec5  RWIX
  RAMLS1                0000a000   00001ff8  00000000  00001ff8  RWIX
  BEGIN                 00080000   00000002  00000002  00000000  RWIX
  FLASH_BANK0_SEC_0_7   00080002   00001ffe  0000003d  00001fc1  RWIX
  FLASH_BANK0_SEC_8_15  00082000   00002000  00000b67  00001499  RWIX
  FLASH_BANK0_SEC_16_23 00084000   00002000  00000000  00002000  RWIX
  FLASH_BANK0_SEC_24_31 00086000   00002000  00000000  00002000  RWIX
  FLASH_BANK0_SEC_32_39 00088000   00002000  00000100  00001f00  RWIX
  FLASH_BANK0_SEC_40_47 0008a000   00002000  00000000  00002000  RWIX
  FLASH_BANK0_SEC_48_55 0008c000   00002000  00000000  00002000  RWIX
  FLASH_BANK0_SEC_56_63 0008e000   00002000  00000000  00002000  RWIX
  FLASH_BANK0_SEC_64_71 00090000   00002000  00000000  00002000  RWIX
  FLASH_BANK0_SEC_72_79 00092000   00002000  00000000  00002000  RWIX
  FLASH_BANK0_SEC_80_87 00094000   00002000  00000000  00002000  RWIX
  FLASH_BANK0_SEC_88_95 00096000   00002000  00000000  00002000  RWIX
  FLASH_BANK0_SEC_96_10 00098000   00002000  00000000  00002000  RWIX
  FLASH_BANK0_SEC_104_1 0009a000   00002000  00000000  00002000  RWIX
  FLASH_BANK0_SEC_112_1 0009c000   00002000  00000000  00002000  RWIX
  FLASH_BANK0_SEC_120_1 0009e000   00001ff0  00000000  00001ff0  RWIX
  RESET                 003fffc0   00000002  00000000  00000002  RWIX

PAGE 1:
  ADCARESULT            00000b00   00000018  00000018  00000000  RWIX
  ADCCRESULT            00000b40   00000018  00000018  00000000  RWIX
  CPUTIMER0             00000c00   00000008  00000008  00000000  RWIX
  CPUTIMER1             00000c08   00000008  00000008  00000000  RWIX
  CPUTIMER2             00000c10   00000008  00000008  00000000  RWIX
  PIECTRL               00000ce0   0000001a  0000001a  00000000  RWIX
  PIEVECTTABLE          00000d00   00000200  00000100  00000100  RWIX
  EPWM1                 00004000   00000100  00000100  00000000  RWIX
  EPWM2                 00004100   00000100  00000100  00000000  RWIX
  EPWM3                 00004200   00000100  00000100  00000000  RWIX
  EPWM4                 00004300   00000100  00000100  00000000  RWIX
  EPWM5                 00004400   00000100  00000100  00000000  RWIX
  EPWM6                 00004500   00000100  00000100  00000000  RWIX
  EPWM7                 00004600   00000100  00000100  00000000  RWIX
  EQEP1                 00005100   00000040  00000038  00000008  RWIX
  ECAP1                 00005200   00000020  00000020  00000000  RWIX
  ECAP2                 00005240   00000020  00000020  00000000  RWIX
  CMPSS1                00005500   00000040  0000001b  00000025  RWIX
  CMPSSLITE2            00005540   00000040  0000001b  00000025  RWIX
  CMPSSLITE3            00005580   00000040  0000001b  00000025  RWIX
  CMPSSLITE4            000055c0   00000040  0000001b  00000025  RWIX
  SPIA                  00006100   00000010  00000010  00000000  RWIX
  WD                    00007000   0000002c  0000002b  00000001  RWIX
  NMIINTRUPT            00007060   00000010  0000000c  00000004  RWIX
  XINT                  00007070   0000000c  0000000b  00000001  RWIX
  SCIA                  00007200   00000010  00000010  00000000  RWIX
  SCIB                  00007210   00000010  00000010  00000000  RWIX
  SCIC                  00007220   00000010  00000010  00000000  RWIX
  I2CA                  00007300   00000022  00000022  00000000  RWIX
  I2CB                  00007340   00000022  00000022  00000000  RWIX
  ADCA                  00007400   00000080  00000076  0000000a  RWIX
  ADCC                  00007500   00000080  00000076  0000000a  RWIX
  INPUTXBAR             00007900   00000020  00000020  00000000  RWIX
  XBAR                  00007920   00000020  00000010  00000010  RWIX
  SYNCSOC               00007940   00000006  00000006  00000000  RWIX
  EPWMXBAR              00007a00   00000040  00000040  00000000  RWIX
  OUTPUTXBAR            00007a80   00000040  00000040  00000000  RWIX
  GPIOCTRL              00007c00   00000200  00000200  00000000  RWIX
  GPIODATA              00007f00   00000040  00000040  00000000  RWIX
  GPIODATAREAD          00007f80   00000010  00000010  00000000  RWIX
  CANA                  00048000   00000200  00000164  0000009c  RWIX
  DEVCFG                0005d000   000001ac  0000019c  00000010  RWIX
  CLKCFG                0005d200   00000100  0000003e  000000c2  RWIX
  CPUSYS                0005d300   00000100  000000b0  00000050  RWIX
  SYSSTATUS             0005d400   00000040  00000018  00000028  RWIX
  ANALOGSUBSYS          0005d700   0000012a  0000011a  00000010  RWIX
  DCC0                  0005e700   00000038  0000002c  0000000c  RWIX
  EPG1                  0005ec00   00000050  00000040  00000010  RWIX
  EPG1MUX               0005ecd0   00000010  00000010  00000000  RWIX
  DCSMZ1                0005f000   0000003e  0000003e  00000000  RWIX
  DCSMZ2                0005f080   0000003e  0000002c  00000012  RWIX
  DCSMCOMMON            0005f0c0   00000040  00000028  00000018  RWIX
  MEMCFG                0005f400   000000c0  000000a6  0000001a  RWIX
  ACCESSPROTECTION      0005f500   0000003e  0000002c  00000012  RWIX
  MEMORYERROR           0005f540   00000040  0000003a  00000006  RWIX
  TESTERROR             0005f590   00000010  00000006  0000000a  RWIX
  FLASH0CTRL            0005f800   00000182  00000182  00000000  RWIX
  FLASH0ECC             0005fb00   00000028  00000022  00000006  RWIX
  UID                   00071140   00000010  00000010  00000000  RWIX
  DCSMZ1OTP             00078000   00000020  00000020  00000000  RWIX
  DCSMZ2OTP             00078200   00000020  00000012  0000000e  RWIX


SECTION ALLOCATION MAP

 output                                  attributes/
section   page    origin      length       input sections
--------  ----  ----------  ----------   ----------------
codestart 
*          0    00080000    00000002     
                  00080000    00000002     f280013x_codestartbranch.obj (codestart)

.cinit     0    00080030    0000001a     
                  00080030    0000000e     rts2800_fpu32.lib : exit.c.obj (.cinit)
                  0008003e    00000005                       : _lock.c.obj (.cinit:__lock)
                  00080043    00000005                       : _lock.c.obj (.cinit:__unlock)
                  00080048    00000002     --HOLE-- [fill = 0]

.reset     0    003fffc0    00000002     DSECT
                  003fffc0    00000002     rts2800_fpu32.lib : boot28.asm.obj (.reset)

.stack     0    00000400    00000100     UNINITIALIZED
                  00000400    00000100     --HOLE--

.pinit     0    00080008    00000000     UNINITIALIZED

.ebss      0    00008000    00000118     UNINITIALIZED
                  00008000    000000f0     BSP_Adc.obj (.ebss)
                  000080f0    00000006     rts2800_fpu32.lib : exit.c.obj (.ebss)
                  000080f6    00000004     f280013x_tempsensorconv.obj (.ebss)
                  000080fa    00000002     rts2800_fpu32.lib : _lock.c.obj (.ebss:__lock)
                  000080fc    00000002                       : _lock.c.obj (.ebss:__unlock)
                  000080fe    00000002     --HOLE--
                  00008100    00000018     f280013x_cputimers.obj (.ebss)

.TI.ramfunc 
*          0    00080008    00000023     RUN ADDR = 00008118
                  00080008    0000001f     f280013x_sysctrl.obj (.TI.ramfunc)
                  00080027    00000004     f280013x_usdelay.obj (.TI.ramfunc)

AdcaResultRegsFile 
*          1    00000b00    00000018     UNINITIALIZED
                  00000b00    00000018     f280013x_globalvariabledefs.obj (AdcaResultRegsFile)

AdccResultRegsFile 
*          1    00000b40    00000018     UNINITIALIZED
                  00000b40    00000018     f280013x_globalvariabledefs.obj (AdccResultRegsFile)

CpuTimer0RegsFile 
*          1    00000c00    00000008     UNINITIALIZED
                  00000c00    00000008     f280013x_globalvariabledefs.obj (CpuTimer0RegsFile)

CpuTimer1RegsFile 
*          1    00000c08    00000008     UNINITIALIZED
                  00000c08    00000008     f280013x_globalvariabledefs.obj (CpuTimer1RegsFile)

CpuTimer2RegsFile 
*          1    00000c10    00000008     UNINITIALIZED
                  00000c10    00000008     f280013x_globalvariabledefs.obj (CpuTimer2RegsFile)

PieCtrlRegsFile 
*          1    00000ce0    0000001a     UNINITIALIZED
                  00000ce0    0000001a     f280013x_globalvariabledefs.obj (PieCtrlRegsFile)

PieVectTableFile 
*          1    00000d00    00000100     UNINITIALIZED
                  00000d00    00000100     f280013x_globalvariabledefs.obj (PieVectTableFile)

EmuKeyVar 
*          1    00000d00    00000000     UNINITIALIZED

EmuBModeVar 
*          1    00000d00    00000000     UNINITIALIZED

EmuBootPinsVar 
*          1    00000d00    00000000     UNINITIALIZED

FlashCallbackVar 
*          1    00000d00    00000000     UNINITIALIZED

FlashScalingVar 
*          1    00000d00    00000000     UNINITIALIZED

EPwm1RegsFile 
*          1    00004000    00000100     UNINITIALIZED
                  00004000    00000100     f280013x_globalvariabledefs.obj (EPwm1RegsFile)

EPwm2RegsFile 
*          1    00004100    00000100     UNINITIALIZED
                  00004100    00000100     f280013x_globalvariabledefs.obj (EPwm2RegsFile)

EPwm3RegsFile 
*          1    00004200    00000100     UNINITIALIZED
                  00004200    00000100     f280013x_globalvariabledefs.obj (EPwm3RegsFile)

EPwm4RegsFile 
*          1    00004300    00000100     UNINITIALIZED
                  00004300    00000100     f280013x_globalvariabledefs.obj (EPwm4RegsFile)

EPwm5RegsFile 
*          1    00004400    00000100     UNINITIALIZED
                  00004400    00000100     f280013x_globalvariabledefs.obj (EPwm5RegsFile)

EPwm6RegsFile 
*          1    00004500    00000100     UNINITIALIZED
                  00004500    00000100     f280013x_globalvariabledefs.obj (EPwm6RegsFile)

EPwm7RegsFile 
*          1    00004600    00000100     UNINITIALIZED
                  00004600    00000100     f280013x_globalvariabledefs.obj (EPwm7RegsFile)

EQep1RegsFile 
*          1    00005100    00000038     UNINITIALIZED
                  00005100    00000038     f280013x_globalvariabledefs.obj (EQep1RegsFile)

ECap1RegsFile 
*          1    00005200    00000020     UNINITIALIZED
                  00005200    00000020     f280013x_globalvariabledefs.obj (ECap1RegsFile)

ECap2RegsFile 
*          1    00005240    00000020     UNINITIALIZED
                  00005240    00000020     f280013x_globalvariabledefs.obj (ECap2RegsFile)

Cmpss1RegsFile 
*          1    00005500    0000001b     UNINITIALIZED
                  00005500    0000001b     f280013x_globalvariabledefs.obj (Cmpss1RegsFile)

CmpssLite2RegsFile 
*          1    00005540    0000001b     UNINITIALIZED
                  00005540    0000001b     f280013x_globalvariabledefs.obj (CmpssLite2RegsFile)

CmpssLite3RegsFile 
*          1    00005580    0000001b     UNINITIALIZED
                  00005580    0000001b     f280013x_globalvariabledefs.obj (CmpssLite3RegsFile)

CmpssLite4RegsFile 
*          1    000055c0    0000001b     UNINITIALIZED
                  000055c0    0000001b     f280013x_globalvariabledefs.obj (CmpssLite4RegsFile)

SpiaRegsFile 
*          1    00006100    00000010     UNINITIALIZED
                  00006100    00000010     f280013x_globalvariabledefs.obj (SpiaRegsFile)

WdRegsFile 
*          1    00007000    0000002b     UNINITIALIZED
                  00007000    0000002b     f280013x_globalvariabledefs.obj (WdRegsFile)

NmiIntruptRegsFile 
*          1    00007060    0000000c     UNINITIALIZED
                  00007060    0000000c     f280013x_globalvariabledefs.obj (NmiIntruptRegsFile)

XintRegsFile 
*          1    00007070    0000000b     UNINITIALIZED
                  00007070    0000000b     f280013x_globalvariabledefs.obj (XintRegsFile)

SciaRegsFile 
*          1    00007200    00000010     UNINITIALIZED
                  00007200    00000010     f280013x_globalvariabledefs.obj (SciaRegsFile)

ScibRegsFile 
*          1    00007210    00000010     UNINITIALIZED
                  00007210    00000010     f280013x_globalvariabledefs.obj (ScibRegsFile)

ScicRegsFile 
*          1    00007220    00000010     UNINITIALIZED
                  00007220    00000010     f280013x_globalvariabledefs.obj (ScicRegsFile)

I2caRegsFile 
*          1    00007300    00000022     UNINITIALIZED
                  00007300    00000022     f280013x_globalvariabledefs.obj (I2caRegsFile)

I2cbRegsFile 
*          1    00007340    00000022     UNINITIALIZED
                  00007340    00000022     f280013x_globalvariabledefs.obj (I2cbRegsFile)

AdcaRegsFile 
*          1    00007400    00000076     UNINITIALIZED
                  00007400    00000076     f280013x_globalvariabledefs.obj (AdcaRegsFile)

AdccRegsFile 
*          1    00007500    00000076     UNINITIALIZED
                  00007500    00000076     f280013x_globalvariabledefs.obj (AdccRegsFile)

InputXbarRegsFile 
*          1    00007900    00000020     UNINITIALIZED
                  00007900    00000020     f280013x_globalvariabledefs.obj (InputXbarRegsFile)

XbarRegsFile 
*          1    00007920    00000010     UNINITIALIZED
                  00007920    00000010     f280013x_globalvariabledefs.obj (XbarRegsFile)

SyncSocRegsFile 
*          1    00007940    00000006     UNINITIALIZED
                  00007940    00000006     f280013x_globalvariabledefs.obj (SyncSocRegsFile)

EPwmXbarRegsFile 
*          1    00007a00    00000040     UNINITIALIZED
                  00007a00    00000040     f280013x_globalvariabledefs.obj (EPwmXbarRegsFile)

OutputXbarRegsFile 
*          1    00007a80    00000040     UNINITIALIZED
                  00007a80    00000040     f280013x_globalvariabledefs.obj (OutputXbarRegsFile)

GpioCtrlRegsFile 
*          1    00007c00    00000200     UNINITIALIZED
                  00007c00    00000200     f280013x_globalvariabledefs.obj (GpioCtrlRegsFile)

GpioDataRegsFile 
*          1    00007f00    00000040     UNINITIALIZED
                  00007f00    00000040     f280013x_globalvariabledefs.obj (GpioDataRegsFile)

GpioDataReadRegsFile 
*          1    00007f80    00000010     UNINITIALIZED
                  00007f80    00000010     f280013x_globalvariabledefs.obj (GpioDataReadRegsFile)

CanaRegsFile 
*          1    00048000    00000164     UNINITIALIZED
                  00048000    00000164     f280013x_globalvariabledefs.obj (CanaRegsFile)

DevCfgRegsFile 
*          1    0005d000    0000019c     UNINITIALIZED
                  0005d000    0000019c     f280013x_globalvariabledefs.obj (DevCfgRegsFile)

ClkCfgRegsFile 
*          1    0005d200    0000003e     UNINITIALIZED
                  0005d200    0000003e     f280013x_globalvariabledefs.obj (ClkCfgRegsFile)

CpuSysRegsFile 
*          1    0005d300    000000b0     UNINITIALIZED
                  0005d300    000000b0     f280013x_globalvariabledefs.obj (CpuSysRegsFile)

SysStatusRegsFile 
*          1    0005d400    00000018     UNINITIALIZED
                  0005d400    00000018     f280013x_globalvariabledefs.obj (SysStatusRegsFile)

AnalogSubsysRegsFile 
*          1    0005d700    0000011a     UNINITIALIZED
                  0005d700    0000011a     f280013x_globalvariabledefs.obj (AnalogSubsysRegsFile)

Dcc0RegsFile 
*          1    0005e700    0000002c     UNINITIALIZED
                  0005e700    0000002c     f280013x_globalvariabledefs.obj (Dcc0RegsFile)

Epg1RegsFile 
*          1    0005ec00    00000040     UNINITIALIZED
                  0005ec00    00000040     f280013x_globalvariabledefs.obj (Epg1RegsFile)

Epg1MuxRegsFile 
*          1    0005ecd0    00000010     UNINITIALIZED
                  0005ecd0    00000010     f280013x_globalvariabledefs.obj (Epg1MuxRegsFile)

DcsmZ1RegsFile 
*          1    0005f000    0000003e     UNINITIALIZED
                  0005f000    0000003e     f280013x_globalvariabledefs.obj (DcsmZ1RegsFile)

DcsmZ2RegsFile 
*          1    0005f080    0000002c     UNINITIALIZED
                  0005f080    0000002c     f280013x_globalvariabledefs.obj (DcsmZ2RegsFile)

DcsmCommonRegsFile 
*          1    0005f0c0    00000028     UNINITIALIZED
                  0005f0c0    00000028     f280013x_globalvariabledefs.obj (DcsmCommonRegsFile)

MemCfgRegsFile 
*          1    0005f400    000000a6     UNINITIALIZED
                  0005f400    000000a6     f280013x_globalvariabledefs.obj (MemCfgRegsFile)

AccessProtectionRegsFile 
*          1    0005f500    0000002c     UNINITIALIZED
                  0005f500    0000002c     f280013x_globalvariabledefs.obj (AccessProtectionRegsFile)

MemoryErrorRegsFile 
*          1    0005f540    0000003a     UNINITIALIZED
                  0005f540    0000003a     f280013x_globalvariabledefs.obj (MemoryErrorRegsFile)

TestErrorRegsFile 
*          1    0005f590    00000006     UNINITIALIZED
                  0005f590    00000006     f280013x_globalvariabledefs.obj (TestErrorRegsFile)

Flash0CtrlRegsFile 
*          1    0005f800    00000182     UNINITIALIZED
                  0005f800    00000182     f280013x_globalvariabledefs.obj (Flash0CtrlRegsFile)

Flash0EccRegsFile 
*          1    0005fb00    00000022     UNINITIALIZED
                  0005fb00    00000022     f280013x_globalvariabledefs.obj (Flash0EccRegsFile)

UidRegsFile 
*          1    00071140    00000010     UNINITIALIZED
                  00071140    00000010     f280013x_globalvariabledefs.obj (UidRegsFile)

DcsmZ1OtpRegsFile 
*          1    00078000    00000020     UNINITIALIZED
                  00078000    00000020     f280013x_globalvariabledefs.obj (DcsmZ1OtpRegsFile)

DcsmZ2OtpRegsFile 
*          1    00078200    00000012     UNINITIALIZED
                  00078200    00000012     f280013x_globalvariabledefs.obj (DcsmZ2OtpRegsFile)

.text      0    00082000    00000b67     
                  00082000    000002f3     f280013x_sysctrl.obj (.text)
                  000822f3    000002dd     f280013x_defaultisr.obj (.text:retain)
                  000825d0    000001e2     f280013x_gpio.obj (.text)
                  000827b2    000001b0     BSP_Gpio.obj (.text)
                  00082962    00000088     rts2800_fpu32.lib : fs_div28.asm.obj (.text)
                  000829ea    00000056                       : boot28.asm.obj (.text)
                  00082a40    0000002a                       : l_div28.asm.obj (.text)
                  00082a6a    00000029                       : exit.c.obj (.text)
                  00082a93    00000028     f280013x_piectrl.obj (.text)
                  00082abb    00000025     f280013x_pievect.obj (.text)
                  00082ae0    00000024     rts2800_fpu32.lib : cpy_tbl.c.obj (.text)
                  00082b04    0000001d                       : memcpy.c.obj (.text)
                  00082b21    00000012                       : args_main.c.obj (.text)
                  00082b33    0000000f     main.obj (.text)
                  00082b42    0000000e     Init.obj (.text)
                  00082b50    00000009     rts2800_fpu32.lib : _lock.c.obj (.text)
                  00082b59    00000008     f280013x_codestartbranch.obj (.text)
                  00082b61    00000003     f280013x_dbgier.obj (.text)
                  00082b64    00000002     rts2800_fpu32.lib : pre_init.c.obj (.text)
                  00082b66    00000001                       : startup.c.obj (.text)

.econst    0    00088000    00000100     
                  00088000    00000100     f280013x_pievect.obj (.econst:_PieVectTableInit)

MODULE SUMMARY

       Module                            code   initialized data   uninitialized data
       ------                            ----   ----------------   ------------------
    .\01_App\Source\
       main.obj                          15     0                  0                 
       Init.obj                          14     0                  0                 
    +--+---------------------------------+------+------------------+--------------------+
       Total:                            29     0                  0                 
                                                                                     
    .\05_BSP\Source\
       BSP_Gpio.obj                      432    0                  0                 
       BSP_Adc.obj                       0      0                  240               
    +--+---------------------------------+------+------------------+--------------------+
       Total:                            432    0                  240               
                                                                                     
    .\06_CSP\Source\
       f280013x_globalvariabledefs.obj   0      0                  5924              
       f280013x_sysctrl.obj              817    0                  0                 
       f280013x_defaultisr.obj           733    0                  0                 
       f280013x_gpio.obj                 482    0                  0                 
       f280013x_pievect.obj              37     256                0                 
       f280013x_piectrl.obj              40     0                  0                 
       f280013x_cputimers.obj            0      0                  24                
       f280013x_codestartbranch.obj      10     0                  0                 
       f280013x_usdelay.obj              8      0                  0                 
       f280013x_tempsensorconv.obj       0      0                  4                 
       f280013x_dbgier.obj               3      0                  0                 
    +--+---------------------------------+------+------------------+--------------------+
       Total:                            2130   256                5952              
                                                                                     
    D:\ti\ccs2020\ccs\tools\compiler\ti-cgt-c2000_22.6.2.LTS\lib\rts2800_fpu32.lib
       fs_div28.asm.obj                  136    0                  0                 
       boot28.asm.obj                    86     0                  0                 
       exit.c.obj                        41     14                 6                 
       l_div28.asm.obj                   42     0                  0                 
       cpy_tbl.c.obj                     36     0                  0                 
       memcpy.c.obj                      29     0                  0                 
       _lock.c.obj                       9      10                 4                 
       args_main.c.obj                   18     0                  0                 
       pre_init.c.obj                    2      0                  0                 
       startup.c.obj                     1      0                  0                 
    +--+---------------------------------+------+------------------+--------------------+
       Total:                            400    24                 10                
                                                                                     
       Stack:                            0      0                  256               
    +--+---------------------------------+------+------------------+--------------------+
       Grand Total:                      2991   280                6458              


GLOBAL DATA SYMBOLS: SORTED BY DATA PAGE

address     data page           name
--------    ----------------    ----
00000400      10 (00000400)     __stack

00000b00      2c (00000b00)     _AdcaResultRegs

00000b40      2d (00000b40)     _AdccResultRegs

00000c00      30 (00000c00)     _CpuTimer0Regs
00000c08      30 (00000c00)     _CpuTimer1Regs
00000c10      30 (00000c00)     _CpuTimer2Regs

00000ce0      33 (00000cc0)     _PieCtrlRegs

00000d00      34 (00000d00)     _PieVectTable

00004000     100 (00004000)     _EPwm1Regs

00004100     104 (00004100)     _EPwm2Regs

00004200     108 (00004200)     _EPwm3Regs

00004300     10c (00004300)     _EPwm4Regs

00004400     110 (00004400)     _EPwm5Regs

00004500     114 (00004500)     _EPwm6Regs

00004600     118 (00004600)     _EPwm7Regs

00005100     144 (00005100)     _EQep1Regs

00005200     148 (00005200)     _ECap1Regs

00005240     149 (00005240)     _ECap2Regs

00005500     154 (00005500)     _Cmpss1Regs

00005540     155 (00005540)     _CmpssLite2Regs

00005580     156 (00005580)     _CmpssLite3Regs

000055c0     157 (000055c0)     _CmpssLite4Regs

00006100     184 (00006100)     _SpiaRegs

00007000     1c0 (00007000)     _WdRegs

00007060     1c1 (00007040)     _NmiIntruptRegs
00007070     1c1 (00007040)     _XintRegs

00007200     1c8 (00007200)     _SciaRegs
00007210     1c8 (00007200)     _ScibRegs
00007220     1c8 (00007200)     _ScicRegs

00007300     1cc (00007300)     _I2caRegs

00007340     1cd (00007340)     _I2cbRegs

00007400     1d0 (00007400)     _AdcaRegs

00007500     1d4 (00007500)     _AdccRegs

00007900     1e4 (00007900)     _InputXbarRegs
00007920     1e4 (00007900)     _XbarRegs

00007940     1e5 (00007940)     _SyncSocRegs

00007a00     1e8 (00007a00)     _EPwmXbarRegs

00007a80     1ea (00007a80)     _OutputXbarRegs

00007c00     1f0 (00007c00)     _GpioCtrlRegs

00007f00     1fc (00007f00)     _GpioDataRegs

00007f80     1fe (00007f80)     _GpioDataReadRegs

000080f0     203 (000080c0)     ___TI_enable_exit_profile_output
000080f2     203 (000080c0)     ___TI_cleanup_ptr
000080f4     203 (000080c0)     ___TI_dtors_ptr
000080f6     203 (000080c0)     _tempSensor_tempSlope
000080f7     203 (000080c0)     _tempSensor_tempOffset
000080f8     203 (000080c0)     _tempSensor_scaleFactor
000080fa     203 (000080c0)     __lock
000080fc     203 (000080c0)     __unlock

00008100     204 (00008100)     _CpuTimer0
00008108     204 (00008100)     _CpuTimer1
00008110     204 (00008100)     _CpuTimer2

00048000    1200 (00048000)     _CanaRegs

0005d000    1740 (0005d000)     _DevCfgRegs

0005d200    1748 (0005d200)     _ClkCfgRegs

0005d300    174c (0005d300)     _CpuSysRegs

0005d400    1750 (0005d400)     _SysStatusRegs

0005d700    175c (0005d700)     _AnalogSubsysRegs

0005e700    179c (0005e700)     _Dcc0Regs

0005ec00    17b0 (0005ec00)     _Epg1Regs

0005ecd0    17b3 (0005ecc0)     _Epg1MuxRegs

0005f000    17c0 (0005f000)     _DcsmZ1Regs

0005f080    17c2 (0005f080)     _DcsmZ2Regs

0005f0c0    17c3 (0005f0c0)     _DcsmCommonRegs

0005f400    17d0 (0005f400)     _MemCfgRegs

0005f500    17d4 (0005f500)     _AccessProtectionRegs

0005f540    17d5 (0005f540)     _MemoryErrorRegs

0005f590    17d6 (0005f580)     _TestErrorRegs

0005f800    17e0 (0005f800)     _Flash0CtrlRegs

0005fb00    17ec (0005fb00)     _Flash0EccRegs

00071140    1c45 (00071140)     _UidRegs

00078000    1e00 (00078000)     _DcsmZ1OtpRegs

00078200    1e08 (00078200)     _DcsmZ2OtpRegs

00088000    2200 (00088000)     _PieVectTableInit


GLOBAL SYMBOLS: SORTED ALPHABETICALLY BY Name 

page  address   name                            
----  -------   ----                            
abs   ffffffff  .text                           
0     00082a6a  C$$EXIT                         
0     00082962  FS$$DIV                         
0     00082a40  L$$DIV                          
0     00082a4f  L$$MOD                          
0     00082a5d  UL$$DIV                         
0     00082a64  UL$$MOD                         
0     000823b1  _ADCA1_ISR                      
0     00082541  _ADCA2_ISR                      
0     0008254b  _ADCA3_ISR                      
0     00082555  _ADCA4_ISR                      
0     00082537  _ADCA_EVT_ISR                   
0     000823bb  _ADCC1_ISR                      
0     00082569  _ADCC2_ISR                      
0     00082573  _ADCC3_ISR                      
0     0008257d  _ADCC4_ISR                      
0     0008255f  _ADCC_EVT_ISR                   
1     0005f500  _AccessProtectionRegs           
1     00007400  _AdcaRegs                       
1     00000b00  _AdcaResultRegs                 
1     00007500  _AdccRegs                       
1     00000b40  _AdccResultRegs                 
1     0005d700  _AnalogSubsysRegs               
0     00082523  _CANA0_ISR                      
0     0008252d  _CANA1_ISR                      
1     00048000  _CanaRegs                       
1     0005d200  _ClkCfgRegs                     
1     00005500  _Cmpss1Regs                     
1     00005540  _CmpssLite2Regs                 
1     00005580  _CmpssLite3Regs                 
1     000055c0  _CmpssLite4Regs                 
0     00082283  _ComputeCntrSeedValue           
1     0005d300  _CpuSysRegs                     
0     00008100  _CpuTimer0                      
1     00000c00  _CpuTimer0Regs                  
0     00008108  _CpuTimer1                      
1     00000c08  _CpuTimer1Regs                  
0     00008110  _CpuTimer2                      
1     00000c10  _CpuTimer2Regs                  
0     00082307  _DATALOG_ISR                    
0     000824b5  _DCC0_ISR                       
1     0005e700  _Dcc0Regs                       
1     0005f0c0  _DcsmCommonRegs                 
1     00078000  _DcsmZ1OtpRegs                  
1     0005f000  _DcsmZ1Regs                     
1     00078200  _DcsmZ2OtpRegs                  
1     0005f080  _DcsmZ2Regs                     
1     0005d000  _DevCfgRegs                     
0     00082081  _DisableDog                     
0     00082060  _DisablePeripheralClocks        
0     00082483  _ECAP1_ISR                      
0     0008248d  _ECAP2_ISR                      
1     00005200  _ECap1Regs                      
1     00005240  _ECap2Regs                      
0     000825b9  _EMPTY_ISR                      
0     0008231b  _EMU_ISR                        
0     0008243d  _EPWM1_ISR                      
0     000823f7  _EPWM1_TZ_ISR                   
0     00082447  _EPWM2_ISR                      
0     00082401  _EPWM2_TZ_ISR                   
0     00082451  _EPWM3_ISR                      
0     0008240b  _EPWM3_TZ_ISR                   
0     0008245b  _EPWM4_ISR                      
0     00082415  _EPWM4_TZ_ISR                   
0     00082465  _EPWM5_ISR                      
0     0008241f  _EPWM5_TZ_ISR                   
0     0008246f  _EPWM6_ISR                      
0     00082429  _EPWM6_TZ_ISR                   
0     00082479  _EPWM7_ISR                      
0     00082433  _EPWM7_TZ_ISR                   
1     00004000  _EPwm1Regs                      
1     00004100  _EPwm2Regs                      
1     00004200  _EPwm3Regs                      
1     00004300  _EPwm4Regs                      
1     00004400  _EPwm5Regs                      
1     00004500  _EPwm6Regs                      
1     00004600  _EPwm7Regs                      
1     00007a00  _EPwmXbarRegs                   
0     00082497  _EQEP1_ISR                      
1     00005100  _EQep1Regs                      
0     00082ab2  _EnableInterrupts               
1     0005ecd0  _Epg1MuxRegs                    
1     0005ec00  _Epg1Regs                       
0     00008137  _F28x_usDelay                   
0     000825a5  _FLSS_ISR                       
1     0005f800  _Flash0CtrlRegs                 
1     0005fb00  _Flash0EccRegs                  
0     0008277d  _GPIO_ReadPin                   
0     00082728  _GPIO_SetupLock                 
0     0008260d  _GPIO_SetupPinMux               
0     00082696  _GPIO_SetupPinOptions           
0     00082750  _GPIO_SetupXINT1Gpio            
0     00082759  _GPIO_SetupXINT2Gpio            
0     00082762  _GPIO_SetupXINT3Gpio            
0     0008276b  _GPIO_SetupXINT4Gpio            
0     00082774  _GPIO_SetupXINT5Gpio            
0     00082794  _GPIO_WritePin                  
1     00007c00  _GpioCtrlRegs                   
1     00007f80  _GpioDataReadRegs               
1     00007f00  _GpioDataRegs                   
0     000821dd  _HALT                           
0     000824c9  _I2CA_FIFO_ISR                  
0     000824bf  _I2CA_ISR                       
0     000824dd  _I2CB_FIFO_ISR                  
0     000824d3  _I2CB_ISR                       
1     00007300  _I2caRegs                       
1     00007340  _I2cbRegs                       
0     000821d4  _IDLE                           
0     0008232f  _ILLEGAL_ISR                    
0     00008118  _InitFlash                      
0     000825d0  _InitGpio                       
0     0008201d  _InitPeripheralClocks           
0     00082a93  _InitPieCtrl                    
0     00082abb  _InitPieVectTable               
0     00082000  _InitSysCtrl                    
0     0008208e  _InitSysPll                     
1     00007900  _InputXbarRegs                  
0     000821ee  _IsPLLValid                     
1     0005f400  _MemCfgRegs                     
1     0005f540  _MemoryErrorRegs                
0     00082325  _NMI_ISR                        
0     000825c6  _NOTUSED_ISR                    
1     00007060  _NmiIntruptRegs                 
1     00007a80  _OutputXbarRegs                 
0     000825af  _PIE_RESERVED_ISR               
1     00000ce0  _PieCtrlRegs                    
1     00000d00  _PieVectTable                   
0     00088000  _PieVectTableInit               
0     00082311  _RTOS_ISR                       
0     0008002b  _RamfuncsLoadEnd                
abs   00000023  _RamfuncsLoadSize               
0     00080008  _RamfuncsLoadStart              
0     0000813b  _RamfuncsRunEnd                 
abs   00000023  _RamfuncsRunSize                
0     00008118  _RamfuncsRunStart               
0     000824fb  _SCIA_RX_ISR                    
0     00082505  _SCIA_TX_ISR                    
0     0008250f  _SCIB_RX_ISR                    
0     00082519  _SCIB_TX_ISR                    
0     000824e7  _SCIC_RX_ISR                    
0     000824f1  _SCIC_TX_ISR                    
0     000824a1  _SPIA_RX_ISR                    
0     000824ab  _SPIA_TX_ISR                    
0     000823d9  _SYS_ERR_ISR                    
1     00007200  _SciaRegs                       
1     00007210  _ScibRegs                       
1     00007220  _ScicRegs                       
0     00082074  _ServiceDog                     
0     00082b61  _SetDBGIER                      
1     00006100  _SpiaRegs                       
1     00007940  _SyncSocRegs                    
0     00082174  _SysIntOsc1Sel                  
0     0008217d  _SysIntOsc2Sel                  
1     0005d400  _SysStatusRegs                  
0     000821bf  _SysXtalOscSESel                
0     0008219f  _SysXtalOscSel                  
0     000823e3  _TIMER0_ISR                     
0     000822f3  _TIMER1_ISR                     
0     000822fd  _TIMER2_ISR                     
1     0005f590  _TestErrorRegs                  
0     00082393  _USER10_ISR                     
0     0008239d  _USER11_ISR                     
0     000823a7  _USER12_ISR                     
0     00082339  _USER1_ISR                      
0     00082343  _USER2_ISR                      
0     0008234d  _USER3_ISR                      
0     00082357  _USER4_ISR                      
0     00082361  _USER5_ISR                      
0     0008236b  _USER6_ISR                      
0     00082375  _USER7_ISR                      
0     0008237f  _USER8_ISR                      
0     00082389  _USER9_ISR                      
1     00071140  _UidRegs                        
0     000823ed  _WAKE_ISR                       
1     00007000  _WdRegs                         
0     000823c5  _XINT1_ISR                      
0     000823cf  _XINT2_ISR                      
0     00082587  _XINT3_ISR                      
0     00082591  _XINT4_ISR                      
0     0008259b  _XINT5_ISR                      
1     00007920  _XbarRegs                       
1     00007070  _XintRegs                       
0     00000500  __STACK_END                     
abs   00000100  __STACK_SIZE                    
0     000080f2  ___TI_cleanup_ptr               
0     000080f4  ___TI_dtors_ptr                 
0     000080f0  ___TI_enable_exit_profile_output
abs   ffffffff  ___TI_pprof_out_hndl            
abs   ffffffff  ___TI_prof_data_size            
abs   ffffffff  ___TI_prof_data_start           
abs   ffffffff  ___binit__                      
abs   ffffffff  ___c_args__                     
0     00080030  ___cinit__                      
abs   ffffffff  ___etext__                      
abs   ffffffff  ___pinit__                      
abs   ffffffff  ___text__                       
0     00082b21  __args_main                     
0     000080fa  __lock                          
0     00082b58  __nop                           
0     00082b54  __register_lock                 
0     00082b50  __register_unlock               
0     00000400  __stack                         
0     00082b66  __system_post_cinit             
0     00082b64  __system_pre_init               
0     000080fc  __unlock                        
0     00082a6a  _abort                          
0     000829ea  _c_int00                        
0     00082ae0  _copy_in                        
0     00082a6c  _exit                           
0     00082b33  _main                           
0     00082b04  _memcpy                         
0     00082b42  _sInitDspConfig                 
0     000827b2  _sInitGpio                      
0     00082b4f  _sInitSysConfig                 
0     000080f8  _tempSensor_scaleFactor         
0     000080f7  _tempSensor_tempOffset          
0     000080f6  _tempSensor_tempSlope           
abs   ffffffff  binit                           
0     00080030  cinit                           
0     00080000  code_start                      
abs   ffffffff  etext                           
abs   ffffffff  pinit                           


GLOBAL SYMBOLS: SORTED BY Symbol Address 

page  address   name                            
----  -------   ----                            
0     00000400  __stack                         
0     00000500  __STACK_END                     
0     000080f0  ___TI_enable_exit_profile_output
0     000080f2  ___TI_cleanup_ptr               
0     000080f4  ___TI_dtors_ptr                 
0     000080f6  _tempSensor_tempSlope           
0     000080f7  _tempSensor_tempOffset          
0     000080f8  _tempSensor_scaleFactor         
0     000080fa  __lock                          
0     000080fc  __unlock                        
0     00008100  _CpuTimer0                      
0     00008108  _CpuTimer1                      
0     00008110  _CpuTimer2                      
0     00008118  _InitFlash                      
0     00008118  _RamfuncsRunStart               
0     00008137  _F28x_usDelay                   
0     0000813b  _RamfuncsRunEnd                 
0     00080000  code_start                      
0     00080008  _RamfuncsLoadStart              
0     0008002b  _RamfuncsLoadEnd                
0     00080030  ___cinit__                      
0     00080030  cinit                           
0     00082000  _InitSysCtrl                    
0     0008201d  _InitPeripheralClocks           
0     00082060  _DisablePeripheralClocks        
0     00082074  _ServiceDog                     
0     00082081  _DisableDog                     
0     0008208e  _InitSysPll                     
0     00082174  _SysIntOsc1Sel                  
0     0008217d  _SysIntOsc2Sel                  
0     0008219f  _SysXtalOscSel                  
0     000821bf  _SysXtalOscSESel                
0     000821d4  _IDLE                           
0     000821dd  _HALT                           
0     000821ee  _IsPLLValid                     
0     00082283  _ComputeCntrSeedValue           
0     000822f3  _TIMER1_ISR                     
0     000822fd  _TIMER2_ISR                     
0     00082307  _DATALOG_ISR                    
0     00082311  _RTOS_ISR                       
0     0008231b  _EMU_ISR                        
0     00082325  _NMI_ISR                        
0     0008232f  _ILLEGAL_ISR                    
0     00082339  _USER1_ISR                      
0     00082343  _USER2_ISR                      
0     0008234d  _USER3_ISR                      
0     00082357  _USER4_ISR                      
0     00082361  _USER5_ISR                      
0     0008236b  _USER6_ISR                      
0     00082375  _USER7_ISR                      
0     0008237f  _USER8_ISR                      
0     00082389  _USER9_ISR                      
0     00082393  _USER10_ISR                     
0     0008239d  _USER11_ISR                     
0     000823a7  _USER12_ISR                     
0     000823b1  _ADCA1_ISR                      
0     000823bb  _ADCC1_ISR                      
0     000823c5  _XINT1_ISR                      
0     000823cf  _XINT2_ISR                      
0     000823d9  _SYS_ERR_ISR                    
0     000823e3  _TIMER0_ISR                     
0     000823ed  _WAKE_ISR                       
0     000823f7  _EPWM1_TZ_ISR                   
0     00082401  _EPWM2_TZ_ISR                   
0     0008240b  _EPWM3_TZ_ISR                   
0     00082415  _EPWM4_TZ_ISR                   
0     0008241f  _EPWM5_TZ_ISR                   
0     00082429  _EPWM6_TZ_ISR                   
0     00082433  _EPWM7_TZ_ISR                   
0     0008243d  _EPWM1_ISR                      
0     00082447  _EPWM2_ISR                      
0     00082451  _EPWM3_ISR                      
0     0008245b  _EPWM4_ISR                      
0     00082465  _EPWM5_ISR                      
0     0008246f  _EPWM6_ISR                      
0     00082479  _EPWM7_ISR                      
0     00082483  _ECAP1_ISR                      
0     0008248d  _ECAP2_ISR                      
0     00082497  _EQEP1_ISR                      
0     000824a1  _SPIA_RX_ISR                    
0     000824ab  _SPIA_TX_ISR                    
0     000824b5  _DCC0_ISR                       
0     000824bf  _I2CA_ISR                       
0     000824c9  _I2CA_FIFO_ISR                  
0     000824d3  _I2CB_ISR                       
0     000824dd  _I2CB_FIFO_ISR                  
0     000824e7  _SCIC_RX_ISR                    
0     000824f1  _SCIC_TX_ISR                    
0     000824fb  _SCIA_RX_ISR                    
0     00082505  _SCIA_TX_ISR                    
0     0008250f  _SCIB_RX_ISR                    
0     00082519  _SCIB_TX_ISR                    
0     00082523  _CANA0_ISR                      
0     0008252d  _CANA1_ISR                      
0     00082537  _ADCA_EVT_ISR                   
0     00082541  _ADCA2_ISR                      
0     0008254b  _ADCA3_ISR                      
0     00082555  _ADCA4_ISR                      
0     0008255f  _ADCC_EVT_ISR                   
0     00082569  _ADCC2_ISR                      
0     00082573  _ADCC3_ISR                      
0     0008257d  _ADCC4_ISR                      
0     00082587  _XINT3_ISR                      
0     00082591  _XINT4_ISR                      
0     0008259b  _XINT5_ISR                      
0     000825a5  _FLSS_ISR                       
0     000825af  _PIE_RESERVED_ISR               
0     000825b9  _EMPTY_ISR                      
0     000825c6  _NOTUSED_ISR                    
0     000825d0  _InitGpio                       
0     0008260d  _GPIO_SetupPinMux               
0     00082696  _GPIO_SetupPinOptions           
0     00082728  _GPIO_SetupLock                 
0     00082750  _GPIO_SetupXINT1Gpio            
0     00082759  _GPIO_SetupXINT2Gpio            
0     00082762  _GPIO_SetupXINT3Gpio            
0     0008276b  _GPIO_SetupXINT4Gpio            
0     00082774  _GPIO_SetupXINT5Gpio            
0     0008277d  _GPIO_ReadPin                   
0     00082794  _GPIO_WritePin                  
0     000827b2  _sInitGpio                      
0     00082962  FS$$DIV                         
0     000829ea  _c_int00                        
0     00082a40  L$$DIV                          
0     00082a4f  L$$MOD                          
0     00082a5d  UL$$DIV                         
0     00082a64  UL$$MOD                         
0     00082a6a  C$$EXIT                         
0     00082a6a  _abort                          
0     00082a6c  _exit                           
0     00082a93  _InitPieCtrl                    
0     00082ab2  _EnableInterrupts               
0     00082abb  _InitPieVectTable               
0     00082ae0  _copy_in                        
0     00082b04  _memcpy                         
0     00082b21  __args_main                     
0     00082b33  _main                           
0     00082b42  _sInitDspConfig                 
0     00082b4f  _sInitSysConfig                 
0     00082b50  __register_unlock               
0     00082b54  __register_lock                 
0     00082b58  __nop                           
0     00082b61  _SetDBGIER                      
0     00082b64  __system_pre_init               
0     00082b66  __system_post_cinit             
0     00088000  _PieVectTableInit               
1     00000b00  _AdcaResultRegs                 
1     00000b40  _AdccResultRegs                 
1     00000c00  _CpuTimer0Regs                  
1     00000c08  _CpuTimer1Regs                  
1     00000c10  _CpuTimer2Regs                  
1     00000ce0  _PieCtrlRegs                    
1     00000d00  _PieVectTable                   
1     00004000  _EPwm1Regs                      
1     00004100  _EPwm2Regs                      
1     00004200  _EPwm3Regs                      
1     00004300  _EPwm4Regs                      
1     00004400  _EPwm5Regs                      
1     00004500  _EPwm6Regs                      
1     00004600  _EPwm7Regs                      
1     00005100  _EQep1Regs                      
1     00005200  _ECap1Regs                      
1     00005240  _ECap2Regs                      
1     00005500  _Cmpss1Regs                     
1     00005540  _CmpssLite2Regs                 
1     00005580  _CmpssLite3Regs                 
1     000055c0  _CmpssLite4Regs                 
1     00006100  _SpiaRegs                       
1     00007000  _WdRegs                         
1     00007060  _NmiIntruptRegs                 
1     00007070  _XintRegs                       
1     00007200  _SciaRegs                       
1     00007210  _ScibRegs                       
1     00007220  _ScicRegs                       
1     00007300  _I2caRegs                       
1     00007340  _I2cbRegs                       
1     00007400  _AdcaRegs                       
1     00007500  _AdccRegs                       
1     00007900  _InputXbarRegs                  
1     00007920  _XbarRegs                       
1     00007940  _SyncSocRegs                    
1     00007a00  _EPwmXbarRegs                   
1     00007a80  _OutputXbarRegs                 
1     00007c00  _GpioCtrlRegs                   
1     00007f00  _GpioDataRegs                   
1     00007f80  _GpioDataReadRegs               
1     00048000  _CanaRegs                       
1     0005d000  _DevCfgRegs                     
1     0005d200  _ClkCfgRegs                     
1     0005d300  _CpuSysRegs                     
1     0005d400  _SysStatusRegs                  
1     0005d700  _AnalogSubsysRegs               
1     0005e700  _Dcc0Regs                       
1     0005ec00  _Epg1Regs                       
1     0005ecd0  _Epg1MuxRegs                    
1     0005f000  _DcsmZ1Regs                     
1     0005f080  _DcsmZ2Regs                     
1     0005f0c0  _DcsmCommonRegs                 
1     0005f400  _MemCfgRegs                     
1     0005f500  _AccessProtectionRegs           
1     0005f540  _MemoryErrorRegs                
1     0005f590  _TestErrorRegs                  
1     0005f800  _Flash0CtrlRegs                 
1     0005fb00  _Flash0EccRegs                  
1     00071140  _UidRegs                        
1     00078000  _DcsmZ1OtpRegs                  
1     00078200  _DcsmZ2OtpRegs                  
abs   00000023  _RamfuncsLoadSize               
abs   00000023  _RamfuncsRunSize                
abs   00000100  __STACK_SIZE                    
abs   ffffffff  .text                           
abs   ffffffff  ___TI_pprof_out_hndl            
abs   ffffffff  ___TI_prof_data_size            
abs   ffffffff  ___TI_prof_data_start           
abs   ffffffff  ___binit__                      
abs   ffffffff  ___c_args__                     
abs   ffffffff  ___etext__                      
abs   ffffffff  ___pinit__                      
abs   ffffffff  ___text__                       
abs   ffffffff  binit                           
abs   ffffffff  etext                           
abs   ffffffff  pinit                           

[222 symbols]
