<?xml version="1.0" encoding="ISO-8859-1" ?>
<link_info>
   <banner>TMS320C2000 Linker PC v22.6.2.LTS</banner>
   <copyright>Copyright (c) 1996-2018 Texas Instruments Incorporated</copyright>
   <link_time>0x684d80e7</link_time>
   <link_errors>0x0</link_errors>
   <output_file>P200W_ACDC_DSP_2800137_V1.000.out</output_file>
   <entry_point>
      <name>code_start</name>
      <address>0x80000</address>
   </entry_point>
   <input_file_list>
      <input_file id="fl-2">
         <path>.\01_App\Source\</path>
         <kind>object</kind>
         <file>Communication.obj</file>
         <name>Communication.obj</name>
      </input_file>
      <input_file id="fl-3">
         <path>.\01_App\Source\</path>
         <kind>object</kind>
         <file>Grid.obj</file>
         <name>Grid.obj</name>
      </input_file>
      <input_file id="fl-4">
         <path>.\01_App\Source\</path>
         <kind>object</kind>
         <file>Init.obj</file>
         <name>Init.obj</name>
      </input_file>
      <input_file id="fl-5">
         <path>.\01_App\Source\</path>
         <kind>object</kind>
         <file>Sample.obj</file>
         <name>Sample.obj</name>
      </input_file>
      <input_file id="fl-6">
         <path>.\01_App\Source\</path>
         <kind>object</kind>
         <file>Tempture.obj</file>
         <name>Tempture.obj</name>
      </input_file>
      <input_file id="fl-7">
         <path>.\01_App\Source\</path>
         <kind>object</kind>
         <file>UserMath.obj</file>
         <name>UserMath.obj</name>
      </input_file>
      <input_file id="fl-8">
         <path>.\01_App\Source\</path>
         <kind>object</kind>
         <file>main.obj</file>
         <name>main.obj</name>
      </input_file>
      <input_file id="fl-9">
         <path>.\02_Ctr\Source\</path>
         <kind>object</kind>
         <file>Config_Inv.obj</file>
         <name>Config_Inv.obj</name>
      </input_file>
      <input_file id="fl-a">
         <path>.\02_Ctr\Source\</path>
         <kind>object</kind>
         <file>Config_LLc.obj</file>
         <name>Config_LLc.obj</name>
      </input_file>
      <input_file id="fl-b">
         <path>.\02_Ctr\Source\</path>
         <kind>object</kind>
         <file>Ctr_Inv.obj</file>
         <name>Ctr_Inv.obj</name>
      </input_file>
      <input_file id="fl-c">
         <path>.\02_Ctr\Source\</path>
         <kind>object</kind>
         <file>Ctr_LLc.obj</file>
         <name>Ctr_LLc.obj</name>
      </input_file>
      <input_file id="fl-d">
         <path>.\02_Ctr\Source\</path>
         <kind>object</kind>
         <file>Protect_Inv.obj</file>
         <name>Protect_Inv.obj</name>
      </input_file>
      <input_file id="fl-e">
         <path>.\02_Ctr\Source\</path>
         <kind>object</kind>
         <file>Protect_LLc.obj</file>
         <name>Protect_LLc.obj</name>
      </input_file>
      <input_file id="fl-f">
         <path>.\03_Task\Source\</path>
         <kind>object</kind>
         <file>Task_Fun.obj</file>
         <name>Task_Fun.obj</name>
      </input_file>
      <input_file id="fl-10">
         <path>.\03_Task\Source\</path>
         <kind>object</kind>
         <file>Task_Inv.obj</file>
         <name>Task_Inv.obj</name>
      </input_file>
      <input_file id="fl-11">
         <path>.\03_Task\Source\</path>
         <kind>object</kind>
         <file>Task_Msw.obj</file>
         <name>Task_Msw.obj</name>
      </input_file>
      <input_file id="fl-12">
         <path>.\03_Task\Source\</path>
         <kind>object</kind>
         <file>Task_Sci.obj</file>
         <name>Task_Sci.obj</name>
      </input_file>
      <input_file id="fl-13">
         <path>.\05_BSP\Source\</path>
         <kind>object</kind>
         <file>BSP_Adc.obj</file>
         <name>BSP_Adc.obj</name>
      </input_file>
      <input_file id="fl-14">
         <path>.\05_BSP\Source\</path>
         <kind>object</kind>
         <file>BSP_Cmpss.obj</file>
         <name>BSP_Cmpss.obj</name>
      </input_file>
      <input_file id="fl-15">
         <path>.\05_BSP\Source\</path>
         <kind>object</kind>
         <file>BSP_EPwm.obj</file>
         <name>BSP_EPwm.obj</name>
      </input_file>
      <input_file id="fl-16">
         <path>.\05_BSP\Source\</path>
         <kind>object</kind>
         <file>BSP_Gpio.obj</file>
         <name>BSP_Gpio.obj</name>
      </input_file>
      <input_file id="fl-17">
         <path>.\05_BSP\Source\</path>
         <kind>object</kind>
         <file>BSP_Ntc.obj</file>
         <name>BSP_Ntc.obj</name>
      </input_file>
      <input_file id="fl-18">
         <path>.\05_BSP\Source\</path>
         <kind>object</kind>
         <file>BSP_Rly.obj</file>
         <name>BSP_Rly.obj</name>
      </input_file>
      <input_file id="fl-19">
         <path>.\05_BSP\Source\</path>
         <kind>object</kind>
         <file>BSP_Sci.obj</file>
         <name>BSP_Sci.obj</name>
      </input_file>
      <input_file id="fl-1a">
         <path>.\05_BSP\Source\</path>
         <kind>object</kind>
         <file>BSP_Xbar.obj</file>
         <name>BSP_Xbar.obj</name>
      </input_file>
      <input_file id="fl-1b">
         <path>.\06_CSP\Source\</path>
         <kind>object</kind>
         <file>f280013x_adc.obj</file>
         <name>f280013x_adc.obj</name>
      </input_file>
      <input_file id="fl-1c">
         <path>.\06_CSP\Source\</path>
         <kind>object</kind>
         <file>f280013x_codestartbranch.obj</file>
         <name>f280013x_codestartbranch.obj</name>
      </input_file>
      <input_file id="fl-1d">
         <path>.\06_CSP\Source\</path>
         <kind>object</kind>
         <file>f280013x_cputimers.obj</file>
         <name>f280013x_cputimers.obj</name>
      </input_file>
      <input_file id="fl-1e">
         <path>.\06_CSP\Source\</path>
         <kind>object</kind>
         <file>f280013x_dbgier.obj</file>
         <name>f280013x_dbgier.obj</name>
      </input_file>
      <input_file id="fl-1f">
         <path>.\06_CSP\Source\</path>
         <kind>object</kind>
         <file>f280013x_defaultisr.obj</file>
         <name>f280013x_defaultisr.obj</name>
      </input_file>
      <input_file id="fl-20">
         <path>.\06_CSP\Source\</path>
         <kind>object</kind>
         <file>f280013x_epwm.obj</file>
         <name>f280013x_epwm.obj</name>
      </input_file>
      <input_file id="fl-21">
         <path>.\06_CSP\Source\</path>
         <kind>object</kind>
         <file>f280013x_globalvariabledefs.obj</file>
         <name>f280013x_globalvariabledefs.obj</name>
      </input_file>
      <input_file id="fl-22">
         <path>.\06_CSP\Source\</path>
         <kind>object</kind>
         <file>f280013x_gpio.obj</file>
         <name>f280013x_gpio.obj</name>
      </input_file>
      <input_file id="fl-23">
         <path>.\06_CSP\Source\</path>
         <kind>object</kind>
         <file>f280013x_piectrl.obj</file>
         <name>f280013x_piectrl.obj</name>
      </input_file>
      <input_file id="fl-24">
         <path>.\06_CSP\Source\</path>
         <kind>object</kind>
         <file>f280013x_pievect.obj</file>
         <name>f280013x_pievect.obj</name>
      </input_file>
      <input_file id="fl-25">
         <path>.\06_CSP\Source\</path>
         <kind>object</kind>
         <file>f280013x_spi.obj</file>
         <name>f280013x_spi.obj</name>
      </input_file>
      <input_file id="fl-26">
         <path>.\06_CSP\Source\</path>
         <kind>object</kind>
         <file>f280013x_sysctrl.obj</file>
         <name>f280013x_sysctrl.obj</name>
      </input_file>
      <input_file id="fl-27">
         <path>.\06_CSP\Source\</path>
         <kind>object</kind>
         <file>f280013x_tempsensorconv.obj</file>
         <name>f280013x_tempsensorconv.obj</name>
      </input_file>
      <input_file id="fl-28">
         <path>.\06_CSP\Source\</path>
         <kind>object</kind>
         <file>f280013x_usdelay.obj</file>
         <name>f280013x_usdelay.obj</name>
      </input_file>
      <input_file id="fl-2d">
         <kind>object</kind>
         <file>&lt;internal&gt;</file>
         <name>&lt;internal&gt;</name>
      </input_file>
      <input_file id="fl-39">
         <path>D:\ti\ccs2020\ccs\tools\compiler\ti-cgt-c2000_22.6.2.LTS\lib\</path>
         <kind>archive</kind>
         <file>rts2800_fpu32.lib</file>
         <name>boot28.asm.obj</name>
      </input_file>
      <input_file id="fl-3a">
         <path>D:\ti\ccs2020\ccs\tools\compiler\ti-cgt-c2000_22.6.2.LTS\lib\</path>
         <kind>archive</kind>
         <file>rts2800_fpu32.lib</file>
         <name>fs_div28.asm.obj</name>
      </input_file>
      <input_file id="fl-3b">
         <path>D:\ti\ccs2020\ccs\tools\compiler\ti-cgt-c2000_22.6.2.LTS\lib\</path>
         <kind>archive</kind>
         <file>rts2800_fpu32.lib</file>
         <name>l_div28.asm.obj</name>
      </input_file>
      <input_file id="fl-3c">
         <path>D:\ti\ccs2020\ccs\tools\compiler\ti-cgt-c2000_22.6.2.LTS\lib\</path>
         <kind>archive</kind>
         <file>rts2800_fpu32.lib</file>
         <name>cpy_tbl.c.obj</name>
      </input_file>
      <input_file id="fl-3d">
         <path>D:\ti\ccs2020\ccs\tools\compiler\ti-cgt-c2000_22.6.2.LTS\lib\</path>
         <kind>archive</kind>
         <file>rts2800_fpu32.lib</file>
         <name>memcpy.c.obj</name>
      </input_file>
      <input_file id="fl-3e">
         <path>D:\ti\ccs2020\ccs\tools\compiler\ti-cgt-c2000_22.6.2.LTS\lib\</path>
         <kind>archive</kind>
         <file>rts2800_fpu32.lib</file>
         <name>pre_init.c.obj</name>
      </input_file>
      <input_file id="fl-3f">
         <path>D:\ti\ccs2020\ccs\tools\compiler\ti-cgt-c2000_22.6.2.LTS\lib\</path>
         <kind>archive</kind>
         <file>rts2800_fpu32.lib</file>
         <name>startup.c.obj</name>
      </input_file>
      <input_file id="fl-40">
         <path>D:\ti\ccs2020\ccs\tools\compiler\ti-cgt-c2000_22.6.2.LTS\lib\</path>
         <kind>archive</kind>
         <file>rts2800_fpu32.lib</file>
         <name>exit.c.obj</name>
      </input_file>
      <input_file id="fl-41">
         <path>D:\ti\ccs2020\ccs\tools\compiler\ti-cgt-c2000_22.6.2.LTS\lib\</path>
         <kind>archive</kind>
         <file>rts2800_fpu32.lib</file>
         <name>_lock.c.obj</name>
      </input_file>
      <input_file id="fl-42">
         <path>D:\ti\ccs2020\ccs\tools\compiler\ti-cgt-c2000_22.6.2.LTS\lib\</path>
         <kind>archive</kind>
         <file>rts2800_fpu32.lib</file>
         <name>args_main.c.obj</name>
      </input_file>
   </input_file_list>
   <object_component_list>
      <object_component id="oc-55">
         <name>codestart</name>
         <load_address>0x80000</load_address>
         <run_address>0x80000</run_address>
         <size>0x2</size>
         <input_file_ref idref="fl-1c"/>
      </object_component>
      <object_component id="oc-156">
         <name>.text</name>
         <load_address>0x82000</load_address>
         <run_address>0x82000</run_address>
         <size>0x2f3</size>
         <input_file_ref idref="fl-26"/>
      </object_component>
      <object_component id="oc-a7">
         <name>.text:retain</name>
         <load_address>0x822f3</load_address>
         <run_address>0x822f3</run_address>
         <size>0x2dd</size>
         <input_file_ref idref="fl-1f"/>
      </object_component>
      <object_component id="oc-15c">
         <name>.text</name>
         <load_address>0x825d0</load_address>
         <run_address>0x825d0</run_address>
         <size>0x1e2</size>
         <input_file_ref idref="fl-22"/>
      </object_component>
      <object_component id="oc-11b">
         <name>.text</name>
         <load_address>0x827b2</load_address>
         <run_address>0x827b2</run_address>
         <size>0x88</size>
         <input_file_ref idref="fl-3a"/>
      </object_component>
      <object_component id="oc-114">
         <name>.text</name>
         <load_address>0x8283a</load_address>
         <run_address>0x8283a</run_address>
         <size>0x56</size>
         <input_file_ref idref="fl-39"/>
      </object_component>
      <object_component id="oc-120">
         <name>.text</name>
         <load_address>0x82890</load_address>
         <run_address>0x82890</run_address>
         <size>0x2a</size>
         <input_file_ref idref="fl-3b"/>
      </object_component>
      <object_component id="oc-14e">
         <name>.text</name>
         <load_address>0x828ba</load_address>
         <run_address>0x828ba</run_address>
         <size>0x29</size>
         <input_file_ref idref="fl-40"/>
      </object_component>
      <object_component id="oc-158">
         <name>.text</name>
         <load_address>0x828e3</load_address>
         <run_address>0x828e3</run_address>
         <size>0x28</size>
         <input_file_ref idref="fl-23"/>
      </object_component>
      <object_component id="oc-159">
         <name>.text</name>
         <load_address>0x8290b</load_address>
         <run_address>0x8290b</run_address>
         <size>0x25</size>
         <input_file_ref idref="fl-24"/>
      </object_component>
      <object_component id="oc-14b">
         <name>.text</name>
         <load_address>0x82930</load_address>
         <run_address>0x82930</run_address>
         <size>0x24</size>
         <input_file_ref idref="fl-3c"/>
      </object_component>
      <object_component id="oc-14f">
         <name>.text</name>
         <load_address>0x82954</load_address>
         <run_address>0x82954</run_address>
         <size>0x1d</size>
         <input_file_ref idref="fl-3d"/>
      </object_component>
      <object_component id="oc-14d">
         <name>.text</name>
         <load_address>0x82971</load_address>
         <run_address>0x82971</run_address>
         <size>0x12</size>
         <input_file_ref idref="fl-42"/>
      </object_component>
      <object_component id="oc-150">
         <name>.text</name>
         <load_address>0x82983</load_address>
         <run_address>0x82983</run_address>
         <size>0xf</size>
         <input_file_ref idref="fl-8"/>
      </object_component>
      <object_component id="oc-153">
         <name>.text</name>
         <load_address>0x82992</load_address>
         <run_address>0x82992</run_address>
         <size>0xe</size>
         <input_file_ref idref="fl-4"/>
      </object_component>
      <object_component id="oc-157">
         <name>.text</name>
         <load_address>0x829a0</load_address>
         <run_address>0x829a0</run_address>
         <size>0x9</size>
         <input_file_ref idref="fl-16"/>
      </object_component>
      <object_component id="oc-154">
         <name>.text</name>
         <load_address>0x829a9</load_address>
         <run_address>0x829a9</run_address>
         <size>0x9</size>
         <input_file_ref idref="fl-41"/>
      </object_component>
      <object_component id="oc-96">
         <name>.text</name>
         <load_address>0x829b2</load_address>
         <run_address>0x829b2</run_address>
         <size>0x8</size>
         <input_file_ref idref="fl-1c"/>
      </object_component>
      <object_component id="oc-a1">
         <name>.text</name>
         <load_address>0x829ba</load_address>
         <run_address>0x829ba</run_address>
         <size>0x3</size>
         <input_file_ref idref="fl-1e"/>
      </object_component>
      <object_component id="oc-14a">
         <name>.text</name>
         <load_address>0x829bd</load_address>
         <run_address>0x829bd</run_address>
         <size>0x2</size>
         <input_file_ref idref="fl-3e"/>
      </object_component>
      <object_component id="oc-14c">
         <name>.text</name>
         <load_address>0x829bf</load_address>
         <run_address>0x829bf</run_address>
         <size>0x1</size>
         <input_file_ref idref="fl-3f"/>
      </object_component>
      <object_component id="oc-13a">
         <name>.cinit</name>
         <load_address>0x80030</load_address>
         <run_address>0x80030</run_address>
         <size>0xe</size>
         <input_file_ref idref="fl-40"/>
      </object_component>
      <object_component id="oc-152">
         <name>.cinit:__lock</name>
         <load_address>0x8003e</load_address>
         <run_address>0x8003e</run_address>
         <size>0x5</size>
         <input_file_ref idref="fl-41"/>
      </object_component>
      <object_component id="oc-155">
         <name>.cinit:__unlock</name>
         <load_address>0x80043</load_address>
         <run_address>0x80043</run_address>
         <size>0x5</size>
         <input_file_ref idref="fl-41"/>
      </object_component>
      <object_component id="oc-116">
         <name>.reset</name>
         <load_address>0x3fffc0</load_address>
         <run_address>0x3fffc0</run_address>
         <size>0x2</size>
         <input_file_ref idref="fl-39"/>
      </object_component>
      <object_component id="oc-115">
         <name>.stack</name>
         <uninitialized>true</uninitialized>
         <run_address>0x400</run_address>
         <size>0x0</size>
         <input_file_ref idref="fl-39"/>
      </object_component>
      <object_component id="oc-1ba">
         <name>.stack</name>
         <uninitialized>true</uninitialized>
         <run_address>0x400</run_address>
         <size>0x0</size>
      </object_component>
      <object_component id="oc-9c">
         <name>.ebss</name>
         <uninitialized>true</uninitialized>
         <run_address>0x8000</run_address>
         <size>0x18</size>
         <input_file_ref idref="fl-1d"/>
      </object_component>
      <object_component id="oc-10a">
         <name>.ebss</name>
         <uninitialized>true</uninitialized>
         <run_address>0x801e</run_address>
         <size>0x4</size>
         <input_file_ref idref="fl-27"/>
      </object_component>
      <object_component id="oc-13b">
         <name>.ebss</name>
         <uninitialized>true</uninitialized>
         <run_address>0x8018</run_address>
         <size>0x6</size>
         <input_file_ref idref="fl-40"/>
      </object_component>
      <object_component id="oc-151">
         <name>.ebss:__lock</name>
         <uninitialized>true</uninitialized>
         <run_address>0x8022</run_address>
         <size>0x2</size>
         <input_file_ref idref="fl-41"/>
      </object_component>
      <object_component id="oc-15a">
         <name>.ebss:__unlock</name>
         <uninitialized>true</uninitialized>
         <run_address>0x8024</run_address>
         <size>0x2</size>
         <input_file_ref idref="fl-41"/>
      </object_component>
      <object_component id="oc-15d">
         <name>.econst:_PieVectTableInit</name>
         <load_address>0x88000</load_address>
         <run_address>0x88000</run_address>
         <size>0x100</size>
         <input_file_ref idref="fl-24"/>
      </object_component>
      <object_component id="oc-15b">
         <name>.TI.ramfunc</name>
         <load_address>0x80008</load_address>
         <run_address>0x8028</run_address>
         <size>0x1f</size>
         <input_file_ref idref="fl-26"/>
      </object_component>
      <object_component id="oc-10f">
         <name>.TI.ramfunc</name>
         <load_address>0x80027</load_address>
         <run_address>0x8047</run_address>
         <size>0x4</size>
         <input_file_ref idref="fl-28"/>
      </object_component>
      <object_component id="oc-e9">
         <name>PieVectTableFile</name>
         <uninitialized>true</uninitialized>
         <run_address>0xd00</run_address>
         <size>0x100</size>
         <input_file_ref idref="fl-21"/>
      </object_component>
      <object_component id="oc-d3">
         <name>AccessProtectionRegsFile</name>
         <uninitialized>true</uninitialized>
         <run_address>0x5f500</run_address>
         <size>0x2c</size>
         <input_file_ref idref="fl-21"/>
      </object_component>
      <object_component id="oc-de">
         <name>AdcaRegsFile</name>
         <uninitialized>true</uninitialized>
         <run_address>0x7400</run_address>
         <size>0x76</size>
         <input_file_ref idref="fl-21"/>
      </object_component>
      <object_component id="oc-df">
         <name>AdccRegsFile</name>
         <uninitialized>true</uninitialized>
         <run_address>0x7500</run_address>
         <size>0x76</size>
         <input_file_ref idref="fl-21"/>
      </object_component>
      <object_component id="oc-c2">
         <name>AdcaResultRegsFile</name>
         <uninitialized>true</uninitialized>
         <run_address>0xb00</run_address>
         <size>0x18</size>
         <input_file_ref idref="fl-21"/>
      </object_component>
      <object_component id="oc-c3">
         <name>AdccResultRegsFile</name>
         <uninitialized>true</uninitialized>
         <run_address>0xb40</run_address>
         <size>0x18</size>
         <input_file_ref idref="fl-21"/>
      </object_component>
      <object_component id="oc-ea">
         <name>AnalogSubsysRegsFile</name>
         <uninitialized>true</uninitialized>
         <run_address>0x5d700</run_address>
         <size>0x11a</size>
         <input_file_ref idref="fl-21"/>
      </object_component>
      <object_component id="oc-eb">
         <name>CanaRegsFile</name>
         <uninitialized>true</uninitialized>
         <run_address>0x48000</run_address>
         <size>0x164</size>
         <input_file_ref idref="fl-21"/>
      </object_component>
      <object_component id="oc-d8">
         <name>ClkCfgRegsFile</name>
         <uninitialized>true</uninitialized>
         <run_address>0x5d200</run_address>
         <size>0x3e</size>
         <input_file_ref idref="fl-21"/>
      </object_component>
      <object_component id="oc-c6">
         <name>CmpssLite2RegsFile</name>
         <uninitialized>true</uninitialized>
         <run_address>0x5540</run_address>
         <size>0x1b</size>
         <input_file_ref idref="fl-21"/>
      </object_component>
      <object_component id="oc-c7">
         <name>CmpssLite3RegsFile</name>
         <uninitialized>true</uninitialized>
         <run_address>0x5580</run_address>
         <size>0x1b</size>
         <input_file_ref idref="fl-21"/>
      </object_component>
      <object_component id="oc-c8">
         <name>CmpssLite4RegsFile</name>
         <uninitialized>true</uninitialized>
         <run_address>0x55c0</run_address>
         <size>0x1b</size>
         <input_file_ref idref="fl-21"/>
      </object_component>
      <object_component id="oc-c9">
         <name>Cmpss1RegsFile</name>
         <uninitialized>true</uninitialized>
         <run_address>0x5500</run_address>
         <size>0x1b</size>
         <input_file_ref idref="fl-21"/>
      </object_component>
      <object_component id="oc-b4">
         <name>CpuTimer0RegsFile</name>
         <uninitialized>true</uninitialized>
         <run_address>0xc00</run_address>
         <size>0x8</size>
         <input_file_ref idref="fl-21"/>
      </object_component>
      <object_component id="oc-b5">
         <name>CpuTimer1RegsFile</name>
         <uninitialized>true</uninitialized>
         <run_address>0xc08</run_address>
         <size>0x8</size>
         <input_file_ref idref="fl-21"/>
      </object_component>
      <object_component id="oc-b6">
         <name>CpuTimer2RegsFile</name>
         <uninitialized>true</uninitialized>
         <run_address>0xc10</run_address>
         <size>0x8</size>
         <input_file_ref idref="fl-21"/>
      </object_component>
      <object_component id="oc-e1">
         <name>CpuSysRegsFile</name>
         <uninitialized>true</uninitialized>
         <run_address>0x5d300</run_address>
         <size>0xb0</size>
         <input_file_ref idref="fl-21"/>
      </object_component>
      <object_component id="oc-d4">
         <name>Dcc0RegsFile</name>
         <uninitialized>true</uninitialized>
         <run_address>0x5e700</run_address>
         <size>0x2c</size>
         <input_file_ref idref="fl-21"/>
      </object_component>
      <object_component id="oc-d1">
         <name>DcsmCommonRegsFile</name>
         <uninitialized>true</uninitialized>
         <run_address>0x5f0c0</run_address>
         <size>0x28</size>
         <input_file_ref idref="fl-21"/>
      </object_component>
      <object_component id="oc-ca">
         <name>DcsmZ1OtpRegsFile</name>
         <uninitialized>true</uninitialized>
         <run_address>0x78000</run_address>
         <size>0x20</size>
         <input_file_ref idref="fl-21"/>
      </object_component>
      <object_component id="oc-d9">
         <name>DcsmZ1RegsFile</name>
         <uninitialized>true</uninitialized>
         <run_address>0x5f000</run_address>
         <size>0x3e</size>
         <input_file_ref idref="fl-21"/>
      </object_component>
      <object_component id="oc-c1">
         <name>DcsmZ2OtpRegsFile</name>
         <uninitialized>true</uninitialized>
         <run_address>0x78200</run_address>
         <size>0x12</size>
         <input_file_ref idref="fl-21"/>
      </object_component>
      <object_component id="oc-d5">
         <name>DcsmZ2RegsFile</name>
         <uninitialized>true</uninitialized>
         <run_address>0x5f080</run_address>
         <size>0x2c</size>
         <input_file_ref idref="fl-21"/>
      </object_component>
      <object_component id="oc-ed">
         <name>DevCfgRegsFile</name>
         <uninitialized>true</uninitialized>
         <run_address>0x5d000</run_address>
         <size>0x19c</size>
         <input_file_ref idref="fl-21"/>
      </object_component>
      <object_component id="oc-cb">
         <name>ECap1RegsFile</name>
         <uninitialized>true</uninitialized>
         <run_address>0x5200</run_address>
         <size>0x20</size>
         <input_file_ref idref="fl-21"/>
      </object_component>
      <object_component id="oc-cc">
         <name>ECap2RegsFile</name>
         <uninitialized>true</uninitialized>
         <run_address>0x5240</run_address>
         <size>0x20</size>
         <input_file_ref idref="fl-21"/>
      </object_component>
      <object_component id="oc-b9">
         <name>Epg1MuxRegsFile</name>
         <uninitialized>true</uninitialized>
         <run_address>0x5ecd0</run_address>
         <size>0x10</size>
         <input_file_ref idref="fl-21"/>
      </object_component>
      <object_component id="oc-da">
         <name>Epg1RegsFile</name>
         <uninitialized>true</uninitialized>
         <run_address>0x5ec00</run_address>
         <size>0x40</size>
         <input_file_ref idref="fl-21"/>
      </object_component>
      <object_component id="oc-e2">
         <name>EPwm1RegsFile</name>
         <uninitialized>true</uninitialized>
         <run_address>0x4000</run_address>
         <size>0x100</size>
         <input_file_ref idref="fl-21"/>
      </object_component>
      <object_component id="oc-e3">
         <name>EPwm2RegsFile</name>
         <uninitialized>true</uninitialized>
         <run_address>0x4100</run_address>
         <size>0x100</size>
         <input_file_ref idref="fl-21"/>
      </object_component>
      <object_component id="oc-e4">
         <name>EPwm3RegsFile</name>
         <uninitialized>true</uninitialized>
         <run_address>0x4200</run_address>
         <size>0x100</size>
         <input_file_ref idref="fl-21"/>
      </object_component>
      <object_component id="oc-e5">
         <name>EPwm4RegsFile</name>
         <uninitialized>true</uninitialized>
         <run_address>0x4300</run_address>
         <size>0x100</size>
         <input_file_ref idref="fl-21"/>
      </object_component>
      <object_component id="oc-e6">
         <name>EPwm5RegsFile</name>
         <uninitialized>true</uninitialized>
         <run_address>0x4400</run_address>
         <size>0x100</size>
         <input_file_ref idref="fl-21"/>
      </object_component>
      <object_component id="oc-e7">
         <name>EPwm6RegsFile</name>
         <uninitialized>true</uninitialized>
         <run_address>0x4500</run_address>
         <size>0x100</size>
         <input_file_ref idref="fl-21"/>
      </object_component>
      <object_component id="oc-e8">
         <name>EPwm7RegsFile</name>
         <uninitialized>true</uninitialized>
         <run_address>0x4600</run_address>
         <size>0x100</size>
         <input_file_ref idref="fl-21"/>
      </object_component>
      <object_component id="oc-db">
         <name>EPwmXbarRegsFile</name>
         <uninitialized>true</uninitialized>
         <run_address>0x7a00</run_address>
         <size>0x40</size>
         <input_file_ref idref="fl-21"/>
      </object_component>
      <object_component id="oc-d6">
         <name>EQep1RegsFile</name>
         <uninitialized>true</uninitialized>
         <run_address>0x5100</run_address>
         <size>0x38</size>
         <input_file_ref idref="fl-21"/>
      </object_component>
      <object_component id="oc-ec">
         <name>Flash0CtrlRegsFile</name>
         <uninitialized>true</uninitialized>
         <run_address>0x5f800</run_address>
         <size>0x182</size>
         <input_file_ref idref="fl-21"/>
      </object_component>
      <object_component id="oc-ce">
         <name>Flash0EccRegsFile</name>
         <uninitialized>true</uninitialized>
         <run_address>0x5fb00</run_address>
         <size>0x22</size>
         <input_file_ref idref="fl-21"/>
      </object_component>
      <object_component id="oc-ee">
         <name>GpioCtrlRegsFile</name>
         <uninitialized>true</uninitialized>
         <run_address>0x7c00</run_address>
         <size>0x200</size>
         <input_file_ref idref="fl-21"/>
      </object_component>
      <object_component id="oc-ba">
         <name>GpioDataReadRegsFile</name>
         <uninitialized>true</uninitialized>
         <run_address>0x7f80</run_address>
         <size>0x10</size>
         <input_file_ref idref="fl-21"/>
      </object_component>
      <object_component id="oc-dc">
         <name>GpioDataRegsFile</name>
         <uninitialized>true</uninitialized>
         <run_address>0x7f00</run_address>
         <size>0x40</size>
         <input_file_ref idref="fl-21"/>
      </object_component>
      <object_component id="oc-cf">
         <name>I2caRegsFile</name>
         <uninitialized>true</uninitialized>
         <run_address>0x7300</run_address>
         <size>0x22</size>
         <input_file_ref idref="fl-21"/>
      </object_component>
      <object_component id="oc-d0">
         <name>I2cbRegsFile</name>
         <uninitialized>true</uninitialized>
         <run_address>0x7340</run_address>
         <size>0x22</size>
         <input_file_ref idref="fl-21"/>
      </object_component>
      <object_component id="oc-cd">
         <name>InputXbarRegsFile</name>
         <uninitialized>true</uninitialized>
         <run_address>0x7900</run_address>
         <size>0x20</size>
         <input_file_ref idref="fl-21"/>
      </object_component>
      <object_component id="oc-d7">
         <name>MemoryErrorRegsFile</name>
         <uninitialized>true</uninitialized>
         <run_address>0x5f540</run_address>
         <size>0x3a</size>
         <input_file_ref idref="fl-21"/>
      </object_component>
      <object_component id="oc-e0">
         <name>MemCfgRegsFile</name>
         <uninitialized>true</uninitialized>
         <run_address>0x5f400</run_address>
         <size>0xa6</size>
         <input_file_ref idref="fl-21"/>
      </object_component>
      <object_component id="oc-b8">
         <name>NmiIntruptRegsFile</name>
         <uninitialized>true</uninitialized>
         <run_address>0x7060</run_address>
         <size>0xc</size>
         <input_file_ref idref="fl-21"/>
      </object_component>
      <object_component id="oc-dd">
         <name>OutputXbarRegsFile</name>
         <uninitialized>true</uninitialized>
         <run_address>0x7a80</run_address>
         <size>0x40</size>
         <input_file_ref idref="fl-21"/>
      </object_component>
      <object_component id="oc-c5">
         <name>PieCtrlRegsFile</name>
         <uninitialized>true</uninitialized>
         <run_address>0xce0</run_address>
         <size>0x1a</size>
         <input_file_ref idref="fl-21"/>
      </object_component>
      <object_component id="oc-bb">
         <name>SciaRegsFile</name>
         <uninitialized>true</uninitialized>
         <run_address>0x7200</run_address>
         <size>0x10</size>
         <input_file_ref idref="fl-21"/>
      </object_component>
      <object_component id="oc-bc">
         <name>ScibRegsFile</name>
         <uninitialized>true</uninitialized>
         <run_address>0x7210</run_address>
         <size>0x10</size>
         <input_file_ref idref="fl-21"/>
      </object_component>
      <object_component id="oc-bd">
         <name>ScicRegsFile</name>
         <uninitialized>true</uninitialized>
         <run_address>0x7220</run_address>
         <size>0x10</size>
         <input_file_ref idref="fl-21"/>
      </object_component>
      <object_component id="oc-be">
         <name>SpiaRegsFile</name>
         <uninitialized>true</uninitialized>
         <run_address>0x6100</run_address>
         <size>0x10</size>
         <input_file_ref idref="fl-21"/>
      </object_component>
      <object_component id="oc-b2">
         <name>SyncSocRegsFile</name>
         <uninitialized>true</uninitialized>
         <run_address>0x7940</run_address>
         <size>0x6</size>
         <input_file_ref idref="fl-21"/>
      </object_component>
      <object_component id="oc-c4">
         <name>SysStatusRegsFile</name>
         <uninitialized>true</uninitialized>
         <run_address>0x5d400</run_address>
         <size>0x18</size>
         <input_file_ref idref="fl-21"/>
      </object_component>
      <object_component id="oc-b3">
         <name>TestErrorRegsFile</name>
         <uninitialized>true</uninitialized>
         <run_address>0x5f590</run_address>
         <size>0x6</size>
         <input_file_ref idref="fl-21"/>
      </object_component>
      <object_component id="oc-bf">
         <name>UidRegsFile</name>
         <uninitialized>true</uninitialized>
         <run_address>0x71140</run_address>
         <size>0x10</size>
         <input_file_ref idref="fl-21"/>
      </object_component>
      <object_component id="oc-d2">
         <name>WdRegsFile</name>
         <uninitialized>true</uninitialized>
         <run_address>0x7000</run_address>
         <size>0x2b</size>
         <input_file_ref idref="fl-21"/>
      </object_component>
      <object_component id="oc-c0">
         <name>XbarRegsFile</name>
         <uninitialized>true</uninitialized>
         <run_address>0x7920</run_address>
         <size>0x10</size>
         <input_file_ref idref="fl-21"/>
      </object_component>
      <object_component id="oc-b7">
         <name>XintRegsFile</name>
         <uninitialized>true</uninitialized>
         <run_address>0x7070</run_address>
         <size>0xb</size>
         <input_file_ref idref="fl-21"/>
      </object_component>
      <object_component id="oc-56">
         <name>.debug_info</name>
         <load_address>0x0</load_address>
         <run_address>0x0</run_address>
         <size>0x1aa</size>
         <input_file_ref idref="fl-2"/>
      </object_component>
      <object_component id="oc-58">
         <name>.debug_info</name>
         <load_address>0x1aa</load_address>
         <run_address>0x1aa</run_address>
         <size>0x1a1</size>
         <input_file_ref idref="fl-3"/>
      </object_component>
      <object_component id="oc-5a">
         <name>.debug_info</name>
         <load_address>0x34b</load_address>
         <run_address>0x34b</run_address>
         <size>0x524</size>
         <input_file_ref idref="fl-4"/>
      </object_component>
      <object_component id="oc-5f">
         <name>.debug_info</name>
         <load_address>0x86f</load_address>
         <run_address>0x86f</run_address>
         <size>0x1a3</size>
         <input_file_ref idref="fl-5"/>
      </object_component>
      <object_component id="oc-61">
         <name>.debug_info</name>
         <load_address>0xa12</load_address>
         <run_address>0xa12</run_address>
         <size>0x1a5</size>
         <input_file_ref idref="fl-6"/>
      </object_component>
      <object_component id="oc-63">
         <name>.debug_info</name>
         <load_address>0xbb7</load_address>
         <run_address>0xbb7</run_address>
         <size>0x1a5</size>
         <input_file_ref idref="fl-7"/>
      </object_component>
      <object_component id="oc-65">
         <name>.debug_info</name>
         <load_address>0xd5c</load_address>
         <run_address>0xd5c</run_address>
         <size>0x460</size>
         <input_file_ref idref="fl-8"/>
      </object_component>
      <object_component id="oc-6a">
         <name>.debug_info</name>
         <load_address>0x11bc</load_address>
         <run_address>0x11bc</run_address>
         <size>0x1a7</size>
         <input_file_ref idref="fl-9"/>
      </object_component>
      <object_component id="oc-6c">
         <name>.debug_info</name>
         <load_address>0x1363</load_address>
         <run_address>0x1363</run_address>
         <size>0x1a7</size>
         <input_file_ref idref="fl-a"/>
      </object_component>
      <object_component id="oc-6e">
         <name>.debug_info</name>
         <load_address>0x150a</load_address>
         <run_address>0x150a</run_address>
         <size>0x1a4</size>
         <input_file_ref idref="fl-b"/>
      </object_component>
      <object_component id="oc-70">
         <name>.debug_info</name>
         <load_address>0x16ae</load_address>
         <run_address>0x16ae</run_address>
         <size>0x1a4</size>
         <input_file_ref idref="fl-c"/>
      </object_component>
      <object_component id="oc-72">
         <name>.debug_info</name>
         <load_address>0x1852</load_address>
         <run_address>0x1852</run_address>
         <size>0x1a8</size>
         <input_file_ref idref="fl-d"/>
      </object_component>
      <object_component id="oc-74">
         <name>.debug_info</name>
         <load_address>0x19fa</load_address>
         <run_address>0x19fa</run_address>
         <size>0x1a8</size>
         <input_file_ref idref="fl-e"/>
      </object_component>
      <object_component id="oc-76">
         <name>.debug_info</name>
         <load_address>0x1ba2</load_address>
         <run_address>0x1ba2</run_address>
         <size>0x1a6</size>
         <input_file_ref idref="fl-f"/>
      </object_component>
      <object_component id="oc-78">
         <name>.debug_info</name>
         <load_address>0x1d48</load_address>
         <run_address>0x1d48</run_address>
         <size>0x1a6</size>
         <input_file_ref idref="fl-10"/>
      </object_component>
      <object_component id="oc-7a">
         <name>.debug_info</name>
         <load_address>0x1eee</load_address>
         <run_address>0x1eee</run_address>
         <size>0x1a6</size>
         <input_file_ref idref="fl-11"/>
      </object_component>
      <object_component id="oc-7c">
         <name>.debug_info</name>
         <load_address>0x2094</load_address>
         <run_address>0x2094</run_address>
         <size>0x1a6</size>
         <input_file_ref idref="fl-12"/>
      </object_component>
      <object_component id="oc-7e">
         <name>.debug_info</name>
         <load_address>0x223a</load_address>
         <run_address>0x223a</run_address>
         <size>0x1a4</size>
         <input_file_ref idref="fl-13"/>
      </object_component>
      <object_component id="oc-80">
         <name>.debug_info</name>
         <load_address>0x23de</load_address>
         <run_address>0x23de</run_address>
         <size>0x1a6</size>
         <input_file_ref idref="fl-14"/>
      </object_component>
      <object_component id="oc-82">
         <name>.debug_info</name>
         <load_address>0x2584</load_address>
         <run_address>0x2584</run_address>
         <size>0x1a5</size>
         <input_file_ref idref="fl-15"/>
      </object_component>
      <object_component id="oc-84">
         <name>.debug_info</name>
         <load_address>0x2729</load_address>
         <run_address>0x2729</run_address>
         <size>0x6d7b</size>
         <input_file_ref idref="fl-16"/>
      </object_component>
      <object_component id="oc-89">
         <name>.debug_info</name>
         <load_address>0x94a4</load_address>
         <run_address>0x94a4</run_address>
         <size>0x1a4</size>
         <input_file_ref idref="fl-17"/>
      </object_component>
      <object_component id="oc-8b">
         <name>.debug_info</name>
         <load_address>0x9648</load_address>
         <run_address>0x9648</run_address>
         <size>0x1a4</size>
         <input_file_ref idref="fl-18"/>
      </object_component>
      <object_component id="oc-8d">
         <name>.debug_info</name>
         <load_address>0x97ec</load_address>
         <run_address>0x97ec</run_address>
         <size>0x1a4</size>
         <input_file_ref idref="fl-19"/>
      </object_component>
      <object_component id="oc-8f">
         <name>.debug_info</name>
         <load_address>0x9990</load_address>
         <run_address>0x9990</run_address>
         <size>0x1a5</size>
         <input_file_ref idref="fl-1a"/>
      </object_component>
      <object_component id="oc-91">
         <name>.debug_info</name>
         <load_address>0x9b35</load_address>
         <run_address>0x9b35</run_address>
         <size>0x5e2a</size>
         <input_file_ref idref="fl-1b"/>
      </object_component>
      <object_component id="oc-98">
         <name>.debug_info</name>
         <load_address>0xf95f</load_address>
         <run_address>0xf95f</run_address>
         <size>0x168</size>
         <input_file_ref idref="fl-1c"/>
      </object_component>
      <object_component id="oc-9b">
         <name>.debug_info</name>
         <load_address>0xfac7</load_address>
         <run_address>0xfac7</run_address>
         <size>0x843</size>
         <input_file_ref idref="fl-1d"/>
      </object_component>
      <object_component id="oc-a3">
         <name>.debug_info</name>
         <load_address>0x1030a</load_address>
         <run_address>0x1030a</run_address>
         <size>0x120</size>
         <input_file_ref idref="fl-1e"/>
      </object_component>
      <object_component id="oc-a6">
         <name>.debug_info</name>
         <load_address>0x1042a</load_address>
         <run_address>0x1042a</run_address>
         <size>0x252b</size>
         <input_file_ref idref="fl-1f"/>
      </object_component>
      <object_component id="oc-ac">
         <name>.debug_info</name>
         <load_address>0x12955</load_address>
         <run_address>0x12955</run_address>
         <size>0x6cf3</size>
         <input_file_ref idref="fl-20"/>
      </object_component>
      <object_component id="oc-b1">
         <name>.debug_info</name>
         <load_address>0x19648</load_address>
         <run_address>0x19648</run_address>
         <size>0x3ca00</size>
         <input_file_ref idref="fl-21"/>
      </object_component>
      <object_component id="oc-f0">
         <name>.debug_info</name>
         <load_address>0x56048</load_address>
         <run_address>0x56048</run_address>
         <size>0xa99a</size>
         <input_file_ref idref="fl-22"/>
      </object_component>
      <object_component id="oc-f5">
         <name>.debug_info</name>
         <load_address>0x609e2</load_address>
         <run_address>0x609e2</run_address>
         <size>0x2499</size>
         <input_file_ref idref="fl-23"/>
      </object_component>
      <object_component id="oc-fa">
         <name>.debug_info</name>
         <load_address>0x62e7b</load_address>
         <run_address>0x62e7b</run_address>
         <size>0x3fc3</size>
         <input_file_ref idref="fl-24"/>
      </object_component>
      <object_component id="oc-ff">
         <name>.debug_info</name>
         <load_address>0x66e3e</load_address>
         <run_address>0x66e3e</run_address>
         <size>0x75da</size>
         <input_file_ref idref="fl-25"/>
      </object_component>
      <object_component id="oc-104">
         <name>.debug_info</name>
         <load_address>0x6e418</load_address>
         <run_address>0x6e418</run_address>
         <size>0x5bfb</size>
         <input_file_ref idref="fl-26"/>
      </object_component>
      <object_component id="oc-109">
         <name>.debug_info</name>
         <load_address>0x74013</load_address>
         <run_address>0x74013</run_address>
         <size>0x1d9c</size>
         <input_file_ref idref="fl-27"/>
      </object_component>
      <object_component id="oc-111">
         <name>.debug_info</name>
         <load_address>0x75daf</load_address>
         <run_address>0x75daf</run_address>
         <size>0x122</size>
         <input_file_ref idref="fl-28"/>
      </object_component>
      <object_component id="oc-117">
         <name>.debug_info</name>
         <load_address>0x75ed1</load_address>
         <run_address>0x75ed1</run_address>
         <size>0x162</size>
         <input_file_ref idref="fl-39"/>
      </object_component>
      <object_component id="oc-11c">
         <name>.debug_info</name>
         <load_address>0x76033</load_address>
         <run_address>0x76033</run_address>
         <size>0x103</size>
         <input_file_ref idref="fl-3a"/>
      </object_component>
      <object_component id="oc-121">
         <name>.debug_info</name>
         <load_address>0x76136</load_address>
         <run_address>0x76136</run_address>
         <size>0x194</size>
         <input_file_ref idref="fl-3b"/>
      </object_component>
      <object_component id="oc-125">
         <name>.debug_info</name>
         <load_address>0x762ca</load_address>
         <run_address>0x762ca</run_address>
         <size>0x550</size>
         <input_file_ref idref="fl-3c"/>
      </object_component>
      <object_component id="oc-12a">
         <name>.debug_info</name>
         <load_address>0x7681a</load_address>
         <run_address>0x7681a</run_address>
         <size>0x429</size>
         <input_file_ref idref="fl-3d"/>
      </object_component>
      <object_component id="oc-12f">
         <name>.debug_info</name>
         <load_address>0x76c43</load_address>
         <run_address>0x76c43</run_address>
         <size>0x39c</size>
         <input_file_ref idref="fl-3e"/>
      </object_component>
      <object_component id="oc-134">
         <name>.debug_info</name>
         <load_address>0x76fdf</load_address>
         <run_address>0x76fdf</run_address>
         <size>0x399</size>
         <input_file_ref idref="fl-3f"/>
      </object_component>
      <object_component id="oc-139">
         <name>.debug_info</name>
         <load_address>0x77378</load_address>
         <run_address>0x77378</run_address>
         <size>0x533</size>
         <input_file_ref idref="fl-40"/>
      </object_component>
      <object_component id="oc-140">
         <name>.debug_info</name>
         <load_address>0x778ab</load_address>
         <run_address>0x778ab</run_address>
         <size>0x4bb</size>
         <input_file_ref idref="fl-41"/>
      </object_component>
      <object_component id="oc-145">
         <name>.debug_info</name>
         <load_address>0x77d66</load_address>
         <run_address>0x77d66</run_address>
         <size>0x456</size>
         <input_file_ref idref="fl-42"/>
      </object_component>
      <object_component id="oc-1bd">
         <name>.debug_info</name>
         <load_address>0x781bc</load_address>
         <run_address>0x781bc</run_address>
         <size>0xbf</size>
      </object_component>
      <object_component id="oc-57">
         <name>.debug_abbrev</name>
         <load_address>0x0</load_address>
         <run_address>0x0</run_address>
         <size>0x21</size>
         <input_file_ref idref="fl-2"/>
      </object_component>
      <object_component id="oc-59">
         <name>.debug_abbrev</name>
         <load_address>0x21</load_address>
         <run_address>0x21</run_address>
         <size>0x21</size>
         <input_file_ref idref="fl-3"/>
      </object_component>
      <object_component id="oc-5d">
         <name>.debug_abbrev</name>
         <load_address>0x42</load_address>
         <run_address>0x42</run_address>
         <size>0x96</size>
         <input_file_ref idref="fl-4"/>
      </object_component>
      <object_component id="oc-60">
         <name>.debug_abbrev</name>
         <load_address>0xd8</load_address>
         <run_address>0xd8</run_address>
         <size>0x21</size>
         <input_file_ref idref="fl-5"/>
      </object_component>
      <object_component id="oc-62">
         <name>.debug_abbrev</name>
         <load_address>0xf9</load_address>
         <run_address>0xf9</run_address>
         <size>0x21</size>
         <input_file_ref idref="fl-6"/>
      </object_component>
      <object_component id="oc-64">
         <name>.debug_abbrev</name>
         <load_address>0x11a</load_address>
         <run_address>0x11a</run_address>
         <size>0x21</size>
         <input_file_ref idref="fl-7"/>
      </object_component>
      <object_component id="oc-68">
         <name>.debug_abbrev</name>
         <load_address>0x13b</load_address>
         <run_address>0x13b</run_address>
         <size>0x8a</size>
         <input_file_ref idref="fl-8"/>
      </object_component>
      <object_component id="oc-6b">
         <name>.debug_abbrev</name>
         <load_address>0x1c5</load_address>
         <run_address>0x1c5</run_address>
         <size>0x21</size>
         <input_file_ref idref="fl-9"/>
      </object_component>
      <object_component id="oc-6d">
         <name>.debug_abbrev</name>
         <load_address>0x1e6</load_address>
         <run_address>0x1e6</run_address>
         <size>0x21</size>
         <input_file_ref idref="fl-a"/>
      </object_component>
      <object_component id="oc-6f">
         <name>.debug_abbrev</name>
         <load_address>0x207</load_address>
         <run_address>0x207</run_address>
         <size>0x21</size>
         <input_file_ref idref="fl-b"/>
      </object_component>
      <object_component id="oc-71">
         <name>.debug_abbrev</name>
         <load_address>0x228</load_address>
         <run_address>0x228</run_address>
         <size>0x21</size>
         <input_file_ref idref="fl-c"/>
      </object_component>
      <object_component id="oc-73">
         <name>.debug_abbrev</name>
         <load_address>0x249</load_address>
         <run_address>0x249</run_address>
         <size>0x21</size>
         <input_file_ref idref="fl-d"/>
      </object_component>
      <object_component id="oc-75">
         <name>.debug_abbrev</name>
         <load_address>0x26a</load_address>
         <run_address>0x26a</run_address>
         <size>0x21</size>
         <input_file_ref idref="fl-e"/>
      </object_component>
      <object_component id="oc-77">
         <name>.debug_abbrev</name>
         <load_address>0x28b</load_address>
         <run_address>0x28b</run_address>
         <size>0x21</size>
         <input_file_ref idref="fl-f"/>
      </object_component>
      <object_component id="oc-79">
         <name>.debug_abbrev</name>
         <load_address>0x2ac</load_address>
         <run_address>0x2ac</run_address>
         <size>0x21</size>
         <input_file_ref idref="fl-10"/>
      </object_component>
      <object_component id="oc-7b">
         <name>.debug_abbrev</name>
         <load_address>0x2cd</load_address>
         <run_address>0x2cd</run_address>
         <size>0x21</size>
         <input_file_ref idref="fl-11"/>
      </object_component>
      <object_component id="oc-7d">
         <name>.debug_abbrev</name>
         <load_address>0x2ee</load_address>
         <run_address>0x2ee</run_address>
         <size>0x21</size>
         <input_file_ref idref="fl-12"/>
      </object_component>
      <object_component id="oc-7f">
         <name>.debug_abbrev</name>
         <load_address>0x30f</load_address>
         <run_address>0x30f</run_address>
         <size>0x21</size>
         <input_file_ref idref="fl-13"/>
      </object_component>
      <object_component id="oc-81">
         <name>.debug_abbrev</name>
         <load_address>0x330</load_address>
         <run_address>0x330</run_address>
         <size>0x21</size>
         <input_file_ref idref="fl-14"/>
      </object_component>
      <object_component id="oc-83">
         <name>.debug_abbrev</name>
         <load_address>0x351</load_address>
         <run_address>0x351</run_address>
         <size>0x21</size>
         <input_file_ref idref="fl-15"/>
      </object_component>
      <object_component id="oc-87">
         <name>.debug_abbrev</name>
         <load_address>0x372</load_address>
         <run_address>0x372</run_address>
         <size>0x117</size>
         <input_file_ref idref="fl-16"/>
      </object_component>
      <object_component id="oc-8a">
         <name>.debug_abbrev</name>
         <load_address>0x489</load_address>
         <run_address>0x489</run_address>
         <size>0x21</size>
         <input_file_ref idref="fl-17"/>
      </object_component>
      <object_component id="oc-8c">
         <name>.debug_abbrev</name>
         <load_address>0x4aa</load_address>
         <run_address>0x4aa</run_address>
         <size>0x21</size>
         <input_file_ref idref="fl-18"/>
      </object_component>
      <object_component id="oc-8e">
         <name>.debug_abbrev</name>
         <load_address>0x4cb</load_address>
         <run_address>0x4cb</run_address>
         <size>0x21</size>
         <input_file_ref idref="fl-19"/>
      </object_component>
      <object_component id="oc-90">
         <name>.debug_abbrev</name>
         <load_address>0x4ec</load_address>
         <run_address>0x4ec</run_address>
         <size>0x21</size>
         <input_file_ref idref="fl-1a"/>
      </object_component>
      <object_component id="oc-94">
         <name>.debug_abbrev</name>
         <load_address>0x50d</load_address>
         <run_address>0x50d</run_address>
         <size>0x10c</size>
         <input_file_ref idref="fl-1b"/>
      </object_component>
      <object_component id="oc-99">
         <name>.debug_abbrev</name>
         <load_address>0x619</load_address>
         <run_address>0x619</run_address>
         <size>0x21</size>
         <input_file_ref idref="fl-1c"/>
      </object_component>
      <object_component id="oc-9f">
         <name>.debug_abbrev</name>
         <load_address>0x63a</load_address>
         <run_address>0x63a</run_address>
         <size>0xfd</size>
         <input_file_ref idref="fl-1d"/>
      </object_component>
      <object_component id="oc-a4">
         <name>.debug_abbrev</name>
         <load_address>0x737</load_address>
         <run_address>0x737</run_address>
         <size>0x2f</size>
         <input_file_ref idref="fl-1e"/>
      </object_component>
      <object_component id="oc-aa">
         <name>.debug_abbrev</name>
         <load_address>0x766</load_address>
         <run_address>0x766</run_address>
         <size>0xde</size>
         <input_file_ref idref="fl-1f"/>
      </object_component>
      <object_component id="oc-af">
         <name>.debug_abbrev</name>
         <load_address>0x844</load_address>
         <run_address>0x844</run_address>
         <size>0x157</size>
         <input_file_ref idref="fl-20"/>
      </object_component>
      <object_component id="oc-ef">
         <name>.debug_abbrev</name>
         <load_address>0x99b</load_address>
         <run_address>0x99b</run_address>
         <size>0xcb</size>
         <input_file_ref idref="fl-21"/>
      </object_component>
      <object_component id="oc-f3">
         <name>.debug_abbrev</name>
         <load_address>0xa66</load_address>
         <run_address>0xa66</run_address>
         <size>0x197</size>
         <input_file_ref idref="fl-22"/>
      </object_component>
      <object_component id="oc-f8">
         <name>.debug_abbrev</name>
         <load_address>0xbfd</load_address>
         <run_address>0xbfd</run_address>
         <size>0xc8</size>
         <input_file_ref idref="fl-23"/>
      </object_component>
      <object_component id="oc-fd">
         <name>.debug_abbrev</name>
         <load_address>0xcc5</load_address>
         <run_address>0xcc5</run_address>
         <size>0x116</size>
         <input_file_ref idref="fl-24"/>
      </object_component>
      <object_component id="oc-102">
         <name>.debug_abbrev</name>
         <load_address>0xddb</load_address>
         <run_address>0xddb</run_address>
         <size>0x109</size>
         <input_file_ref idref="fl-25"/>
      </object_component>
      <object_component id="oc-107">
         <name>.debug_abbrev</name>
         <load_address>0xee4</load_address>
         <run_address>0xee4</run_address>
         <size>0x1e1</size>
         <input_file_ref idref="fl-26"/>
      </object_component>
      <object_component id="oc-10d">
         <name>.debug_abbrev</name>
         <load_address>0x10c5</load_address>
         <run_address>0x10c5</run_address>
         <size>0x161</size>
         <input_file_ref idref="fl-27"/>
      </object_component>
      <object_component id="oc-112">
         <name>.debug_abbrev</name>
         <load_address>0x1226</load_address>
         <run_address>0x1226</run_address>
         <size>0x2f</size>
         <input_file_ref idref="fl-28"/>
      </object_component>
      <object_component id="oc-119">
         <name>.debug_abbrev</name>
         <load_address>0x1255</load_address>
         <run_address>0x1255</run_address>
         <size>0x46</size>
         <input_file_ref idref="fl-39"/>
      </object_component>
      <object_component id="oc-11e">
         <name>.debug_abbrev</name>
         <load_address>0x129b</load_address>
         <run_address>0x129b</run_address>
         <size>0x38</size>
         <input_file_ref idref="fl-3a"/>
      </object_component>
      <object_component id="oc-123">
         <name>.debug_abbrev</name>
         <load_address>0x12d3</load_address>
         <run_address>0x12d3</run_address>
         <size>0x38</size>
         <input_file_ref idref="fl-3b"/>
      </object_component>
      <object_component id="oc-128">
         <name>.debug_abbrev</name>
         <load_address>0x130b</load_address>
         <run_address>0x130b</run_address>
         <size>0xe3</size>
         <input_file_ref idref="fl-3c"/>
      </object_component>
      <object_component id="oc-12d">
         <name>.debug_abbrev</name>
         <load_address>0x13ee</load_address>
         <run_address>0x13ee</run_address>
         <size>0xa8</size>
         <input_file_ref idref="fl-3d"/>
      </object_component>
      <object_component id="oc-132">
         <name>.debug_abbrev</name>
         <load_address>0x1496</load_address>
         <run_address>0x1496</run_address>
         <size>0x68</size>
         <input_file_ref idref="fl-3e"/>
      </object_component>
      <object_component id="oc-137">
         <name>.debug_abbrev</name>
         <load_address>0x14fe</load_address>
         <run_address>0x14fe</run_address>
         <size>0x66</size>
         <input_file_ref idref="fl-3f"/>
      </object_component>
      <object_component id="oc-13e">
         <name>.debug_abbrev</name>
         <load_address>0x1564</load_address>
         <run_address>0x1564</run_address>
         <size>0x130</size>
         <input_file_ref idref="fl-40"/>
      </object_component>
      <object_component id="oc-143">
         <name>.debug_abbrev</name>
         <load_address>0x1694</load_address>
         <run_address>0x1694</run_address>
         <size>0xb2</size>
         <input_file_ref idref="fl-41"/>
      </object_component>
      <object_component id="oc-148">
         <name>.debug_abbrev</name>
         <load_address>0x1746</load_address>
         <run_address>0x1746</run_address>
         <size>0xee</size>
         <input_file_ref idref="fl-42"/>
      </object_component>
      <object_component id="oc-1be">
         <name>.debug_abbrev</name>
         <load_address>0x1834</load_address>
         <run_address>0x1834</run_address>
         <size>0xf</size>
      </object_component>
      <object_component id="oc-5b">
         <name>.debug_frame</name>
         <load_address>0x0</load_address>
         <run_address>0x0</run_address>
         <size>0x58</size>
         <input_file_ref idref="fl-4"/>
      </object_component>
      <object_component id="oc-66">
         <name>.debug_frame</name>
         <load_address>0x58</load_address>
         <run_address>0x58</run_address>
         <size>0x40</size>
         <input_file_ref idref="fl-8"/>
      </object_component>
      <object_component id="oc-85">
         <name>.debug_frame</name>
         <load_address>0x98</load_address>
         <run_address>0x98</run_address>
         <size>0x40</size>
         <input_file_ref idref="fl-16"/>
      </object_component>
      <object_component id="oc-92">
         <name>.debug_frame</name>
         <load_address>0xd8</load_address>
         <run_address>0xd8</run_address>
         <size>0x28</size>
         <input_file_ref idref="fl-1b"/>
      </object_component>
      <object_component id="oc-9d">
         <name>.debug_frame</name>
         <load_address>0x100</load_address>
         <run_address>0x100</run_address>
         <size>0x28</size>
         <input_file_ref idref="fl-1d"/>
      </object_component>
      <object_component id="oc-a8">
         <name>.debug_frame</name>
         <load_address>0x128</load_address>
         <run_address>0x128</run_address>
         <size>0x950</size>
         <input_file_ref idref="fl-1f"/>
      </object_component>
      <object_component id="oc-ad">
         <name>.debug_frame</name>
         <load_address>0xa78</load_address>
         <run_address>0xa78</run_address>
         <size>0x28</size>
         <input_file_ref idref="fl-20"/>
      </object_component>
      <object_component id="oc-f1">
         <name>.debug_frame</name>
         <load_address>0xaa0</load_address>
         <run_address>0xaa0</run_address>
         <size>0x15c</size>
         <input_file_ref idref="fl-22"/>
      </object_component>
      <object_component id="oc-f6">
         <name>.debug_frame</name>
         <load_address>0xbfc</load_address>
         <run_address>0xbfc</run_address>
         <size>0x58</size>
         <input_file_ref idref="fl-23"/>
      </object_component>
      <object_component id="oc-fb">
         <name>.debug_frame</name>
         <load_address>0xc54</load_address>
         <run_address>0xc54</run_address>
         <size>0x44</size>
         <input_file_ref idref="fl-24"/>
      </object_component>
      <object_component id="oc-100">
         <name>.debug_frame</name>
         <load_address>0xc98</load_address>
         <run_address>0xc98</run_address>
         <size>0x28</size>
         <input_file_ref idref="fl-25"/>
      </object_component>
      <object_component id="oc-105">
         <name>.debug_frame</name>
         <load_address>0xcc0</load_address>
         <run_address>0xcc0</run_address>
         <size>0x1c0</size>
         <input_file_ref idref="fl-26"/>
      </object_component>
      <object_component id="oc-10b">
         <name>.debug_frame</name>
         <load_address>0xe80</load_address>
         <run_address>0xe80</run_address>
         <size>0x28</size>
         <input_file_ref idref="fl-27"/>
      </object_component>
      <object_component id="oc-126">
         <name>.debug_frame</name>
         <load_address>0xea8</load_address>
         <run_address>0xea8</run_address>
         <size>0x60</size>
         <input_file_ref idref="fl-3c"/>
      </object_component>
      <object_component id="oc-12b">
         <name>.debug_frame</name>
         <load_address>0xf08</load_address>
         <run_address>0xf08</run_address>
         <size>0x40</size>
         <input_file_ref idref="fl-3d"/>
      </object_component>
      <object_component id="oc-130">
         <name>.debug_frame</name>
         <load_address>0xf48</load_address>
         <run_address>0xf48</run_address>
         <size>0x40</size>
         <input_file_ref idref="fl-3e"/>
      </object_component>
      <object_component id="oc-135">
         <name>.debug_frame</name>
         <load_address>0xf88</load_address>
         <run_address>0xf88</run_address>
         <size>0x40</size>
         <input_file_ref idref="fl-3f"/>
      </object_component>
      <object_component id="oc-13c">
         <name>.debug_frame</name>
         <load_address>0xfc8</load_address>
         <run_address>0xfc8</run_address>
         <size>0x60</size>
         <input_file_ref idref="fl-40"/>
      </object_component>
      <object_component id="oc-141">
         <name>.debug_frame</name>
         <load_address>0x1028</load_address>
         <run_address>0x1028</run_address>
         <size>0x70</size>
         <input_file_ref idref="fl-41"/>
      </object_component>
      <object_component id="oc-146">
         <name>.debug_frame</name>
         <load_address>0x1098</load_address>
         <run_address>0x1098</run_address>
         <size>0x40</size>
         <input_file_ref idref="fl-42"/>
      </object_component>
      <object_component id="oc-5c">
         <name>.debug_line</name>
         <load_address>0x0</load_address>
         <run_address>0x0</run_address>
         <size>0x63</size>
         <input_file_ref idref="fl-4"/>
      </object_component>
      <object_component id="oc-67">
         <name>.debug_line</name>
         <load_address>0x63</load_address>
         <run_address>0x63</run_address>
         <size>0x51</size>
         <input_file_ref idref="fl-8"/>
      </object_component>
      <object_component id="oc-86">
         <name>.debug_line</name>
         <load_address>0xb4</load_address>
         <run_address>0xb4</run_address>
         <size>0x55</size>
         <input_file_ref idref="fl-16"/>
      </object_component>
      <object_component id="oc-93">
         <name>.debug_line</name>
         <load_address>0x109</load_address>
         <run_address>0x109</run_address>
         <size>0x40</size>
         <input_file_ref idref="fl-1b"/>
      </object_component>
      <object_component id="oc-97">
         <name>.debug_line</name>
         <load_address>0x149</load_address>
         <run_address>0x149</run_address>
         <size>0x72</size>
         <input_file_ref idref="fl-1c"/>
      </object_component>
      <object_component id="oc-9e">
         <name>.debug_line</name>
         <load_address>0x1bb</load_address>
         <run_address>0x1bb</run_address>
         <size>0x46</size>
         <input_file_ref idref="fl-1d"/>
      </object_component>
      <object_component id="oc-a2">
         <name>.debug_line</name>
         <load_address>0x201</load_address>
         <run_address>0x201</run_address>
         <size>0x55</size>
         <input_file_ref idref="fl-1e"/>
      </object_component>
      <object_component id="oc-a9">
         <name>.debug_line</name>
         <load_address>0x256</load_address>
         <run_address>0x256</run_address>
         <size>0x6d2</size>
         <input_file_ref idref="fl-1f"/>
      </object_component>
      <object_component id="oc-ae">
         <name>.debug_line</name>
         <load_address>0x928</load_address>
         <run_address>0x928</run_address>
         <size>0x41</size>
         <input_file_ref idref="fl-20"/>
      </object_component>
      <object_component id="oc-f2">
         <name>.debug_line</name>
         <load_address>0x969</load_address>
         <run_address>0x969</run_address>
         <size>0x1f9</size>
         <input_file_ref idref="fl-22"/>
      </object_component>
      <object_component id="oc-f7">
         <name>.debug_line</name>
         <load_address>0xb62</load_address>
         <run_address>0xb62</run_address>
         <size>0x90</size>
         <input_file_ref idref="fl-23"/>
      </object_component>
      <object_component id="oc-fc">
         <name>.debug_line</name>
         <load_address>0xbf2</load_address>
         <run_address>0xbf2</run_address>
         <size>0x78</size>
         <input_file_ref idref="fl-24"/>
      </object_component>
      <object_component id="oc-101">
         <name>.debug_line</name>
         <load_address>0xc6a</load_address>
         <run_address>0xc6a</run_address>
         <size>0x40</size>
         <input_file_ref idref="fl-25"/>
      </object_component>
      <object_component id="oc-106">
         <name>.debug_line</name>
         <load_address>0xcaa</load_address>
         <run_address>0xcaa</run_address>
         <size>0x313</size>
         <input_file_ref idref="fl-26"/>
      </object_component>
      <object_component id="oc-10c">
         <name>.debug_line</name>
         <load_address>0xfbd</load_address>
         <run_address>0xfbd</run_address>
         <size>0x4b</size>
         <input_file_ref idref="fl-27"/>
      </object_component>
      <object_component id="oc-110">
         <name>.debug_line</name>
         <load_address>0x1008</load_address>
         <run_address>0x1008</run_address>
         <size>0x56</size>
         <input_file_ref idref="fl-28"/>
      </object_component>
      <object_component id="oc-118">
         <name>.debug_line</name>
         <load_address>0x105e</load_address>
         <run_address>0x105e</run_address>
         <size>0x7e</size>
         <input_file_ref idref="fl-39"/>
      </object_component>
      <object_component id="oc-11d">
         <name>.debug_line</name>
         <load_address>0x10dc</load_address>
         <run_address>0x10dc</run_address>
         <size>0xad</size>
         <input_file_ref idref="fl-3a"/>
      </object_component>
      <object_component id="oc-122">
         <name>.debug_line</name>
         <load_address>0x1189</load_address>
         <run_address>0x1189</run_address>
         <size>0x8e</size>
         <input_file_ref idref="fl-3b"/>
      </object_component>
      <object_component id="oc-127">
         <name>.debug_line</name>
         <load_address>0x1217</load_address>
         <run_address>0x1217</run_address>
         <size>0x50</size>
         <input_file_ref idref="fl-3c"/>
      </object_component>
      <object_component id="oc-12c">
         <name>.debug_line</name>
         <load_address>0x1267</load_address>
         <run_address>0x1267</run_address>
         <size>0x62</size>
         <input_file_ref idref="fl-3d"/>
      </object_component>
      <object_component id="oc-131">
         <name>.debug_line</name>
         <load_address>0x12c9</load_address>
         <run_address>0x12c9</run_address>
         <size>0x3e</size>
         <input_file_ref idref="fl-3e"/>
      </object_component>
      <object_component id="oc-136">
         <name>.debug_line</name>
         <load_address>0x1307</load_address>
         <run_address>0x1307</run_address>
         <size>0x3a</size>
         <input_file_ref idref="fl-3f"/>
      </object_component>
      <object_component id="oc-13d">
         <name>.debug_line</name>
         <load_address>0x1341</load_address>
         <run_address>0x1341</run_address>
         <size>0x65</size>
         <input_file_ref idref="fl-40"/>
      </object_component>
      <object_component id="oc-142">
         <name>.debug_line</name>
         <load_address>0x13a6</load_address>
         <run_address>0x13a6</run_address>
         <size>0x5e</size>
         <input_file_ref idref="fl-41"/>
      </object_component>
      <object_component id="oc-147">
         <name>.debug_line</name>
         <load_address>0x1404</load_address>
         <run_address>0x1404</run_address>
         <size>0x4f</size>
         <input_file_ref idref="fl-42"/>
      </object_component>
      <object_component id="oc-5e">
         <name>.debug_aranges</name>
         <load_address>0x0</load_address>
         <run_address>0x0</run_address>
         <size>0x28</size>
         <input_file_ref idref="fl-4"/>
      </object_component>
      <object_component id="oc-69">
         <name>.debug_aranges</name>
         <load_address>0x28</load_address>
         <run_address>0x28</run_address>
         <size>0x20</size>
         <input_file_ref idref="fl-8"/>
      </object_component>
      <object_component id="oc-88">
         <name>.debug_aranges</name>
         <load_address>0x48</load_address>
         <run_address>0x48</run_address>
         <size>0x20</size>
         <input_file_ref idref="fl-16"/>
      </object_component>
      <object_component id="oc-95">
         <name>.debug_aranges</name>
         <load_address>0x68</load_address>
         <run_address>0x68</run_address>
         <size>0x18</size>
         <input_file_ref idref="fl-1b"/>
      </object_component>
      <object_component id="oc-9a">
         <name>.debug_aranges</name>
         <load_address>0x80</load_address>
         <run_address>0x80</run_address>
         <size>0x28</size>
         <input_file_ref idref="fl-1c"/>
      </object_component>
      <object_component id="oc-a0">
         <name>.debug_aranges</name>
         <load_address>0xa8</load_address>
         <run_address>0xa8</run_address>
         <size>0x18</size>
         <input_file_ref idref="fl-1d"/>
      </object_component>
      <object_component id="oc-a5">
         <name>.debug_aranges</name>
         <load_address>0xc0</load_address>
         <run_address>0xc0</run_address>
         <size>0x20</size>
         <input_file_ref idref="fl-1e"/>
      </object_component>
      <object_component id="oc-ab">
         <name>.debug_aranges</name>
         <load_address>0xe0</load_address>
         <run_address>0xe0</run_address>
         <size>0x260</size>
         <input_file_ref idref="fl-1f"/>
      </object_component>
      <object_component id="oc-b0">
         <name>.debug_aranges</name>
         <load_address>0x340</load_address>
         <run_address>0x340</run_address>
         <size>0x18</size>
         <input_file_ref idref="fl-20"/>
      </object_component>
      <object_component id="oc-f4">
         <name>.debug_aranges</name>
         <load_address>0x358</load_address>
         <run_address>0x358</run_address>
         <size>0x70</size>
         <input_file_ref idref="fl-22"/>
      </object_component>
      <object_component id="oc-f9">
         <name>.debug_aranges</name>
         <load_address>0x3c8</load_address>
         <run_address>0x3c8</run_address>
         <size>0x28</size>
         <input_file_ref idref="fl-23"/>
      </object_component>
      <object_component id="oc-fe">
         <name>.debug_aranges</name>
         <load_address>0x3f0</load_address>
         <run_address>0x3f0</run_address>
         <size>0x20</size>
         <input_file_ref idref="fl-24"/>
      </object_component>
      <object_component id="oc-103">
         <name>.debug_aranges</name>
         <load_address>0x410</load_address>
         <run_address>0x410</run_address>
         <size>0x18</size>
         <input_file_ref idref="fl-25"/>
      </object_component>
      <object_component id="oc-108">
         <name>.debug_aranges</name>
         <load_address>0x428</load_address>
         <run_address>0x428</run_address>
         <size>0x98</size>
         <input_file_ref idref="fl-26"/>
      </object_component>
      <object_component id="oc-10e">
         <name>.debug_aranges</name>
         <load_address>0x4c0</load_address>
         <run_address>0x4c0</run_address>
         <size>0x18</size>
         <input_file_ref idref="fl-27"/>
      </object_component>
      <object_component id="oc-113">
         <name>.debug_aranges</name>
         <load_address>0x4d8</load_address>
         <run_address>0x4d8</run_address>
         <size>0x20</size>
         <input_file_ref idref="fl-28"/>
      </object_component>
      <object_component id="oc-11a">
         <name>.debug_aranges</name>
         <load_address>0x4f8</load_address>
         <run_address>0x4f8</run_address>
         <size>0x20</size>
         <input_file_ref idref="fl-39"/>
      </object_component>
      <object_component id="oc-11f">
         <name>.debug_aranges</name>
         <load_address>0x518</load_address>
         <run_address>0x518</run_address>
         <size>0x20</size>
         <input_file_ref idref="fl-3a"/>
      </object_component>
      <object_component id="oc-124">
         <name>.debug_aranges</name>
         <load_address>0x538</load_address>
         <run_address>0x538</run_address>
         <size>0x38</size>
         <input_file_ref idref="fl-3b"/>
      </object_component>
      <object_component id="oc-129">
         <name>.debug_aranges</name>
         <load_address>0x570</load_address>
         <run_address>0x570</run_address>
         <size>0x20</size>
         <input_file_ref idref="fl-3c"/>
      </object_component>
      <object_component id="oc-12e">
         <name>.debug_aranges</name>
         <load_address>0x590</load_address>
         <run_address>0x590</run_address>
         <size>0x20</size>
         <input_file_ref idref="fl-3d"/>
      </object_component>
      <object_component id="oc-133">
         <name>.debug_aranges</name>
         <load_address>0x5b0</load_address>
         <run_address>0x5b0</run_address>
         <size>0x20</size>
         <input_file_ref idref="fl-3e"/>
      </object_component>
      <object_component id="oc-138">
         <name>.debug_aranges</name>
         <load_address>0x5d0</load_address>
         <run_address>0x5d0</run_address>
         <size>0x20</size>
         <input_file_ref idref="fl-3f"/>
      </object_component>
      <object_component id="oc-13f">
         <name>.debug_aranges</name>
         <load_address>0x5f0</load_address>
         <run_address>0x5f0</run_address>
         <size>0x28</size>
         <input_file_ref idref="fl-40"/>
      </object_component>
      <object_component id="oc-144">
         <name>.debug_aranges</name>
         <load_address>0x618</load_address>
         <run_address>0x618</run_address>
         <size>0x30</size>
         <input_file_ref idref="fl-41"/>
      </object_component>
      <object_component id="oc-149">
         <name>.debug_aranges</name>
         <load_address>0x648</load_address>
         <run_address>0x648</run_address>
         <size>0x20</size>
         <input_file_ref idref="fl-42"/>
      </object_component>
   </object_component_list>
   <logical_group_list>
      <logical_group id="lg-2" display="no" color="cyan">
         <name>codestart</name>
         <load_address>0x80000</load_address>
         <run_address>0x80000</run_address>
         <size>0x2</size>
         <contents>
            <object_component_ref idref="oc-55"/>
         </contents>
      </logical_group>
      <logical_group id="lg-1bb" display="no" color="cyan">
         <name>.text</name>
         <load_address>0x82000</load_address>
         <run_address>0x82000</run_address>
         <size>0x9c0</size>
         <contents>
            <object_component_ref idref="oc-156"/>
            <object_component_ref idref="oc-a7"/>
            <object_component_ref idref="oc-15c"/>
            <object_component_ref idref="oc-11b"/>
            <object_component_ref idref="oc-114"/>
            <object_component_ref idref="oc-120"/>
            <object_component_ref idref="oc-14e"/>
            <object_component_ref idref="oc-158"/>
            <object_component_ref idref="oc-159"/>
            <object_component_ref idref="oc-14b"/>
            <object_component_ref idref="oc-14f"/>
            <object_component_ref idref="oc-14d"/>
            <object_component_ref idref="oc-150"/>
            <object_component_ref idref="oc-153"/>
            <object_component_ref idref="oc-157"/>
            <object_component_ref idref="oc-154"/>
            <object_component_ref idref="oc-96"/>
            <object_component_ref idref="oc-a1"/>
            <object_component_ref idref="oc-14a"/>
            <object_component_ref idref="oc-14c"/>
         </contents>
      </logical_group>
[...]
         <object_component_ref idref="oc-a7"/>
      </symbol>
      <symbol id="sm-234">
         <name>_ADCC2_ISR</name>
         <value>0x82569</value>
         <object_component_ref idref="oc-a7"/>
      </symbol>
      <symbol id="sm-236">
         <name>_SCIB_RX_ISR</name>
         <value>0x8250f</value>
         <object_component_ref idref="oc-a7"/>
      </symbol>
      <symbol id="sm-238">
         <name>_EMU_ISR</name>
         <value>0x8231b</value>
         <object_component_ref idref="oc-a7"/>
      </symbol>
      <symbol id="sm-23a">
         <name>_SCIB_TX_ISR</name>
         <value>0x82519</value>
         <object_component_ref idref="oc-a7"/>
      </symbol>
      <symbol id="sm-23c">
         <name>_SPIA_RX_ISR</name>
         <value>0x824a1</value>
         <object_component_ref idref="oc-a7"/>
      </symbol>
      <symbol id="sm-23e">
         <name>_SPIA_TX_ISR</name>
         <value>0x824ab</value>
         <object_component_ref idref="oc-a7"/>
      </symbol>
      <symbol id="sm-240">
         <name>_FLSS_ISR</name>
         <value>0x825a5</value>
         <object_component_ref idref="oc-a7"/>
      </symbol>
      <symbol id="sm-242">
         <name>_XINT5_ISR</name>
         <value>0x8259b</value>
         <object_component_ref idref="oc-a7"/>
      </symbol>
      <symbol id="sm-2cc">
         <name>_WdRegs</name>
         <value>0x7000</value>
         <object_component_ref idref="oc-d2"/>
      </symbol>
      <symbol id="sm-2cd">
         <name>_Epg1MuxRegs</name>
         <value>0x5ecd0</value>
         <object_component_ref idref="oc-b9"/>
      </symbol>
      <symbol id="sm-2ce">
         <name>_CanaRegs</name>
         <value>0x48000</value>
         <object_component_ref idref="oc-eb"/>
      </symbol>
      <symbol id="sm-2cf">
         <name>_GpioCtrlRegs</name>
         <value>0x7c00</value>
         <object_component_ref idref="oc-ee"/>
      </symbol>
      <symbol id="sm-2d0">
         <name>_PieVectTable</name>
         <value>0xd00</value>
         <object_component_ref idref="oc-e9"/>
      </symbol>
      <symbol id="sm-2d1">
         <name>_ClkCfgRegs</name>
         <value>0x5d200</value>
         <object_component_ref idref="oc-d8"/>
      </symbol>
      <symbol id="sm-2d2">
         <name>_Dcc0Regs</name>
         <value>0x5e700</value>
         <object_component_ref idref="oc-d4"/>
      </symbol>
      <symbol id="sm-2d3">
         <name>_XbarRegs</name>
         <value>0x7920</value>
         <object_component_ref idref="oc-c0"/>
      </symbol>
      <symbol id="sm-2d4">
         <name>_Flash0EccRegs</name>
         <value>0x5fb00</value>
         <object_component_ref idref="oc-ce"/>
      </symbol>
      <symbol id="sm-2d5">
         <name>_DcsmZ1OtpRegs</name>
         <value>0x78000</value>
         <object_component_ref idref="oc-ca"/>
      </symbol>
      <symbol id="sm-2d6">
         <name>_InputXbarRegs</name>
         <value>0x7900</value>
         <object_component_ref idref="oc-cd"/>
      </symbol>
      <symbol id="sm-2d7">
         <name>_EPwmXbarRegs</name>
         <value>0x7a00</value>
         <object_component_ref idref="oc-db"/>
      </symbol>
      <symbol id="sm-2d8">
         <name>_DcsmZ2Regs</name>
         <value>0x5f080</value>
         <object_component_ref idref="oc-d5"/>
      </symbol>
      <symbol id="sm-2d9">
         <name>_EPwm4Regs</name>
         <value>0x4300</value>
         <object_component_ref idref="oc-e5"/>
      </symbol>
      <symbol id="sm-2da">
         <name>_I2cbRegs</name>
         <value>0x7340</value>
         <object_component_ref idref="oc-d0"/>
      </symbol>
      <symbol id="sm-2db">
         <name>_CpuTimer1Regs</name>
         <value>0xc08</value>
         <object_component_ref idref="oc-b5"/>
      </symbol>
      <symbol id="sm-2dc">
         <name>_CmpssLite3Regs</name>
         <value>0x5580</value>
         <object_component_ref idref="oc-c7"/>
      </symbol>
      <symbol id="sm-2dd">
         <name>_GpioDataReadRegs</name>
         <value>0x7f80</value>
         <object_component_ref idref="oc-ba"/>
      </symbol>
      <symbol id="sm-2de">
         <name>_EPwm5Regs</name>
         <value>0x4400</value>
         <object_component_ref idref="oc-e6"/>
      </symbol>
      <symbol id="sm-2df">
         <name>_SpiaRegs</name>
         <value>0x6100</value>
         <object_component_ref idref="oc-be"/>
      </symbol>
      <symbol id="sm-2e0">
         <name>_CpuSysRegs</name>
         <value>0x5d300</value>
         <object_component_ref idref="oc-e1"/>
      </symbol>
      <symbol id="sm-2e1">
         <name>_TestErrorRegs</name>
         <value>0x5f590</value>
         <object_component_ref idref="oc-b3"/>
      </symbol>
      <symbol id="sm-2e2">
         <name>_XintRegs</name>
         <value>0x7070</value>
         <object_component_ref idref="oc-b7"/>
      </symbol>
      <symbol id="sm-2e3">
         <name>_CpuTimer0Regs</name>
         <value>0xc00</value>
         <object_component_ref idref="oc-b4"/>
      </symbol>
      <symbol id="sm-2e4">
         <name>_CmpssLite2Regs</name>
         <value>0x5540</value>
         <object_component_ref idref="oc-c6"/>
      </symbol>
      <symbol id="sm-2e5">
         <name>_AccessProtectionRegs</name>
         <value>0x5f500</value>
         <object_component_ref idref="oc-d3"/>
      </symbol>
      <symbol id="sm-2e6">
         <name>_MemCfgRegs</name>
         <value>0x5f400</value>
         <object_component_ref idref="oc-e0"/>
      </symbol>
      <symbol id="sm-2e7">
         <name>_EPwm6Regs</name>
         <value>0x4500</value>
         <object_component_ref idref="oc-e7"/>
      </symbol>
      <symbol id="sm-2e8">
         <name>_AdcaRegs</name>
         <value>0x7400</value>
         <object_component_ref idref="oc-de"/>
      </symbol>
      <symbol id="sm-2e9">
         <name>_SciaRegs</name>
         <value>0x7200</value>
         <object_component_ref idref="oc-bb"/>
      </symbol>
      <symbol id="sm-2ea">
         <name>_GpioDataRegs</name>
         <value>0x7f00</value>
         <object_component_ref idref="oc-dc"/>
      </symbol>
      <symbol id="sm-2eb">
         <name>_DcsmZ1Regs</name>
         <value>0x5f000</value>
         <object_component_ref idref="oc-d9"/>
      </symbol>
      <symbol id="sm-2ec">
         <name>_Flash0CtrlRegs</name>
         <value>0x5f800</value>
         <object_component_ref idref="oc-ec"/>
      </symbol>
      <symbol id="sm-2ed">
         <name>_EPwm7Regs</name>
         <value>0x4600</value>
         <object_component_ref idref="oc-e8"/>
      </symbol>
      <symbol id="sm-2ee">
         <name>_CpuTimer2Regs</name>
         <value>0xc10</value>
         <object_component_ref idref="oc-b6"/>
      </symbol>
      <symbol id="sm-2ef">
         <name>_AnalogSubsysRegs</name>
         <value>0x5d700</value>
         <object_component_ref idref="oc-ea"/>
      </symbol>
      <symbol id="sm-2f0">
         <name>_PieCtrlRegs</name>
         <value>0xce0</value>
         <object_component_ref idref="oc-c5"/>
      </symbol>
      <symbol id="sm-2f1">
         <name>_DevCfgRegs</name>
         <value>0x5d000</value>
         <object_component_ref idref="oc-ed"/>
      </symbol>
      <symbol id="sm-2f2">
         <name>_AdccRegs</name>
         <value>0x7500</value>
         <object_component_ref idref="oc-df"/>
      </symbol>
      <symbol id="sm-2f3">
         <name>_ScicRegs</name>
         <value>0x7220</value>
         <object_component_ref idref="oc-bd"/>
      </symbol>
      <symbol id="sm-2f4">
         <name>_ECap1Regs</name>
         <value>0x5200</value>
         <object_component_ref idref="oc-cb"/>
      </symbol>
      <symbol id="sm-2f5">
         <name>_OutputXbarRegs</name>
         <value>0x7a80</value>
         <object_component_ref idref="oc-dd"/>
      </symbol>
      <symbol id="sm-2f6">
         <name>_MemoryErrorRegs</name>
         <value>0x5f540</value>
         <object_component_ref idref="oc-d7"/>
      </symbol>
      <symbol id="sm-2f7">
         <name>_EQep1Regs</name>
         <value>0x5100</value>
         <object_component_ref idref="oc-d6"/>
      </symbol>
      <symbol id="sm-2f8">
         <name>_Epg1Regs</name>
         <value>0x5ec00</value>
         <object_component_ref idref="oc-da"/>
      </symbol>
      <symbol id="sm-2f9">
         <name>_UidRegs</name>
         <value>0x71140</value>
         <object_component_ref idref="oc-bf"/>
      </symbol>
      <symbol id="sm-2fa">
         <name>_EPwm1Regs</name>
         <value>0x4000</value>
         <object_component_ref idref="oc-e2"/>
      </symbol>
      <symbol id="sm-2fb">
         <name>_ScibRegs</name>
         <value>0x7210</value>
         <object_component_ref idref="oc-bc"/>
      </symbol>
      <symbol id="sm-2fc">
         <name>_AdcaResultRegs</name>
         <value>0xb00</value>
         <object_component_ref idref="oc-c2"/>
      </symbol>
      <symbol id="sm-2fd">
         <name>_ECap2Regs</name>
         <value>0x5240</value>
         <object_component_ref idref="oc-cc"/>
      </symbol>
      <symbol id="sm-2fe">
         <name>_DcsmZ2OtpRegs</name>
         <value>0x78200</value>
         <object_component_ref idref="oc-c1"/>
      </symbol>
      <symbol id="sm-2ff">
         <name>_AdccResultRegs</name>
         <value>0xb40</value>
         <object_component_ref idref="oc-c3"/>
      </symbol>
      <symbol id="sm-300">
         <name>_CmpssLite4Regs</name>
         <value>0x55c0</value>
         <object_component_ref idref="oc-c8"/>
      </symbol>
      <symbol id="sm-301">
         <name>_Cmpss1Regs</name>
         <value>0x5500</value>
         <object_component_ref idref="oc-c9"/>
      </symbol>
      <symbol id="sm-302">
         <name>_DcsmCommonRegs</name>
         <value>0x5f0c0</value>
         <object_component_ref idref="oc-d1"/>
      </symbol>
      <symbol id="sm-303">
         <name>_EPwm2Regs</name>
         <value>0x4100</value>
         <object_component_ref idref="oc-e3"/>
      </symbol>
      <symbol id="sm-304">
         <name>_SyncSocRegs</name>
         <value>0x7940</value>
         <object_component_ref idref="oc-b2"/>
      </symbol>
      <symbol id="sm-305">
         <name>_NmiIntruptRegs</name>
         <value>0x7060</value>
         <object_component_ref idref="oc-b8"/>
      </symbol>
      <symbol id="sm-306">
         <name>_EPwm3Regs</name>
         <value>0x4200</value>
         <object_component_ref idref="oc-e4"/>
      </symbol>
      <symbol id="sm-307">
         <name>_SysStatusRegs</name>
         <value>0x5d400</value>
         <object_component_ref idref="oc-c4"/>
      </symbol>
      <symbol id="sm-308">
         <name>_I2caRegs</name>
         <value>0x7300</value>
         <object_component_ref idref="oc-cf"/>
      </symbol>
      <symbol id="sm-328">
         <name>_GPIO_SetupLock</name>
         <value>0x82728</value>
         <object_component_ref idref="oc-15c"/>
      </symbol>
      <symbol id="sm-32a">
         <name>_GPIO_SetupXINT4Gpio</name>
         <value>0x8276b</value>
         <object_component_ref idref="oc-15c"/>
      </symbol>
      <symbol id="sm-32c">
         <name>_InitGpio</name>
         <value>0x825d0</value>
         <object_component_ref idref="oc-15c"/>
      </symbol>
      <symbol id="sm-32e">
         <name>_GPIO_SetupXINT5Gpio</name>
         <value>0x82774</value>
         <object_component_ref idref="oc-15c"/>
      </symbol>
      <symbol id="sm-330">
         <name>_GPIO_SetupXINT2Gpio</name>
         <value>0x82759</value>
         <object_component_ref idref="oc-15c"/>
      </symbol>
      <symbol id="sm-332">
         <name>_GPIO_SetupXINT3Gpio</name>
         <value>0x82762</value>
         <object_component_ref idref="oc-15c"/>
      </symbol>
      <symbol id="sm-334">
         <name>_GPIO_WritePin</name>
         <value>0x82794</value>
         <object_component_ref idref="oc-15c"/>
      </symbol>
      <symbol id="sm-336">
         <name>_GPIO_SetupPinOptions</name>
         <value>0x82696</value>
         <object_component_ref idref="oc-15c"/>
      </symbol>
      <symbol id="sm-338">
         <name>_GPIO_SetupXINT1Gpio</name>
         <value>0x82750</value>
         <object_component_ref idref="oc-15c"/>
      </symbol>
      <symbol id="sm-33a">
         <name>_GPIO_SetupPinMux</name>
         <value>0x8260d</value>
         <object_component_ref idref="oc-15c"/>
      </symbol>
      <symbol id="sm-33c">
         <name>_GPIO_ReadPin</name>
         <value>0x8277d</value>
         <object_component_ref idref="oc-15c"/>
      </symbol>
      <symbol id="sm-349">
         <name>_InitPieCtrl</name>
         <value>0x828e3</value>
         <object_component_ref idref="oc-158"/>
      </symbol>
      <symbol id="sm-34b">
         <name>_EnableInterrupts</name>
         <value>0x82902</value>
         <object_component_ref idref="oc-158"/>
      </symbol>
      <symbol id="sm-35c">
         <name>_PieVectTableInit</name>
         <value>0x88000</value>
         <object_component_ref idref="oc-15d"/>
      </symbol>
      <symbol id="sm-35d">
         <name>_InitPieVectTable</name>
         <value>0x8290b</value>
         <object_component_ref idref="oc-159"/>
      </symbol>
      <symbol id="sm-39d">
         <name>_InitSysPll</name>
         <value>0x8208e</value>
         <object_component_ref idref="oc-156"/>
      </symbol>
      <symbol id="sm-39f">
         <name>_DisablePeripheralClocks</name>
         <value>0x82060</value>
         <object_component_ref idref="oc-156"/>
      </symbol>
      <symbol id="sm-3a1">
         <name>_DisableDog</name>
         <value>0x82081</value>
         <object_component_ref idref="oc-156"/>
      </symbol>
      <symbol id="sm-3a3">
         <name>_SysIntOsc2Sel</name>
         <value>0x8217d</value>
         <object_component_ref idref="oc-156"/>
      </symbol>
      <symbol id="sm-3a5">
         <name>_HALT</name>
         <value>0x821dd</value>
         <object_component_ref idref="oc-156"/>
      </symbol>
      <symbol id="sm-3a7">
         <name>_IDLE</name>
         <value>0x821d4</value>
         <object_component_ref idref="oc-156"/>
      </symbol>
      <symbol id="sm-3a9">
         <name>_InitPeripheralClocks</name>
         <value>0x8201d</value>
         <object_component_ref idref="oc-156"/>
      </symbol>
      <symbol id="sm-3ab">
         <name>_InitFlash</name>
         <value>0x8028</value>
         <object_component_ref idref="oc-15b"/>
      </symbol>
      <symbol id="sm-3ad">
         <name>_SysXtalOscSel</name>
         <value>0x8219f</value>
         <object_component_ref idref="oc-156"/>
      </symbol>
      <symbol id="sm-3af">
         <name>_SysIntOsc1Sel</name>
         <value>0x82174</value>
         <object_component_ref idref="oc-156"/>
      </symbol>
      <symbol id="sm-3b1">
         <name>_ServiceDog</name>
         <value>0x82074</value>
         <object_component_ref idref="oc-156"/>
      </symbol>
      <symbol id="sm-3b3">
         <name>_IsPLLValid</name>
         <value>0x821ee</value>
         <object_component_ref idref="oc-156"/>
      </symbol>
      <symbol id="sm-3b5">
         <name>_InitSysCtrl</name>
         <value>0x82000</value>
         <object_component_ref idref="oc-156"/>
      </symbol>
      <symbol id="sm-3b7">
         <name>_SysXtalOscSESel</name>
         <value>0x821bf</value>
         <object_component_ref idref="oc-156"/>
      </symbol>
      <symbol id="sm-3b9">
         <name>_ComputeCntrSeedValue</name>
         <value>0x82283</value>
         <object_component_ref idref="oc-156"/>
      </symbol>
      <symbol id="sm-3c6">
         <name>_tempSensor_tempSlope</name>
         <value>0x801e</value>
         <object_component_ref idref="oc-10a"/>
      </symbol>
      <symbol id="sm-3c7">
         <name>_tempSensor_tempOffset</name>
         <value>0x801f</value>
         <object_component_ref idref="oc-10a"/>
      </symbol>
      <symbol id="sm-3c8">
         <name>_tempSensor_scaleFactor</name>
         <value>0x8020</value>
         <object_component_ref idref="oc-10a"/>
      </symbol>
      <symbol id="sm-3d4">
         <name>_F28x_usDelay</name>
         <value>0x8047</value>
         <object_component_ref idref="oc-10f"/>
      </symbol>
      <symbol id="sm-3ef">
         <name>_c_int00</name>
         <value>0x8283a</value>
         <object_component_ref idref="oc-114"/>
      </symbol>
      <symbol id="sm-3f0">
         <name>__stack</name>
         <value>0x400</value>
         <object_component_ref idref="oc-115"/>
      </symbol>
      <symbol id="sm-401">
         <name>FS$$DIV</name>
         <value>0x827b2</value>
         <object_component_ref idref="oc-11b"/>
      </symbol>
      <symbol id="sm-40d">
         <name>UL$$MOD</name>
         <value>0x828b4</value>
         <object_component_ref idref="oc-120"/>
      </symbol>
      <symbol id="sm-40e">
         <name>L$$MOD</name>
         <value>0x8289f</value>
         <object_component_ref idref="oc-120"/>
      </symbol>
      <symbol id="sm-40f">
         <name>L$$DIV</name>
         <value>0x82890</value>
         <object_component_ref idref="oc-120"/>
      </symbol>
      <symbol id="sm-410">
         <name>UL$$DIV</name>
         <value>0x828ad</value>
         <object_component_ref idref="oc-120"/>
      </symbol>
      <symbol id="sm-41f">
         <name>_copy_in</name>
         <value>0x82930</value>
         <object_component_ref idref="oc-14b"/>
      </symbol>
      <symbol id="sm-431">
         <name>_memcpy</name>
         <value>0x82954</value>
         <object_component_ref idref="oc-14f"/>
      </symbol>
      <symbol id="sm-43e">
         <name>__system_pre_init</name>
         <value>0x829bd</value>
         <object_component_ref idref="oc-14a"/>
      </symbol>
      <symbol id="sm-44c">
         <name>__system_post_cinit</name>
         <value>0x829bf</value>
         <object_component_ref idref="oc-14c"/>
      </symbol>
      <symbol id="sm-461">
         <name>C$$EXIT</name>
         <value>0x828ba</value>
         <object_component_ref idref="oc-14e"/>
      </symbol>
      <symbol id="sm-462">
         <name>_exit</name>
         <value>0x828bc</value>
         <object_component_ref idref="oc-14e"/>
      </symbol>
      <symbol id="sm-464">
         <name>___TI_cleanup_ptr</name>
         <value>0x801a</value>
         <object_component_ref idref="oc-13b"/>
      </symbol>
      <symbol id="sm-465">
         <name>___TI_enable_exit_profile_output</name>
         <value>0x8018</value>
         <object_component_ref idref="oc-13b"/>
      </symbol>
      <symbol id="sm-466">
         <name>_abort</name>
         <value>0x828ba</value>
         <object_component_ref idref="oc-14e"/>
      </symbol>
      <symbol id="sm-468">
         <name>___TI_dtors_ptr</name>
         <value>0x801c</value>
         <object_component_ref idref="oc-13b"/>
      </symbol>
      <symbol id="sm-47c">
         <name>__unlock</name>
         <value>0x8024</value>
         <object_component_ref idref="oc-15a"/>
      </symbol>
      <symbol id="sm-47d">
         <name>__lock</name>
         <value>0x8022</value>
         <object_component_ref idref="oc-151"/>
      </symbol>
      <symbol id="sm-47e">
         <name>__register_lock</name>
         <value>0x829ad</value>
         <object_component_ref idref="oc-154"/>
      </symbol>
      <symbol id="sm-480">
         <name>__nop</name>
         <value>0x829b1</value>
         <object_component_ref idref="oc-154"/>
      </symbol>
      <symbol id="sm-482">
         <name>__register_unlock</name>
         <value>0x829a9</value>
         <object_component_ref idref="oc-154"/>
      </symbol>
      <symbol id="sm-492">
         <name>__args_main</name>
         <value>0x82971</value>
         <object_component_ref idref="oc-14d"/>
      </symbol>
   </symbol_table>
   <title>Link successful</title>
</link_info>
