******************************************************************************
             TMS320C2000 Linker PC v22.6.2                     
******************************************************************************
>> Linked Mon Jul 14 00:42:32 2025

OUTPUT FILE NAME:   <P200W_ACDC_DSP_2800137_V1.000.out>
ENTRY POINT SYMBOL: "code_start"  address: 00080000


MEMORY CONFIGURATION

         name            origin    length      used     unused   attr    fill
----------------------  --------  ---------  --------  --------  ----  --------
PAGE 0:
  BOOT_RSVD             00000002   00000126  00000000  00000126  RWIX
  RAMM0                 00000128   000002d8  00000000  000002d8  RWIX
  RAMM1                 00000400   000003f8  00000100  000002f8  RWIX
  RAMLS0                00008000   00002000  00000b19  000014e7  RWIX
  RAMLS1                0000a000   00001ff8  00000000  00001ff8  RWIX
  BEGIN                 00080000   00000002  00000002  00000000  RWIX
  FLASH_BANK0_SEC_0_7   00080002   00001ffe  0000003d  00001fc1  RWIX
  FLASH_BANK0_SEC_8_15  00082000   00002000  00002000  00000000  RWIX
  FLASH_BANK0_SEC_16_23 00084000   00002000  00002000  00000000  RWIX
  FLASH_BANK0_SEC_24_31 00086000   00002000  000018a6  0000075a  RWIX
  FLASH_BANK0_SEC_32_39 00088000   00002000  0000032e  00001cd2  RWIX
  FLASH_BANK0_SEC_40_47 0008a000   00002000  00000000  00002000  RWIX
  FLASH_BANK0_SEC_48_55 0008c000   00002000  00000000  00002000  RWIX
  FLASH_BANK0_SEC_56_63 0008e000   00002000  00000000  00002000  RWIX
  FLASH_BANK0_SEC_64_71 00090000   00002000  00000000  00002000  RWIX
  FLASH_BANK0_SEC_72_79 00092000   00002000  00000000  00002000  RWIX
  FLASH_BANK0_SEC_80_87 00094000   00002000  00000000  00002000  RWIX
  FLASH_BANK0_SEC_88_95 00096000   00002000  00000000  00002000  RWIX
  FLASH_BANK0_SEC_96_10 00098000   00002000  00000000  00002000  RWIX
  FLASH_BANK0_SEC_104_1 0009a000   00002000  00000000  00002000  RWIX
  FLASH_BANK0_SEC_112_1 0009c000   00002000  00000000  00002000  RWIX
  FLASH_BANK0_SEC_120_1 0009e000   00001ff0  00000000  00001ff0  RWIX
  RESET                 003fffc0   00000002  00000000  00000002  RWIX

PAGE 1:
  ADCARESULT            00000b00   00000018  00000018  00000000  RWIX
  ADCCRESULT            00000b40   00000018  00000018  00000000  RWIX
  CPUTIMER0             00000c00   00000008  00000008  00000000  RWIX
  CPUTIMER1             00000c08   00000008  00000008  00000000  RWIX
  CPUTIMER2             00000c10   00000008  00000008  00000000  RWIX
  PIECTRL               00000ce0   0000001a  0000001a  00000000  RWIX
  PIEVECTTABLE          00000d00   00000200  00000100  00000100  RWIX
  EPWM1                 00004000   00000100  00000100  00000000  RWIX
  EPWM2                 00004100   00000100  00000100  00000000  RWIX
  EPWM3                 00004200   00000100  00000100  00000000  RWIX
  EPWM4                 00004300   00000100  00000100  00000000  RWIX
  EPWM5                 00004400   00000100  00000100  00000000  RWIX
  EPWM6                 00004500   00000100  00000100  00000000  RWIX
  EPWM7                 00004600   00000100  00000100  00000000  RWIX
  EQEP1                 00005100   00000040  00000038  00000008  RWIX
  ECAP1                 00005200   00000020  00000020  00000000  RWIX
  ECAP2                 00005240   00000020  00000020  00000000  RWIX
  CMPSS1                00005500   00000040  0000001b  00000025  RWIX
  CMPSSLITE2            00005540   00000040  0000001b  00000025  RWIX
  CMPSSLITE3            00005580   00000040  0000001b  00000025  RWIX
  CMPSSLITE4            000055c0   00000040  0000001b  00000025  RWIX
  SPIA                  00006100   00000010  00000010  00000000  RWIX
  WD                    00007000   0000002c  0000002b  00000001  RWIX
  NMIINTRUPT            00007060   00000010  0000000c  00000004  RWIX
  XINT                  00007070   0000000c  0000000b  00000001  RWIX
  SCIA                  00007200   00000010  00000010  00000000  RWIX
  SCIB                  00007210   00000010  00000010  00000000  RWIX
  SCIC                  00007220   00000010  00000010  00000000  RWIX
  I2CA                  00007300   00000022  00000022  00000000  RWIX
  I2CB                  00007340   00000022  00000022  00000000  RWIX
  ADCA                  00007400   00000080  00000076  0000000a  RWIX
  ADCC                  00007500   00000080  00000076  0000000a  RWIX
  INPUTXBAR             00007900   00000020  00000020  00000000  RWIX
  XBAR                  00007920   00000020  00000010  00000010  RWIX
  SYNCSOC               00007940   00000006  00000006  00000000  RWIX
  EPWMXBAR              00007a00   00000040  00000040  00000000  RWIX
  OUTPUTXBAR            00007a80   00000040  00000040  00000000  RWIX
  GPIOCTRL              00007c00   00000200  00000200  00000000  RWIX
  GPIODATA              00007f00   00000040  00000040  00000000  RWIX
  GPIODATAREAD          00007f80   00000010  00000010  00000000  RWIX
  CANA                  00048000   00000200  00000164  0000009c  RWIX
  DEVCFG                0005d000   000001ac  0000019c  00000010  RWIX
  CLKCFG                0005d200   00000100  0000003e  000000c2  RWIX
  CPUSYS                0005d300   00000100  000000b0  00000050  RWIX
  SYSSTATUS             0005d400   00000040  00000018  00000028  RWIX
  ANALOGSUBSYS          0005d700   0000012a  0000011a  00000010  RWIX
  DCC0                  0005e700   00000038  0000002c  0000000c  RWIX
  EPG1                  0005ec00   00000050  00000040  00000010  RWIX
  EPG1MUX               0005ecd0   00000010  00000010  00000000  RWIX
  DCSMZ1                0005f000   0000003e  0000003e  00000000  RWIX
  DCSMZ2                0005f080   0000003e  0000002c  00000012  RWIX
  DCSMCOMMON            0005f0c0   00000040  00000028  00000018  RWIX
  MEMCFG                0005f400   000000c0  000000a6  0000001a  RWIX
  ACCESSPROTECTION      0005f500   0000003e  0000002c  00000012  RWIX
  MEMORYERROR           0005f540   00000040  0000003a  00000006  RWIX
  TESTERROR             0005f590   00000010  00000006  0000000a  RWIX
  FLASH0CTRL            0005f800   00000182  00000182  00000000  RWIX
  FLASH0ECC             0005fb00   00000028  00000022  00000006  RWIX
  UID                   00071140   00000010  00000010  00000000  RWIX
  DCSMZ1OTP             00078000   00000020  00000020  00000000  RWIX
  DCSMZ2OTP             00078200   00000020  00000012  0000000e  RWIX


SECTION ALLOCATION MAP

 output                                  attributes/
section   page    origin      length       input sections
--------  ----  ----------  ----------   ----------------
codestart 
*          0    00080000    00000002     
                  00080000    00000002     f280013x_codestartbranch.obj (codestart)

.cinit     0    00080030    0000001a     
                  00080030    0000000e     rts2800_fpu32.lib : exit.c.obj (.cinit)
                  0008003e    00000005                       : _lock.c.obj (.cinit:__lock)
                  00080043    00000005                       : _lock.c.obj (.cinit:__unlock)
                  00080048    00000002     --HOLE-- [fill = 0]

.reset     0    003fffc0    00000002     DSECT
                  003fffc0    00000002     rts2800_fpu32.lib : boot28.asm.obj (.reset)

.stack     0    00000400    00000100     UNINITIALIZED
                  00000400    00000100     --HOLE--

.pinit     0    00080008    00000000     UNINITIALIZED

.ebss      0    00008000    00000af6     UNINITIALIZED
                  00008000    0000041e     PLL.obj (.ebss)
                  0000841e    0000001e     Grid.obj (.ebss)
                  0000843c    00000004     BSP_Fault.obj (.ebss)
                  00008440    000001f2     BSP_Sci.obj (.ebss:_SciList)
                  00008632    0000000e     Protect_Inv.obj (.ebss)
                  00008640    0000011e     Protocol.obj (.ebss)
                  0000875e    0000001b     Task_Msw.obj (.ebss)
                  00008779    00000007     Config_Inv.obj (.ebss)
                  00008780    000000b2     Sample.obj (.ebss)
                  00008832    00000009     BSP_Timer.obj (.ebss)
                  0000883b    00000001     Interrupt.obj (.ebss)
                  0000883c    00000004     Config_LLc.obj (.ebss)
                  00008840    000000a4     Ctr_Inv.obj (.ebss)
                  000088e4    00000018     BSP_Sci.obj (.ebss:_QList)
                  000088fc    00000004     BSP_OS.obj (.ebss:_OS_TASK_EVEN)
                  00008900    00000090     BSP_Adc.obj (.ebss)
                  00008990    00000018     f280013x_cputimers.obj (.ebss)
                  000089a8    00000006     Protect_LLc.obj (.ebss)
                  000089ae    00000006     rts2800_fpu32.lib : exit.c.obj (.ebss)
                  000089b4    00000004     f280013x_tempsensorconv.obj (.ebss)
                  000089b8    00000002     rts2800_fpu32.lib : _lock.c.obj (.ebss:__lock)
                  000089ba    00000002                       : _lock.c.obj (.ebss:__unlock)
                  000089bc    00000001     Task_Fun.obj (.ebss)
                  000089bd    00000003     --HOLE--
                  000089c0    0000006a     Ctr_LLc.obj (.ebss)
                  00008a2a    00000064     Protocol.obj (.ebss:_sTxTable)
                  00008a8e    00000032     --HOLE--
                  00008ac0    00000036     UserMath.obj (.ebss)

.TI.ramfunc 
*          0    00080008    00000023     RUN ADDR = 00008af8
                  00080008    0000001f     f280013x_sysctrl.obj (.TI.ramfunc)
                  00080027    00000004     f280013x_usdelay.obj (.TI.ramfunc)

AdcaResultRegsFile 
*          1    00000b00    00000018     UNINITIALIZED
                  00000b00    00000018     f280013x_globalvariabledefs.obj (AdcaResultRegsFile)

AdccResultRegsFile 
*          1    00000b40    00000018     UNINITIALIZED
                  00000b40    00000018     f280013x_globalvariabledefs.obj (AdccResultRegsFile)

CpuTimer0RegsFile 
*          1    00000c00    00000008     UNINITIALIZED
                  00000c00    00000008     f280013x_globalvariabledefs.obj (CpuTimer0RegsFile)

CpuTimer1RegsFile 
*          1    00000c08    00000008     UNINITIALIZED
                  00000c08    00000008     f280013x_globalvariabledefs.obj (CpuTimer1RegsFile)

CpuTimer2RegsFile 
*          1    00000c10    00000008     UNINITIALIZED
                  00000c10    00000008     f280013x_globalvariabledefs.obj (CpuTimer2RegsFile)

PieCtrlRegsFile 
*          1    00000ce0    0000001a     UNINITIALIZED
                  00000ce0    0000001a     f280013x_globalvariabledefs.obj (PieCtrlRegsFile)

PieVectTableFile 
*          1    00000d00    00000100     UNINITIALIZED
                  00000d00    00000100     f280013x_globalvariabledefs.obj (PieVectTableFile)

EmuKeyVar 
*          1    00000d00    00000000     UNINITIALIZED

EmuBModeVar 
*          1    00000d00    00000000     UNINITIALIZED

EmuBootPinsVar 
*          1    00000d00    00000000     UNINITIALIZED

FlashCallbackVar 
*          1    00000d00    00000000     UNINITIALIZED

FlashScalingVar 
*          1    00000d00    00000000     UNINITIALIZED

EPwm1RegsFile 
*          1    00004000    00000100     UNINITIALIZED
                  00004000    00000100     f280013x_globalvariabledefs.obj (EPwm1RegsFile)

EPwm2RegsFile 
*          1    00004100    00000100     UNINITIALIZED
                  00004100    00000100     f280013x_globalvariabledefs.obj (EPwm2RegsFile)

EPwm3RegsFile 
*          1    00004200    00000100     UNINITIALIZED
                  00004200    00000100     f280013x_globalvariabledefs.obj (EPwm3RegsFile)

EPwm4RegsFile 
*          1    00004300    00000100     UNINITIALIZED
                  00004300    00000100     f280013x_globalvariabledefs.obj (EPwm4RegsFile)

EPwm5RegsFile 
*          1    00004400    00000100     UNINITIALIZED
                  00004400    00000100     f280013x_globalvariabledefs.obj (EPwm5RegsFile)

EPwm6RegsFile 
*          1    00004500    00000100     UNINITIALIZED
                  00004500    00000100     f280013x_globalvariabledefs.obj (EPwm6RegsFile)

EPwm7RegsFile 
*          1    00004600    00000100     UNINITIALIZED
                  00004600    00000100     f280013x_globalvariabledefs.obj (EPwm7RegsFile)

EQep1RegsFile 
*          1    00005100    00000038     UNINITIALIZED
                  00005100    00000038     f280013x_globalvariabledefs.obj (EQep1RegsFile)

ECap1RegsFile 
*          1    00005200    00000020     UNINITIALIZED
                  00005200    00000020     f280013x_globalvariabledefs.obj (ECap1RegsFile)

ECap2RegsFile 
*          1    00005240    00000020     UNINITIALIZED
                  00005240    00000020     f280013x_globalvariabledefs.obj (ECap2RegsFile)

Cmpss1RegsFile 
*          1    00005500    0000001b     UNINITIALIZED
                  00005500    0000001b     f280013x_globalvariabledefs.obj (Cmpss1RegsFile)

CmpssLite2RegsFile 
*          1    00005540    0000001b     UNINITIALIZED
                  00005540    0000001b     f280013x_globalvariabledefs.obj (CmpssLite2RegsFile)

CmpssLite3RegsFile 
*          1    00005580    0000001b     UNINITIALIZED
                  00005580    0000001b     f280013x_globalvariabledefs.obj (CmpssLite3RegsFile)

CmpssLite4RegsFile 
*          1    000055c0    0000001b     UNINITIALIZED
                  000055c0    0000001b     f280013x_globalvariabledefs.obj (CmpssLite4RegsFile)

SpiaRegsFile 
*          1    00006100    00000010     UNINITIALIZED
                  00006100    00000010     f280013x_globalvariabledefs.obj (SpiaRegsFile)

WdRegsFile 
*          1    00007000    0000002b     UNINITIALIZED
                  00007000    0000002b     f280013x_globalvariabledefs.obj (WdRegsFile)

NmiIntruptRegsFile 
*          1    00007060    0000000c     UNINITIALIZED
                  00007060    0000000c     f280013x_globalvariabledefs.obj (NmiIntruptRegsFile)

XintRegsFile 
*          1    00007070    0000000b     UNINITIALIZED
                  00007070    0000000b     f280013x_globalvariabledefs.obj (XintRegsFile)

SciaRegsFile 
*          1    00007200    00000010     UNINITIALIZED
                  00007200    00000010     f280013x_globalvariabledefs.obj (SciaRegsFile)

ScibRegsFile 
*          1    00007210    00000010     UNINITIALIZED
                  00007210    00000010     f280013x_globalvariabledefs.obj (ScibRegsFile)

ScicRegsFile 
*          1    00007220    00000010     UNINITIALIZED
                  00007220    00000010     f280013x_globalvariabledefs.obj (ScicRegsFile)

I2caRegsFile 
*          1    00007300    00000022     UNINITIALIZED
                  00007300    00000022     f280013x_globalvariabledefs.obj (I2caRegsFile)

I2cbRegsFile 
*          1    00007340    00000022     UNINITIALIZED
                  00007340    00000022     f280013x_globalvariabledefs.obj (I2cbRegsFile)

AdcaRegsFile 
*          1    00007400    00000076     UNINITIALIZED
                  00007400    00000076     f280013x_globalvariabledefs.obj (AdcaRegsFile)

AdccRegsFile 
*          1    00007500    00000076     UNINITIALIZED
                  00007500    00000076     f280013x_globalvariabledefs.obj (AdccRegsFile)

InputXbarRegsFile 
*          1    00007900    00000020     UNINITIALIZED
                  00007900    00000020     f280013x_globalvariabledefs.obj (InputXbarRegsFile)

XbarRegsFile 
*          1    00007920    00000010     UNINITIALIZED
                  00007920    00000010     f280013x_globalvariabledefs.obj (XbarRegsFile)

SyncSocRegsFile 
*          1    00007940    00000006     UNINITIALIZED
                  00007940    00000006     f280013x_globalvariabledefs.obj (SyncSocRegsFile)

EPwmXbarRegsFile 
*          1    00007a00    00000040     UNINITIALIZED
                  00007a00    00000040     f280013x_globalvariabledefs.obj (EPwmXbarRegsFile)

OutputXbarRegsFile 
*          1    00007a80    00000040     UNINITIALIZED
                  00007a80    00000040     f280013x_globalvariabledefs.obj (OutputXbarRegsFile)

GpioCtrlRegsFile 
*          1    00007c00    00000200     UNINITIALIZED
                  00007c00    00000200     f280013x_globalvariabledefs.obj (GpioCtrlRegsFile)

GpioDataRegsFile 
*          1    00007f00    00000040     UNINITIALIZED
                  00007f00    00000040     f280013x_globalvariabledefs.obj (GpioDataRegsFile)

GpioDataReadRegsFile 
*          1    00007f80    00000010     UNINITIALIZED
                  00007f80    00000010     f280013x_globalvariabledefs.obj (GpioDataReadRegsFile)

CanaRegsFile 
*          1    00048000    00000164     UNINITIALIZED
                  00048000    00000164     f280013x_globalvariabledefs.obj (CanaRegsFile)

DevCfgRegsFile 
*          1    0005d000    0000019c     UNINITIALIZED
                  0005d000    0000019c     f280013x_globalvariabledefs.obj (DevCfgRegsFile)

ClkCfgRegsFile 
*          1    0005d200    0000003e     UNINITIALIZED
                  0005d200    0000003e     f280013x_globalvariabledefs.obj (ClkCfgRegsFile)

CpuSysRegsFile 
*          1    0005d300    000000b0     UNINITIALIZED
                  0005d300    000000b0     f280013x_globalvariabledefs.obj (CpuSysRegsFile)

SysStatusRegsFile 
*          1    0005d400    00000018     UNINITIALIZED
                  0005d400    00000018     f280013x_globalvariabledefs.obj (SysStatusRegsFile)

AnalogSubsysRegsFile 
*          1    0005d700    0000011a     UNINITIALIZED
                  0005d700    0000011a     f280013x_globalvariabledefs.obj (AnalogSubsysRegsFile)

Dcc0RegsFile 
*          1    0005e700    0000002c     UNINITIALIZED
                  0005e700    0000002c     f280013x_globalvariabledefs.obj (Dcc0RegsFile)

Epg1RegsFile 
*          1    0005ec00    00000040     UNINITIALIZED
                  0005ec00    00000040     f280013x_globalvariabledefs.obj (Epg1RegsFile)

Epg1MuxRegsFile 
*          1    0005ecd0    00000010     UNINITIALIZED
                  0005ecd0    00000010     f280013x_globalvariabledefs.obj (Epg1MuxRegsFile)

DcsmZ1RegsFile 
*          1    0005f000    0000003e     UNINITIALIZED
                  0005f000    0000003e     f280013x_globalvariabledefs.obj (DcsmZ1RegsFile)

DcsmZ2RegsFile 
*          1    0005f080    0000002c     UNINITIALIZED
                  0005f080    0000002c     f280013x_globalvariabledefs.obj (DcsmZ2RegsFile)

DcsmCommonRegsFile 
*          1    0005f0c0    00000028     UNINITIALIZED
                  0005f0c0    00000028     f280013x_globalvariabledefs.obj (DcsmCommonRegsFile)

MemCfgRegsFile 
*          1    0005f400    000000a6     UNINITIALIZED
                  0005f400    000000a6     f280013x_globalvariabledefs.obj (MemCfgRegsFile)

AccessProtectionRegsFile 
*          1    0005f500    0000002c     UNINITIALIZED
                  0005f500    0000002c     f280013x_globalvariabledefs.obj (AccessProtectionRegsFile)

MemoryErrorRegsFile 
*          1    0005f540    0000003a     UNINITIALIZED
                  0005f540    0000003a     f280013x_globalvariabledefs.obj (MemoryErrorRegsFile)

TestErrorRegsFile 
*          1    0005f590    00000006     UNINITIALIZED
                  0005f590    00000006     f280013x_globalvariabledefs.obj (TestErrorRegsFile)

Flash0CtrlRegsFile 
*          1    0005f800    00000182     UNINITIALIZED
                  0005f800    00000182     f280013x_globalvariabledefs.obj (Flash0CtrlRegsFile)

Flash0EccRegsFile 
*          1    0005fb00    00000022     UNINITIALIZED
                  0005fb00    00000022     f280013x_globalvariabledefs.obj (Flash0EccRegsFile)

UidRegsFile 
*          1    00071140    00000010     UNINITIALIZED
                  00071140    00000010     f280013x_globalvariabledefs.obj (UidRegsFile)

DcsmZ1OtpRegsFile 
*          1    00078000    00000020     UNINITIALIZED
                  00078000    00000020     f280013x_globalvariabledefs.obj (DcsmZ1OtpRegsFile)

DcsmZ2OtpRegsFile 
*          1    00078200    00000012     UNINITIALIZED
                  00078200    00000012     f280013x_globalvariabledefs.obj (DcsmZ2OtpRegsFile)

.text.1    0    00082000    00002000     
                  00082000    000009b9     Ctr_LLc.obj (.text)
                  000829b9    00000874     BSP_EPwm.obj (.text)
                  0008322d    00000740     Task_Msw.obj (.text)
                  0008396d    0000067b     Ctr_Inv.obj (.text)
                  00083fe8    00000018     BSP_Ram.obj (.text)

.text.2    0    00084000    00002000     
                  00084000    00000694     Protocol.obj (.text)
                  00084694    000005eb     Driver_Cmpss.obj (.text)
                  00084c7f    000004e4     Sample.obj (.text)
                  00085163    00000400     BSP_Sci.obj (.text)
                  00085563    000003cb     Driver_Sci.obj (.text)
                  0008592e    00000300     PLL.obj (.text)
                  00085c2e    000002f3     f280013x_sysctrl.obj (.text)
                  00085f21    000000ad     BSP_Timer.obj (.text)
                  00085fce    0000002e     Task_Fun.obj (.text)
                  00085ffc    00000003     f280013x_dbgier.obj (.text)
                  00085fff    00000001     rts2800_fpu32.lib : startup.c.obj (.text)

.text.3    0    00086000    000018a6     
                  00086000    000002dd     f280013x_defaultisr.obj (.text:retain)
                  000862dd    000002a1     Driver_Adc.obj (.text)
                  0008657e    000001fc     Grid.obj (.text)
                  0008677a    000001e2     f280013x_gpio.obj (.text)
                  0008695c    000001bf     BSP_Adc.obj (.text)
                  00086b1b    000001b0     BSP_Gpio.obj (.text)
                  00086ccb    000001a0     Crc16.obj (.text)
                  00086e6b    00000196     Protect_Inv.obj (.text)
                  00087001    00000189     UserMath.obj (.text)
                  0008718a    00000177     Config_Inv.obj (.text)
                  00087301    0000009a     BSP_Fault.obj (.text)
                  0008739b    00000088     rts2800_fpu32.lib : fs_div28.asm.obj (.text)
                  00087423    00000082     Protect_LLc.obj (.text)
                  000874a5    0000007c     f280013x_cputimers.obj (.text)
                  00087521    00000060     f280013x_adc.obj (.text)
                  00087581    0000005d     Interrupt.obj (.text)
                  000875de    00000056     rts2800_fpu32.lib : boot28.asm.obj (.text)
                  00087634    0000004c     BSP_OS.obj (.text)
                  00087680    00000035     Interrupt.obj (.text:retain)
                  000876b5    0000002c     Init.obj (.text)
                  000876e1    0000002a     rts2800_fpu32.lib : l_div28.asm.obj (.text)
                  0008770b    00000029                       : exit.c.obj (.text)
                  00087734    00000028     f280013x_piectrl.obj (.text)
                  0008775c    00000026     Task_Sci.obj (.text)
                  00087782    00000025     Task_Inv.obj (.text)
                  000877a7    00000025     f280013x_pievect.obj (.text)
                  000877cc    00000024     rts2800_fpu32.lib : cpy_tbl.c.obj (.text)
                  000877f0    00000022                       : i_div28.asm.obj (.text)
                  00087812    0000001d                       : memcpy.c.obj (.text)
                  0008782f    00000019     main.obj (.text)
                  00087848    00000016     BSP_Cmpss.obj (.text)
                  0008785e    00000016     Config_LLc.obj (.text)
                  00087874    00000012     rts2800_fpu32.lib : args_main.c.obj (.text)
                  00087886    0000000d     BSP_Xbar.obj (.text)
                  00087893    00000009     rts2800_fpu32.lib : _lock.c.obj (.text)
                  0008789c    00000008     f280013x_codestartbranch.obj (.text)
                  000878a4    00000002     rts2800_fpu32.lib : pre_init.c.obj (.text)

.econst    0    00088000    0000032e     
                  00088000    00000100     Crc16.obj (.econst:.string:_crcHi_Table)
                  00088100    00000100     Crc16.obj (.econst:.string:_crcLo_Table)
                  00088200    00000100     f280013x_pievect.obj (.econst:_PieVectTableInit)
                  00088300    00000020     BSP_Cmpss.obj (.econst:_t_CMP_Para)
                  00088320    00000006     Driver_Cmpss.obj (.econst:_CMP_LITE_CH)
                  00088326    00000006     Driver_Sci.obj (.econst:_SciReg)
                  0008832c    00000002     Driver_Cmpss.obj (.econst:_CMP_CH)

MODULE SUMMARY

       Module                            code    initialized data   uninitialized data
       ------                            ----    ----------------   ------------------
    .\01_App\Source\
       Sample.obj                        1252    0                  178               
       Grid.obj                          508     0                  30                
       UserMath.obj                      393     0                  54                
       Interrupt.obj                     146     0                  1                 
       Init.obj                          44      0                  0                 
       main.obj                          25      0                  0                 
    +--+---------------------------------+-------+------------------+--------------------+
       Total:                            2368    0                  263               
                                                                                      
    .\02_Ctr\Source\
       Ctr_LLc.obj                       2489    0                  106               
       Ctr_Inv.obj                       1659    0                  164               
       PLL.obj                           768     0                  1054              
       Protect_Inv.obj                   406     0                  14                
       Config_Inv.obj                    375     0                  7                 
       Protect_LLc.obj                   130     0                  6                 
       Config_LLc.obj                    22      0                  4                 
    +--+---------------------------------+-------+------------------+--------------------+
       Total:                            5849    0                  1355              
                                                                                      
    .\03_Task\Source\
       Task_Msw.obj                      1856    0                  27                
       Task_Fun.obj                      46      0                  1                 
       Task_Sci.obj                      38      0                  0                 
       Task_Inv.obj                      37      0                  0                 
    +--+---------------------------------+-------+------------------+--------------------+
       Total:                            1977    0                  28                
                                                                                      
    .\05_BSP\Source\
       BSP_EPwm.obj                      2164    0                  0                 
       BSP_Sci.obj                       1024    0                  522               
       BSP_Adc.obj                       447     0                  144               
       BSP_Gpio.obj                      432     0                  0                 
       BSP_Timer.obj                     173     0                  9                 
       BSP_Fault.obj                     154     0                  4                 
       BSP_OS.obj                        76      0                  4                 
       BSP_Cmpss.obj                     22      32                 0                 
       BSP_Ram.obj                       24      0                  0                 
       BSP_Xbar.obj                      13      0                  0                 
    +--+---------------------------------+-------+------------------+--------------------+
       Total:                            4529    32                 683               
                                                                                      
    .\06_CSP\Source\
       f280013x_globalvariabledefs.obj   0       0                  5924              
       f280013x_sysctrl.obj              817     0                  0                 
       f280013x_defaultisr.obj           733     0                  0                 
       f280013x_gpio.obj                 482     0                  0                 
       f280013x_pievect.obj              37      256                0                 
       f280013x_cputimers.obj            124     0                  24                
       f280013x_adc.obj                  96      0                  0                 
       f280013x_piectrl.obj              40      0                  0                 
       f280013x_codestartbranch.obj      10      0                  0                 
       f280013x_usdelay.obj              8       0                  0                 
       f280013x_tempsensorconv.obj       0       0                  4                 
       f280013x_dbgier.obj               3       0                  0                 
    +--+---------------------------------+-------+------------------+--------------------+
       Total:                            2350    256                5952              
                                                                                      
    .\07_Driver\Source\
       Driver_Cmpss.obj                  1515    8                  0                 
       Driver_Sci.obj                    971     6                  0                 
       Driver_Adc.obj                    673     0                  0                 
    +--+---------------------------------+-------+------------------+--------------------+
       Total:                            3159    14                 0                 
                                                                                      
    .\09_Protocol\Source\
       Protocol.obj                      1684    0                  386               
       Crc16.obj                         416     512                0                 
    +--+---------------------------------+-------+------------------+--------------------+
       Total:                            2100    512                386               
                                                                                      
    D:\ti\ccs2020\ccs\tools\compiler\ti-cgt-c2000_22.6.2.LTS\lib\rts2800_fpu32.lib
       fs_div28.asm.obj                  136     0                  0                 
       boot28.asm.obj                    86      0                  0                 
       exit.c.obj                        41      14                 6                 
       l_div28.asm.obj                   42      0                  0                 
       cpy_tbl.c.obj                     36      0                  0                 
       i_div28.asm.obj                   34      0                  0                 
       memcpy.c.obj                      29      0                  0                 
       _lock.c.obj                       9       10                 4                 
       args_main.c.obj                   18      0                  0                 
       pre_init.c.obj                    2       0                  0                 
       startup.c.obj                     1       0                  0                 
    +--+---------------------------------+-------+------------------+--------------------+
       Total:                            434     24                 10                
                                                                                      
       Stack:                            0       0                  256               
    +--+---------------------------------+-------+------------------+--------------------+
       Grand Total:                      22766   838                8933              


GLOBAL DATA SYMBOLS: SORTED BY DATA PAGE

address     data page           name
--------    ----------------    ----
00000400      10 (00000400)     __stack

00000b00      2c (00000b00)     _AdcaResultRegs

00000b40      2d (00000b40)     _AdccResultRegs

00000c00      30 (00000c00)     _CpuTimer0Regs
00000c08      30 (00000c00)     _CpuTimer1Regs
00000c10      30 (00000c00)     _CpuTimer2Regs

00000ce0      33 (00000cc0)     _PieCtrlRegs

00000d00      34 (00000d00)     _PieVectTable

00004000     100 (00004000)     _EPwm1Regs

00004100     104 (00004100)     _EPwm2Regs

00004200     108 (00004200)     _EPwm3Regs

00004300     10c (00004300)     _EPwm4Regs

00004400     110 (00004400)     _EPwm5Regs

00004500     114 (00004500)     _EPwm6Regs

00004600     118 (00004600)     _EPwm7Regs

00005100     144 (00005100)     _EQep1Regs

00005200     148 (00005200)     _ECap1Regs

00005240     149 (00005240)     _ECap2Regs

00005500     154 (00005500)     _Cmpss1Regs

00005540     155 (00005540)     _CmpssLite2Regs

00005580     156 (00005580)     _CmpssLite3Regs

000055c0     157 (000055c0)     _CmpssLite4Regs

00006100     184 (00006100)     _SpiaRegs

00007000     1c0 (00007000)     _WdRegs

00007060     1c1 (00007040)     _NmiIntruptRegs
00007070     1c1 (00007040)     _XintRegs

00007200     1c8 (00007200)     _SciaRegs
00007210     1c8 (00007200)     _ScibRegs
00007220     1c8 (00007200)     _ScicRegs

00007300     1cc (00007300)     _I2caRegs

00007340     1cd (00007340)     _I2cbRegs

00007400     1d0 (00007400)     _AdcaRegs

00007500     1d4 (00007500)     _AdccRegs

00007900     1e4 (00007900)     _InputXbarRegs
00007920     1e4 (00007900)     _XbarRegs

00007940     1e5 (00007940)     _SyncSocRegs

00007a00     1e8 (00007a00)     _EPwmXbarRegs

00007a80     1ea (00007a80)     _OutputXbarRegs

00007c00     1f0 (00007c00)     _GpioCtrlRegs

00007f00     1fc (00007f00)     _GpioDataRegs

00007f80     1fe (00007f80)     _GpioDataReadRegs

000088fc     223 (000088c0)     _OS_TASK_EVEN

00008990     226 (00008980)     _CpuTimer0
00008998     226 (00008980)     _CpuTimer1
000089a0     226 (00008980)     _CpuTimer2
000089ae     226 (00008980)     ___TI_enable_exit_profile_output
000089b0     226 (00008980)     ___TI_cleanup_ptr
000089b2     226 (00008980)     ___TI_dtors_ptr
000089b4     226 (00008980)     _tempSensor_tempSlope
000089b5     226 (00008980)     _tempSensor_tempOffset
000089b6     226 (00008980)     _tempSensor_scaleFactor
000089b8     226 (00008980)     __lock
000089ba     226 (00008980)     __unlock

00048000    1200 (00048000)     _CanaRegs

0005d000    1740 (0005d000)     _DevCfgRegs

0005d200    1748 (0005d200)     _ClkCfgRegs

0005d300    174c (0005d300)     _CpuSysRegs

0005d400    1750 (0005d400)     _SysStatusRegs

0005d700    175c (0005d700)     _AnalogSubsysRegs

0005e700    179c (0005e700)     _Dcc0Regs

0005ec00    17b0 (0005ec00)     _Epg1Regs

0005ecd0    17b3 (0005ecc0)     _Epg1MuxRegs

0005f000    17c0 (0005f000)     _DcsmZ1Regs

0005f080    17c2 (0005f080)     _DcsmZ2Regs

0005f0c0    17c3 (0005f0c0)     _DcsmCommonRegs

0005f400    17d0 (0005f400)     _MemCfgRegs

0005f500    17d4 (0005f500)     _AccessProtectionRegs

0005f540    17d5 (0005f540)     _MemoryErrorRegs

0005f590    17d6 (0005f580)     _TestErrorRegs

0005f800    17e0 (0005f800)     _Flash0CtrlRegs

0005fb00    17ec (0005fb00)     _Flash0EccRegs

00071140    1c45 (00071140)     _UidRegs

00078000    1e00 (00078000)     _DcsmZ1OtpRegs

00078200    1e08 (00078200)     _DcsmZ2OtpRegs

00088000    2200 (00088000)     _crcHi_Table

00088100    2204 (00088100)     _crcLo_Table

00088200    2208 (00088200)     _PieVectTableInit

00088300    220c (00088300)     _t_CMP_Para
00088320    220c (00088300)     _CMP_LITE_CH
00088326    220c (00088300)     _SciReg
0008832c    220c (00088300)     _CMP_CH


GLOBAL SYMBOLS: SORTED ALPHABETICALLY BY Name 

page  address   name                            
----  -------   ----                            
abs   ffffffff  .text                           
0     0008770b  C$$EXIT                         
0     0008739b  FS$$DIV                         
0     000877f0  I$$DIV                          
0     00087801  I$$MOD                          
0     000876e1  L$$DIV                          
0     000876f0  L$$MOD                          
0     000876fe  UL$$DIV                         
0     00087705  UL$$MOD                         
0     000860be  _ADCA1_ISR                      
0     0008624e  _ADCA2_ISR                      
0     00086258  _ADCA3_ISR                      
0     00086262  _ADCA4_ISR                      
0     00086244  _ADCA_EVT_ISR                   
0     000860c8  _ADCC1_ISR                      
0     00086276  _ADCC2_ISR                      
0     00086280  _ADCC3_ISR                      
0     0008628a  _ADCC4_ISR                      
0     0008626c  _ADCC_EVT_ISR                   
1     0005f500  _AccessProtectionRegs           
1     00007400  _AdcaRegs                       
1     00000b00  _AdcaResultRegs                 
1     00007500  _AdccRegs                       
1     00000b40  _AdccResultRegs                 
1     0005d700  _AnalogSubsysRegs               
0     00086230  _CANA0_ISR                      
0     0008623a  _CANA1_ISR                      
0     0008832c  _CMP_CH                         
0     00088320  _CMP_LITE_CH                    
1     00048000  _CanaRegs                       
1     0005d200  _ClkCfgRegs                     
1     00005500  _Cmpss1Regs                     
1     00005540  _CmpssLite2Regs                 
1     00005580  _CmpssLite3Regs                 
1     000055c0  _CmpssLite4Regs                 
0     00085eb1  _ComputeCntrSeedValue           
0     000874e6  _ConfigCpuTimer                 
1     0005d300  _CpuSysRegs                     
0     00008990  _CpuTimer0                      
1     00000c00  _CpuTimer0Regs                  
0     00008998  _CpuTimer1                      
1     00000c08  _CpuTimer1Regs                  
0     000089a0  _CpuTimer2                      
1     00000c10  _CpuTimer2Regs                  
0     00086014  _DATALOG_ISR                    
0     000861c2  _DCC0_ISR                       
1     0005e700  _Dcc0Regs                       
1     0005f0c0  _DcsmCommonRegs                 
1     00078000  _DcsmZ1OtpRegs                  
1     0005f000  _DcsmZ1Regs                     
1     00078200  _DcsmZ2OtpRegs                  
1     0005f080  _DcsmZ2Regs                     
1     0005d000  _DevCfgRegs                     
0     00085caf  _DisableDog                     
0     00085c8e  _DisablePeripheralClocks        
0     00086190  _ECAP1_ISR                      
0     0008619a  _ECAP2_ISR                      
1     00005200  _ECap1Regs                      
1     00005240  _ECap2Regs                      
0     000862c6  _EMPTY_ISR                      
0     00086028  _EMU_ISR                        
0     0008614a  _EPWM1_ISR                      
0     00086104  _EPWM1_TZ_ISR                   
0     00086154  _EPWM2_ISR                      
0     0008610e  _EPWM2_TZ_ISR                   
0     0008615e  _EPWM3_ISR                      
0     00086118  _EPWM3_TZ_ISR                   
0     00086168  _EPWM4_ISR                      
0     00086122  _EPWM4_TZ_ISR                   
0     00086172  _EPWM5_ISR                      
0     0008612c  _EPWM5_TZ_ISR                   
0     0008617c  _EPWM6_ISR                      
0     00086136  _EPWM6_TZ_ISR                   
0     00086186  _EPWM7_ISR                      
0     00086140  _EPWM7_TZ_ISR                   
1     00004000  _EPwm1Regs                      
1     00004100  _EPwm2Regs                      
1     00004200  _EPwm3Regs                      
1     00004300  _EPwm4Regs                      
1     00004400  _EPwm5Regs                      
1     00004500  _EPwm6Regs                      
1     00004600  _EPwm7Regs                      
1     00007a00  _EPwmXbarRegs                   
0     000861a4  _EQEP1_ISR                      
1     00005100  _EQep1Regs                      
0     00087753  _EnableInterrupts               
1     0005ecd0  _Epg1MuxRegs                    
1     0005ec00  _Epg1Regs                       
0     00008b17  _F28x_usDelay                   
0     000862b2  _FLSS_ISR                       
1     0005f800  _Flash0CtrlRegs                 
1     0005fb00  _Flash0EccRegs                  
0     00086927  _GPIO_ReadPin                   
0     000868d2  _GPIO_SetupLock                 
0     000867b7  _GPIO_SetupPinMux               
0     00086840  _GPIO_SetupPinOptions           
0     000868fa  _GPIO_SetupXINT1Gpio            
0     00086903  _GPIO_SetupXINT2Gpio            
0     0008690c  _GPIO_SetupXINT3Gpio            
0     00086915  _GPIO_SetupXINT4Gpio            
0     0008691e  _GPIO_SetupXINT5Gpio            
0     0008693e  _GPIO_WritePin                  
1     00007c00  _GpioCtrlRegs                   
1     00007f80  _GpioDataReadRegs               
1     00007f00  _GpioDataRegs                   
0     00085e0b  _HALT                           
0     000861d6  _I2CA_FIFO_ISR                  
0     000861cc  _I2CA_ISR                       
0     000861ea  _I2CB_FIFO_ISR                  
0     000861e0  _I2CB_ISR                       
1     00007300  _I2caRegs                       
1     00007340  _I2cbRegs                       
0     00085e02  _IDLE                           
0     0008603c  _ILLEGAL_ISR                    
0     000874a5  _InitCpuTimers                  
0     00008af8  _InitFlash                      
0     0008677a  _InitGpio                       
0     00085c4b  _InitPeripheralClocks           
0     00087734  _InitPieCtrl                    
0     000877a7  _InitPieVectTable               
0     00085c2e  _InitSysCtrl                    
0     00085cbc  _InitSysPll                     
1     00007900  _InputXbarRegs                  
0     00087680  _Inv_PwmXUp_ISR                 
0     00085e1c  _IsPLLValid                     
1     0005f400  _MemCfgRegs                     
1     0005f540  _MemoryErrorRegs                
0     00086032  _NMI_ISR                        
0     000862d3  _NOTUSED_ISR                    
1     00007060  _NmiIntruptRegs                 
0     00087676  _OSEventClr                     
0     00087653  _OSEventGet                     
0     00087643  _OSEventPend                    
0     00087660  _OSEventSend                    
0     000088fc  _OS_TASK_EVEN                   
1     00007a80  _OutputXbarRegs                 
0     000862bc  _PIE_RESERVED_ISR               
1     00000ce0  _PieCtrlRegs                    
1     00000d00  _PieVectTable                   
0     00088200  _PieVectTableInit               
0     0008601e  _RTOS_ISR                       
0     0008002b  _RamfuncsLoadEnd                
abs   00000023  _RamfuncsLoadSize               
0     00080008  _RamfuncsLoadStart              
0     00008b1b  _RamfuncsRunEnd                 
abs   00000023  _RamfuncsRunSize                
0     00008af8  _RamfuncsRunStart               
0     00086208  _SCIA_RX_ISR                    
0     00086212  _SCIA_TX_ISR                    
0     0008621c  _SCIB_RX_ISR                    
0     00086226  _SCIB_TX_ISR                    
0     000861f4  _SCIC_RX_ISR                    
0     000861fe  _SCIC_TX_ISR                    
0     000861ae  _SPIA_RX_ISR                    
0     000861b8  _SPIA_TX_ISR                    
0     000860e6  _SYS_ERR_ISR                    
0     00088326  _SciReg                         
1     00007200  _SciaRegs                       
1     00007210  _ScibRegs                       
1     00007220  _ScicRegs                       
0     00085ca2  _ServiceDog                     
0     00085ffc  _SetDBGIER                      
0     00087521  _SetVREF                        
1     00006100  _SpiaRegs                       
1     00007940  _SyncSocRegs                    
0     00085da2  _SysIntOsc1Sel                  
0     00085dab  _SysIntOsc2Sel                  
1     0005d400  _SysStatusRegs                  
0     00085ded  _SysXtalOscSESel                
0     00085dcd  _SysXtalOscSel                  
0     000860f0  _TIMER0_ISR                     
0     00086000  _TIMER1_ISR                     
0     0008600a  _TIMER2_ISR                     
0     00086e99  _TZ_Deal                        
1     0005f590  _TestErrorRegs                  
0     000860a0  _USER10_ISR                     
0     000860aa  _USER11_ISR                     
0     000860b4  _USER12_ISR                     
0     00086046  _USER1_ISR                      
0     00086050  _USER2_ISR                      
0     0008605a  _USER3_ISR                      
0     00086064  _USER4_ISR                      
0     0008606e  _USER5_ISR                      
0     00086078  _USER6_ISR                      
0     00086082  _USER7_ISR                      
0     0008608c  _USER8_ISR                      
0     00086096  _USER9_ISR                      
1     00071140  _UidRegs                        
0     000860fa  _WAKE_ISR                       
1     00007000  _WdRegs                         
0     000860d2  _XINT1_ISR                      
0     000860dc  _XINT2_ISR                      
0     00086294  _XINT3_ISR                      
0     0008629e  _XINT4_ISR                      
0     000862a8  _XINT5_ISR                      
1     00007920  _XbarRegs                       
1     00007070  _XintRegs                       
0     00000500  __STACK_END                     
abs   00000100  __STACK_SIZE                    
0     000089b0  ___TI_cleanup_ptr               
0     000089b2  ___TI_dtors_ptr                 
0     000089ae  ___TI_enable_exit_profile_output
abs   ffffffff  ___TI_pprof_out_hndl            
abs   ffffffff  ___TI_prof_data_size            
abs   ffffffff  ___TI_prof_data_start           
abs   ffffffff  ___binit__                      
abs   ffffffff  ___c_args__                     
0     00080030  ___cinit__                      
abs   ffffffff  ___etext__                      
abs   ffffffff  ___pinit__                      
abs   ffffffff  ___text__                       
0     00087874  __args_main                     
0     000089b8  __lock                          
0     0008789b  __nop                           
0     00087897  __register_lock                 
0     00087893  __register_unlock               
0     00000400  __stack                         
0     00085fff  __system_post_cinit             
0     000878a4  __system_pre_init               
0     000089ba  __unlock                        
0     0008770b  _abort                          
0     000875de  _c_int00                        
0     000877cc  _copy_in                        
0     00088000  _crcHi_Table                    
0     00088100  _crcLo_Table                    
0     0008770d  _exit                           
0     0008782f  _main                           
0     00087812  _memcpy                         
0     000869be  _sAdc_Calibration               
0     0008695f  _sAdc_Convert                   
0     0008699f  _sAdc_GetNTCResult              
0     0008698d  _sAdc_GetReal                   
0     000869ae  _sAdc_GetRealStr                
0     00086979  _sAdc_GetResult                 
0     00087119  _sBandStop_Init                 
0     00087133  _sBandStop_Refresh              
0     0008712a  _sBandStop_SetRadResnant        
0     00083bc0  _sBatCCCVLoop                   
0     0008384e  _sByPass                        
0     000838a3  _sBypass_OnChk                  
0     00086ccb  _sCRC16Cal                      
0     00083766  _sChgSoft                       
0     0008544b  _sClrSciDeathFlag               
0     0008547b  _sClrSciFrameStart              
0     000854ab  _sClrSciFrameStop               
0     0008785e  _sConfig_GetBatCurrSet          
0     00087862  _sConfig_GetBatVoltSet          
0     000872f2  _sConfig_GetInvSet              
0     0008786f  _sConfig_GetLLCTrancRaio        
0     000872fd  _sConfig_GetPfcSet              
0     0008718a  _sConfig_InitInv                
0     00087196  _sConfig_InitInvControl         
0     000871ee  _sConfig_InitPfcControl         
0     00087235  _sConfig_InvFreqResh            
0     000872b8  _sConfig_InvResh                
0     000872df  _sConfig_SetInvVolt             
0     00087866  _sConfig_SetLLCTrancRaio        
0     000872f6  _sConfig_SetPfcVolt             
0     000837a6  _sDcgSoft                       
0     00084c2d  _sDrv_ClrHiLatchSTS             
0     00084c56  _sDrv_ClrLoLatchSTS             
0     00084bcd  _sDrv_GetHiLatchSTS             
0     00084bfd  _sDrv_GetLoLatchSTS             
0     00085839  _sDrv_GetSci_RxData             
0     00085898  _sDrv_GetSci_RxErr              
0     00085850  _sDrv_GetSci_RxRdy              
0     00085880  _sDrv_GetSci_TxEmpty            
0     00085868  _sDrv_GetSci_TxRdy              
0     000862dd  _sDrv_IninAdc                   
0     00084694  _sDrv_InitCmpss                 
0     000846be  _sDrv_RegCmpss                  
0     0008491d  _sDrv_RegCmpss_Lite             
0     00084b70  _sDrv_SetCmpss_DAC              
0     00085563  _sDrv_SetSci                    
0     000855d0  _sDrv_SetSci_Baud               
0     00085637  _sDrv_SetSci_Char               
0     000856ce  _sDrv_SetSci_FIFO               
0     00085661  _sDrv_SetSci_Pary               
0     000858c5  _sDrv_SetSci_Rest_DIS           
0     000858b0  _sDrv_SetSci_Rest_EN            
0     000858ef  _sDrv_SetSci_RxINT_DIS          
0     000858da  _sDrv_SetSci_RxINT_EN           
0     000856a8  _sDrv_SetSci_Stop               
0     00085815  _sDrv_SetSci_TxData             
0     00085919  _sDrv_SetSci_TxINT_DIS          
0     00085904  _sDrv_SetSci_TxINT_EN           
0     000838d1  _sEvOutRly                      
0     00083887  _sEv_OnChk                      
0     00083805  _sFast_Inv                      
0     0008381b  _sFast_Pfc                      
0     00083577  _sFaultMode                     
0     00087388  _sFault_ClrAlarm                
0     00087306  _sFault_ClrAllAlarm             
0     00087301  _sFault_ClrAllFault             
0     00087363  _sFault_ClrFault                
0     0008733a  _sFault_GetAlarmBit             
0     00087317  _sFault_GetAlarmCode_All        
0     0008731f  _sFault_GetAlarmCode_Hi         
0     0008731b  _sFault_GetAlarmCode_Lo         
0     00087323  _sFault_GetFaultBit             
0     0008730b  _sFault_GetFaultCode_All        
0     00087313  _sFault_GetFaultCode_Hi         
0     0008730f  _sFault_GetFaultCode_Lo         
0     00087376  _sFault_SetAlarm                
0     00087351  _sFault_SetFault                
0     00085fce  _sFunTask                       
0     00085432  _sGetSciDeathFlag               
0     00085462  _sGetSciFrameStart              
0     00085492  _sGetSciFrameStop               
0     00085fc2  _sGetTime_100ms                 
0     00085fb6  _sGetTime_10ms                  
0     00085fa4  _sGetTime_1ms                   
0     00085fc8  _sGetTime_1s                    
0     00085fbc  _sGetTime_20ms                  
0     00085faa  _sGetTime_2ms                   
0     00085fb0  _sGetTime_4ms                   
0     0008676f  _sGrid_FreqCal                  
0     00086636  _sGrid_FreqCheck                
0     00086776  _sGrid_GetFreq                  
0     0008657e  _sGrid_InitDetectValue          
0     00086608  _sGrid_RmsCheck                 
0     00086599  _sGrid_StatusDeal               
0     00086685  _sGrid_WaveLossDetect           
0     00086679  _sGrid_ZeroLossDeal             
0     0008666d  _sGrid_ZeroRestDeal             
0     00085af9  _sHalfWavePointCal              
0     00083e2b  _sISR_TZDeal                    
0     0008695c  _sInitAdc                       
0     00087848  _sInitCmpss                     
0     000876b5  _sInitDspConfig                 
0     00083137  _sInitEPwm                      
0     00087892  _sInitEPwmXbar                  
0     00086b1b  _sInitGpio                      
0     00087886  _sInitInputXbar                 
0     000875c3  _sInitInterrupt                 
0     00087891  _sInitOutputXbar                
0     00084000  _sInitProtocol                  
0     00083fe8  _sInitRam                       
0     00085163  _sInitSci                       
0     000876de  _sInitSysConfig                 
0     00085f21  _sInitTimer                     
0     00083a83  _sInvCurrLoop                   
0     0008334f  _sInvMode                       
0     000838c9  _sInvOutRly                     
0     00083688  _sInvSoft                       
0     00083afe  _sInvSpwm                       
0     00087782  _sInvTask                       
0     000839f0  _sInvVoltLoop                   
0     0008396d  _sInv_Control                   
0     00083fe2  _sInv_GetControlFsm             
0     00083f9f  _sInv_GetInvCtrPtr              
0     00083fd2  _sInv_GetInvRef                 
0     00083fa2  _sInv_GetPfcCtrPtr              
0     00083fde  _sInv_GetPfcRef                 
0     00087581  _sInv_ISR                       
0     00083dc8  _sInv_InvLimit                  
0     0008386b  _sInv_OnChk                     
0     00083fa5  _sInv_SetInvEN                  
0     00083fb7  _sInv_SetInvOpenLoop            
0     00083fca  _sInv_SetInvRef                 
0     00083fd6  _sInv_SetPfcRef                 
0     000822cb  _sLLC_ChgBurstChk               
0     000821d5  _sLLC_ChgControlLoop            
0     0008235d  _sLLC_ChgPwmDeal                
0     00082163  _sLLC_ChgSoftStart              
0     00082000  _sLLC_Control                   
0     000826fd  _sLLC_DcgBurstChk               
0     00082532  _sLLC_DcgControlLoop            
0     00082661  _sLLC_DcgPwmDeal                
0     000823eb  _sLLC_DcgSoftStart              
0     000829b1  _sLLC_GetControlFsm             
0     000829b5  _sLLC_GetFastStartCnt           
0     000820dc  _sLLC_LoopClear                 
0     00082993  _sLLC_SetChgEN                  
0     00082982  _sLLC_SetDcgEN                  
0     000829a4  _sLLC_SetOpenLoop               
0     00082806  _sLLC_SetPwmChgMode             
0     000828c4  _sLLC_SetPwmDcgMode             
0     00083f62  _sLoopClear                     
0     00086d92  _sModByteCrc16                  
0     00086e42  _sModOneByOneCrc16              
0     00086dc0  _sModWordCrc16                  
0     00086e14  _sModWordLrc16                  
0     00086d59  _sModbus_Crc16                  
0     0008322d  _sMswTask                       
0     00083957  _sMsw_GetNowMode                
0     00083967  _sMsw_GetPfc2Grid               
0     00083963  _sMsw_GetPfcMode                
0     0008395b  _sMsw_GetPreMode                
0     0008395f  _sMsw_GetStatus                 
0     00083902  _sMsw_IgbtOff                   
0     0008392e  _sMsw_InvOff                    
0     000838d2  _sMsw_SysOff                    
0     0008392f  _sMsw_SysOff_ISR                
0     00086d05  _sNetbus_Crc16                  
0     00087634  _sOSInit                        
0     00085bf4  _sPLL_ClrInvCrossWave           
0     00085c20  _sPLL_ClrInvPosWaveEn           
0     00085c13  _sPLL_GetCos                    
0     00085bde  _sPLL_GetGridCrossN2P           
0     00085be4  _sPLL_GetGridCrossP2N           
0     00085bcf  _sPLL_GetGridPos                
0     00085bd4  _sPLL_GetGridPrdPoint           
0     00085bff  _sPLL_GetInvCrossN2P            
0     00085c05  _sPLL_GetInvCrossP2N            
0     00085bf9  _sPLL_GetInvCrossWave           
0     00085c1b  _sPLL_GetInvPosNow              
0     00085bea  _sPLL_GetInvPrdPoint            
0     00085c0b  _sPLL_GetInvVoltD               
0     00085c0f  _sPLL_GetInvVoltQ               
0     00085bd8  _sPLL_GetPosWaveEn              
0     00085bcc  _sPLL_GetPtr                    
0     00085c17  _sPLL_GetSin                    
0     00085c27  _sPLL_SetInvAngle               
0     00083cb7  _sPfcBurst_Check                
0     00083c67  _sPfcCurrLoop                   
0     0008342f  _sPfcMode                       
0     00083bc1  _sPfcPowerLoop                  
0     000836e8  _sPfcSoft                       
0     00083cff  _sPfcSpwm                       
0     00083bfc  _sPfcVoltLoop                   
0     0008384f  _sPfc_OnChk                     
0     00083264  _sPowerOnMode                   
0     00086fe7  _sProtect_ClrTZFlag             
0     00086fc0  _sProtect_DisableInvTZ          
0     00087423  _sProtect_DisableLLcTZ          
0     00087485  _sProtect_GetChgAcPowerLimit    
0     00087470  _sProtect_GetChgBatCurrLimit    
0     0008749a  _sProtect_GetChgBatPowerLimit   
0     00086e8a  _sProtect_GetInvCurr100         
0     00086e73  _sProtect_GetInvLoad100         
0     00086e95  _sProtect_GetPfcCurr100         
0     00086e7f  _sProtect_GetPfcLoad100         
0     00086ff3  _sProtect_GetTZFlag             
0     0008747b  _sProtect_SetChgAcPowerLimit    
0     00087466  _sProtect_SetChgBatCurrLimit    
0     00087490  _sProtect_SetChgBatPowerLimit   
0     00086e83  _sProtect_SetInvCurr100         
0     00086e6b  _sProtect_SetInvLoad100         
0     00086e8e  _sProtect_SetPfcCurr100         
0     00086e77  _sProtect_SetPfcLoad100         
0     00086fdb  _sProtect_SetTZFlag             
0     00083f22  _sPwm_Disable                   
0     00083f01  _sPwm_Enable                    
0     00085518  _sQDataIn                       
0     00085545  _sQDataOut                      
0     00085505  _sQInit                         
0     000854c2  _sQSciInit                      
0     00083625  _sRlySoft                       
0     0008523b  _sSCiRxISR                      
0     00087011  _sSOGI_Cal                      
0     0008710b  _sSOGI_GetAlfa                  
0     00087110  _sSOGI_GetBeta                  
0     00087115  _sSOGI_GetCalFs                 
0     00087001  _sSOGI_Init                     
0     00087066  _sSOGI_Resh                     
0     00085f46  _sSYS_Time                      
0     00084d89  _sSample_Accumulate             
0     00084fce  _sSample_AvgCal                 
0     00084e56  _sSample_Cal_DC                 
0     00085133  _sSample_Cal_Freq               
0     00084eaa  _sSample_Cal_Grid               
0     00084f22  _sSample_Cal_GridLoad           
0     00084e85  _sSample_Cal_Inv                
0     00084ebd  _sSample_Cal_InvLoad            
0     00084c7f  _sSample_Filter                 
0     0008515b  _sSample_GetInvWatt             
0     0008515f  _sSample_GetPfcWatt             
0     0008514a  _sSample_GetRms                 
0     00085078  _sSample_LoadFilter             
0     000850f7  _sSample_PFCal                  
0     000850ad  _sSample_PercentCal             
0     00084f9a  _sSample_RmsCal                 
0     00085026  _sSample_VACal                  
0     00085055  _sSample_VARCal                 
0     00084ff5  _sSample_WattCal                
0     00084ddb  _sSample_ZeroDeal               
0     00085383  _sSciDeathAutoRest              
0     000852fb  _sSciRead                       
0     0008517e  _sSciRest                       
0     0008775c  _sSciTask                       
0     00085298  _sSciTxISR                      
0     00085324  _sSciWrite                      
0     000843f0  _sSci_GetData                   
0     000840b7  _sSci_RxDeal                    
0     0008408e  _sSci_RxTxDeal                  
0     00084463  _sSci_SetData                   
0     0008439e  _sSci_TxDeal                    
0     000844ce  _sSci_UpGrade                   
0     0008592e  _sSetSinCos                     
0     0008329b  _sStandByMode                   
0     000835e6  _sTestMode                      
0     00088300  _t_CMP_Para                     
0     000089b6  _tempSensor_scaleFactor         
0     000089b5  _tempSensor_tempOffset          
0     000089b4  _tempSensor_tempSlope           
abs   ffffffff  binit                           
0     00080030  cinit                           
0     00080000  code_start                      
abs   ffffffff  etext                           
abs   ffffffff  pinit                           


GLOBAL SYMBOLS: SORTED BY Symbol Address 

page  address   name                            
----  -------   ----                            
0     00000400  __stack                         
0     00000500  __STACK_END                     
0     000088fc  _OS_TASK_EVEN                   
0     00008990  _CpuTimer0                      
0     00008998  _CpuTimer1                      
0     000089a0  _CpuTimer2                      
0     000089ae  ___TI_enable_exit_profile_output
0     000089b0  ___TI_cleanup_ptr               
0     000089b2  ___TI_dtors_ptr                 
0     000089b4  _tempSensor_tempSlope           
0     000089b5  _tempSensor_tempOffset          
0     000089b6  _tempSensor_scaleFactor         
0     000089b8  __lock                          
0     000089ba  __unlock                        
0     00008af8  _InitFlash                      
0     00008af8  _RamfuncsRunStart               
0     00008b17  _F28x_usDelay                   
0     00008b1b  _RamfuncsRunEnd                 
0     00080000  code_start                      
0     00080008  _RamfuncsLoadStart              
0     0008002b  _RamfuncsLoadEnd                
0     00080030  ___cinit__                      
0     00080030  cinit                           
0     00082000  _sLLC_Control                   
0     000820dc  _sLLC_LoopClear                 
0     00082163  _sLLC_ChgSoftStart              
0     000821d5  _sLLC_ChgControlLoop            
0     000822cb  _sLLC_ChgBurstChk               
0     0008235d  _sLLC_ChgPwmDeal                
0     000823eb  _sLLC_DcgSoftStart              
0     00082532  _sLLC_DcgControlLoop            
0     00082661  _sLLC_DcgPwmDeal                
0     000826fd  _sLLC_DcgBurstChk               
0     00082806  _sLLC_SetPwmChgMode             
0     000828c4  _sLLC_SetPwmDcgMode             
0     00082982  _sLLC_SetDcgEN                  
0     00082993  _sLLC_SetChgEN                  
0     000829a4  _sLLC_SetOpenLoop               
0     000829b1  _sLLC_GetControlFsm             
0     000829b5  _sLLC_GetFastStartCnt           
0     00083137  _sInitEPwm                      
0     0008322d  _sMswTask                       
0     00083264  _sPowerOnMode                   
0     0008329b  _sStandByMode                   
0     0008334f  _sInvMode                       
0     0008342f  _sPfcMode                       
0     00083577  _sFaultMode                     
0     000835e6  _sTestMode                      
0     00083625  _sRlySoft                       
0     00083688  _sInvSoft                       
0     000836e8  _sPfcSoft                       
0     00083766  _sChgSoft                       
0     000837a6  _sDcgSoft                       
0     00083805  _sFast_Inv                      
0     0008381b  _sFast_Pfc                      
0     0008384e  _sByPass                        
0     0008384f  _sPfc_OnChk                     
0     0008386b  _sInv_OnChk                     
0     00083887  _sEv_OnChk                      
0     000838a3  _sBypass_OnChk                  
0     000838c9  _sInvOutRly                     
0     000838d1  _sEvOutRly                      
0     000838d2  _sMsw_SysOff                    
0     00083902  _sMsw_IgbtOff                   
0     0008392e  _sMsw_InvOff                    
0     0008392f  _sMsw_SysOff_ISR                
0     00083957  _sMsw_GetNowMode                
0     0008395b  _sMsw_GetPreMode                
0     0008395f  _sMsw_GetStatus                 
0     00083963  _sMsw_GetPfcMode                
0     00083967  _sMsw_GetPfc2Grid               
0     0008396d  _sInv_Control                   
0     000839f0  _sInvVoltLoop                   
0     00083a83  _sInvCurrLoop                   
0     00083afe  _sInvSpwm                       
0     00083bc0  _sBatCCCVLoop                   
0     00083bc1  _sPfcPowerLoop                  
0     00083bfc  _sPfcVoltLoop                   
0     00083c67  _sPfcCurrLoop                   
0     00083cb7  _sPfcBurst_Check                
0     00083cff  _sPfcSpwm                       
0     00083dc8  _sInv_InvLimit                  
0     00083e2b  _sISR_TZDeal                    
0     00083f01  _sPwm_Enable                    
0     00083f22  _sPwm_Disable                   
0     00083f62  _sLoopClear                     
0     00083f9f  _sInv_GetInvCtrPtr              
0     00083fa2  _sInv_GetPfcCtrPtr              
0     00083fa5  _sInv_SetInvEN                  
0     00083fb7  _sInv_SetInvOpenLoop            
0     00083fca  _sInv_SetInvRef                 
0     00083fd2  _sInv_GetInvRef                 
0     00083fd6  _sInv_SetPfcRef                 
0     00083fde  _sInv_GetPfcRef                 
0     00083fe2  _sInv_GetControlFsm             
0     00083fe8  _sInitRam                       
0     00084000  _sInitProtocol                  
0     0008408e  _sSci_RxTxDeal                  
0     000840b7  _sSci_RxDeal                    
0     0008439e  _sSci_TxDeal                    
0     000843f0  _sSci_GetData                   
0     00084463  _sSci_SetData                   
0     000844ce  _sSci_UpGrade                   
0     00084694  _sDrv_InitCmpss                 
0     000846be  _sDrv_RegCmpss                  
0     0008491d  _sDrv_RegCmpss_Lite             
0     00084b70  _sDrv_SetCmpss_DAC              
0     00084bcd  _sDrv_GetHiLatchSTS             
0     00084bfd  _sDrv_GetLoLatchSTS             
0     00084c2d  _sDrv_ClrHiLatchSTS             
0     00084c56  _sDrv_ClrLoLatchSTS             
0     00084c7f  _sSample_Filter                 
0     00084d89  _sSample_Accumulate             
0     00084ddb  _sSample_ZeroDeal               
0     00084e56  _sSample_Cal_DC                 
0     00084e85  _sSample_Cal_Inv                
0     00084eaa  _sSample_Cal_Grid               
0     00084ebd  _sSample_Cal_InvLoad            
0     00084f22  _sSample_Cal_GridLoad           
0     00084f9a  _sSample_RmsCal                 
0     00084fce  _sSample_AvgCal                 
0     00084ff5  _sSample_WattCal                
0     00085026  _sSample_VACal                  
0     00085055  _sSample_VARCal                 
0     00085078  _sSample_LoadFilter             
0     000850ad  _sSample_PercentCal             
0     000850f7  _sSample_PFCal                  
0     00085133  _sSample_Cal_Freq               
0     0008514a  _sSample_GetRms                 
0     0008515b  _sSample_GetInvWatt             
0     0008515f  _sSample_GetPfcWatt             
0     00085163  _sInitSci                       
0     0008517e  _sSciRest                       
0     0008523b  _sSCiRxISR                      
0     00085298  _sSciTxISR                      
0     000852fb  _sSciRead                       
0     00085324  _sSciWrite                      
0     00085383  _sSciDeathAutoRest              
0     00085432  _sGetSciDeathFlag               
0     0008544b  _sClrSciDeathFlag               
0     00085462  _sGetSciFrameStart              
0     0008547b  _sClrSciFrameStart              
0     00085492  _sGetSciFrameStop               
0     000854ab  _sClrSciFrameStop               
0     000854c2  _sQSciInit                      
0     00085505  _sQInit                         
0     00085518  _sQDataIn                       
0     00085545  _sQDataOut                      
0     00085563  _sDrv_SetSci                    
0     000855d0  _sDrv_SetSci_Baud               
0     00085637  _sDrv_SetSci_Char               
0     00085661  _sDrv_SetSci_Pary               
0     000856a8  _sDrv_SetSci_Stop               
0     000856ce  _sDrv_SetSci_FIFO               
0     00085815  _sDrv_SetSci_TxData             
0     00085839  _sDrv_GetSci_RxData             
0     00085850  _sDrv_GetSci_RxRdy              
0     00085868  _sDrv_GetSci_TxRdy              
0     00085880  _sDrv_GetSci_TxEmpty            
0     00085898  _sDrv_GetSci_RxErr              
0     000858b0  _sDrv_SetSci_Rest_EN            
0     000858c5  _sDrv_SetSci_Rest_DIS           
0     000858da  _sDrv_SetSci_RxINT_EN           
0     000858ef  _sDrv_SetSci_RxINT_DIS          
0     00085904  _sDrv_SetSci_TxINT_EN           
0     00085919  _sDrv_SetSci_TxINT_DIS          
0     0008592e  _sSetSinCos                     
0     00085af9  _sHalfWavePointCal              
0     00085bcc  _sPLL_GetPtr                    
0     00085bcf  _sPLL_GetGridPos                
0     00085bd4  _sPLL_GetGridPrdPoint           
0     00085bd8  _sPLL_GetPosWaveEn              
0     00085bde  _sPLL_GetGridCrossN2P           
0     00085be4  _sPLL_GetGridCrossP2N           
0     00085bea  _sPLL_GetInvPrdPoint            
0     00085bf4  _sPLL_ClrInvCrossWave           
0     00085bf9  _sPLL_GetInvCrossWave           
0     00085bff  _sPLL_GetInvCrossN2P            
0     00085c05  _sPLL_GetInvCrossP2N            
0     00085c0b  _sPLL_GetInvVoltD               
0     00085c0f  _sPLL_GetInvVoltQ               
0     00085c13  _sPLL_GetCos                    
0     00085c17  _sPLL_GetSin                    
0     00085c1b  _sPLL_GetInvPosNow              
0     00085c20  _sPLL_ClrInvPosWaveEn           
0     00085c27  _sPLL_SetInvAngle               
0     00085c2e  _InitSysCtrl                    
0     00085c4b  _InitPeripheralClocks           
0     00085c8e  _DisablePeripheralClocks        
0     00085ca2  _ServiceDog                     
0     00085caf  _DisableDog                     
0     00085cbc  _InitSysPll                     
0     00085da2  _SysIntOsc1Sel                  
0     00085dab  _SysIntOsc2Sel                  
0     00085dcd  _SysXtalOscSel                  
0     00085ded  _SysXtalOscSESel                
0     00085e02  _IDLE                           
0     00085e0b  _HALT                           
0     00085e1c  _IsPLLValid                     
0     00085eb1  _ComputeCntrSeedValue           
0     00085f21  _sInitTimer                     
0     00085f46  _sSYS_Time                      
0     00085fa4  _sGetTime_1ms                   
0     00085faa  _sGetTime_2ms                   
0     00085fb0  _sGetTime_4ms                   
0     00085fb6  _sGetTime_10ms                  
0     00085fbc  _sGetTime_20ms                  
0     00085fc2  _sGetTime_100ms                 
0     00085fc8  _sGetTime_1s                    
0     00085fce  _sFunTask                       
0     00085ffc  _SetDBGIER                      
0     00085fff  __system_post_cinit             
0     00086000  _TIMER1_ISR                     
0     0008600a  _TIMER2_ISR                     
0     00086014  _DATALOG_ISR                    
0     0008601e  _RTOS_ISR                       
0     00086028  _EMU_ISR                        
0     00086032  _NMI_ISR                        
0     0008603c  _ILLEGAL_ISR                    
0     00086046  _USER1_ISR                      
0     00086050  _USER2_ISR                      
0     0008605a  _USER3_ISR                      
0     00086064  _USER4_ISR                      
0     0008606e  _USER5_ISR                      
0     00086078  _USER6_ISR                      
0     00086082  _USER7_ISR                      
0     0008608c  _USER8_ISR                      
0     00086096  _USER9_ISR                      
0     000860a0  _USER10_ISR                     
0     000860aa  _USER11_ISR                     
0     000860b4  _USER12_ISR                     
0     000860be  _ADCA1_ISR                      
0     000860c8  _ADCC1_ISR                      
0     000860d2  _XINT1_ISR                      
0     000860dc  _XINT2_ISR                      
0     000860e6  _SYS_ERR_ISR                    
0     000860f0  _TIMER0_ISR                     
0     000860fa  _WAKE_ISR                       
0     00086104  _EPWM1_TZ_ISR                   
0     0008610e  _EPWM2_TZ_ISR                   
0     00086118  _EPWM3_TZ_ISR                   
0     00086122  _EPWM4_TZ_ISR                   
0     0008612c  _EPWM5_TZ_ISR                   
0     00086136  _EPWM6_TZ_ISR                   
0     00086140  _EPWM7_TZ_ISR                   
0     0008614a  _EPWM1_ISR                      
0     00086154  _EPWM2_ISR                      
0     0008615e  _EPWM3_ISR                      
0     00086168  _EPWM4_ISR                      
0     00086172  _EPWM5_ISR                      
0     0008617c  _EPWM6_ISR                      
0     00086186  _EPWM7_ISR                      
0     00086190  _ECAP1_ISR                      
0     0008619a  _ECAP2_ISR                      
0     000861a4  _EQEP1_ISR                      
0     000861ae  _SPIA_RX_ISR                    
0     000861b8  _SPIA_TX_ISR                    
0     000861c2  _DCC0_ISR                       
0     000861cc  _I2CA_ISR                       
0     000861d6  _I2CA_FIFO_ISR                  
0     000861e0  _I2CB_ISR                       
0     000861ea  _I2CB_FIFO_ISR                  
0     000861f4  _SCIC_RX_ISR                    
0     000861fe  _SCIC_TX_ISR                    
0     00086208  _SCIA_RX_ISR                    
0     00086212  _SCIA_TX_ISR                    
0     0008621c  _SCIB_RX_ISR                    
0     00086226  _SCIB_TX_ISR                    
0     00086230  _CANA0_ISR                      
0     0008623a  _CANA1_ISR                      
0     00086244  _ADCA_EVT_ISR                   
0     0008624e  _ADCA2_ISR                      
0     00086258  _ADCA3_ISR                      
0     00086262  _ADCA4_ISR                      
0     0008626c  _ADCC_EVT_ISR                   
0     00086276  _ADCC2_ISR                      
0     00086280  _ADCC3_ISR                      
0     0008628a  _ADCC4_ISR                      
0     00086294  _XINT3_ISR                      
0     0008629e  _XINT4_ISR                      
0     000862a8  _XINT5_ISR                      
0     000862b2  _FLSS_ISR                       
0     000862bc  _PIE_RESERVED_ISR               
0     000862c6  _EMPTY_ISR                      
0     000862d3  _NOTUSED_ISR                    
0     000862dd  _sDrv_IninAdc                   
0     0008657e  _sGrid_InitDetectValue          
0     00086599  _sGrid_StatusDeal               
0     00086608  _sGrid_RmsCheck                 
0     00086636  _sGrid_FreqCheck                
0     0008666d  _sGrid_ZeroRestDeal             
0     00086679  _sGrid_ZeroLossDeal             
0     00086685  _sGrid_WaveLossDetect           
0     0008676f  _sGrid_FreqCal                  
0     00086776  _sGrid_GetFreq                  
0     0008677a  _InitGpio                       
0     000867b7  _GPIO_SetupPinMux               
0     00086840  _GPIO_SetupPinOptions           
0     000868d2  _GPIO_SetupLock                 
0     000868fa  _GPIO_SetupXINT1Gpio            
0     00086903  _GPIO_SetupXINT2Gpio            
0     0008690c  _GPIO_SetupXINT3Gpio            
0     00086915  _GPIO_SetupXINT4Gpio            
0     0008691e  _GPIO_SetupXINT5Gpio            
0     00086927  _GPIO_ReadPin                   
0     0008693e  _GPIO_WritePin                  
0     0008695c  _sInitAdc                       
0     0008695f  _sAdc_Convert                   
0     00086979  _sAdc_GetResult                 
0     0008698d  _sAdc_GetReal                   
0     0008699f  _sAdc_GetNTCResult              
0     000869ae  _sAdc_GetRealStr                
0     000869be  _sAdc_Calibration               
0     00086b1b  _sInitGpio                      
0     00086ccb  _sCRC16Cal                      
0     00086d05  _sNetbus_Crc16                  
0     00086d59  _sModbus_Crc16                  
0     00086d92  _sModByteCrc16                  
0     00086dc0  _sModWordCrc16                  
0     00086e14  _sModWordLrc16                  
0     00086e42  _sModOneByOneCrc16              
0     00086e6b  _sProtect_SetInvLoad100         
0     00086e73  _sProtect_GetInvLoad100         
0     00086e77  _sProtect_SetPfcLoad100         
0     00086e7f  _sProtect_GetPfcLoad100         
0     00086e83  _sProtect_SetInvCurr100         
0     00086e8a  _sProtect_GetInvCurr100         
0     00086e8e  _sProtect_SetPfcCurr100         
0     00086e95  _sProtect_GetPfcCurr100         
0     00086e99  _TZ_Deal                        
0     00086fc0  _sProtect_DisableInvTZ          
0     00086fdb  _sProtect_SetTZFlag             
0     00086fe7  _sProtect_ClrTZFlag             
0     00086ff3  _sProtect_GetTZFlag             
0     00087001  _sSOGI_Init                     
0     00087011  _sSOGI_Cal                      
0     00087066  _sSOGI_Resh                     
0     0008710b  _sSOGI_GetAlfa                  
0     00087110  _sSOGI_GetBeta                  
0     00087115  _sSOGI_GetCalFs                 
0     00087119  _sBandStop_Init                 
0     0008712a  _sBandStop_SetRadResnant        
0     00087133  _sBandStop_Refresh              
0     0008718a  _sConfig_InitInv                
0     00087196  _sConfig_InitInvControl         
0     000871ee  _sConfig_InitPfcControl         
0     00087235  _sConfig_InvFreqResh            
0     000872b8  _sConfig_InvResh                
0     000872df  _sConfig_SetInvVolt             
0     000872f2  _sConfig_GetInvSet              
0     000872f6  _sConfig_SetPfcVolt             
0     000872fd  _sConfig_GetPfcSet              
0     00087301  _sFault_ClrAllFault             
0     00087306  _sFault_ClrAllAlarm             
0     0008730b  _sFault_GetFaultCode_All        
0     0008730f  _sFault_GetFaultCode_Lo         
0     00087313  _sFault_GetFaultCode_Hi         
0     00087317  _sFault_GetAlarmCode_All        
0     0008731b  _sFault_GetAlarmCode_Lo         
0     0008731f  _sFault_GetAlarmCode_Hi         
0     00087323  _sFault_GetFaultBit             
0     0008733a  _sFault_GetAlarmBit             
0     00087351  _sFault_SetFault                
0     00087363  _sFault_ClrFault                
0     00087376  _sFault_SetAlarm                
0     00087388  _sFault_ClrAlarm                
0     0008739b  FS$$DIV                         
0     00087423  _sProtect_DisableLLcTZ          
0     00087466  _sProtect_SetChgBatCurrLimit    
0     00087470  _sProtect_GetChgBatCurrLimit    
0     0008747b  _sProtect_SetChgAcPowerLimit    
0     00087485  _sProtect_GetChgAcPowerLimit    
0     00087490  _sProtect_SetChgBatPowerLimit   
0     0008749a  _sProtect_GetChgBatPowerLimit   
0     000874a5  _InitCpuTimers                  
0     000874e6  _ConfigCpuTimer                 
0     00087521  _SetVREF                        
0     00087581  _sInv_ISR                       
0     000875c3  _sInitInterrupt                 
0     000875de  _c_int00                        
0     00087634  _sOSInit                        
0     00087643  _OSEventPend                    
0     00087653  _OSEventGet                     
0     00087660  _OSEventSend                    
0     00087676  _OSEventClr                     
0     00087680  _Inv_PwmXUp_ISR                 
0     000876b5  _sInitDspConfig                 
0     000876de  _sInitSysConfig                 
0     000876e1  L$$DIV                          
0     000876f0  L$$MOD                          
0     000876fe  UL$$DIV                         
0     00087705  UL$$MOD                         
0     0008770b  C$$EXIT                         
0     0008770b  _abort                          
0     0008770d  _exit                           
0     00087734  _InitPieCtrl                    
0     00087753  _EnableInterrupts               
0     0008775c  _sSciTask                       
0     00087782  _sInvTask                       
0     000877a7  _InitPieVectTable               
0     000877cc  _copy_in                        
0     000877f0  I$$DIV                          
0     00087801  I$$MOD                          
0     00087812  _memcpy                         
0     0008782f  _main                           
0     00087848  _sInitCmpss                     
0     0008785e  _sConfig_GetBatCurrSet          
0     00087862  _sConfig_GetBatVoltSet          
0     00087866  _sConfig_SetLLCTrancRaio        
0     0008786f  _sConfig_GetLLCTrancRaio        
0     00087874  __args_main                     
0     00087886  _sInitInputXbar                 
0     00087891  _sInitOutputXbar                
0     00087892  _sInitEPwmXbar                  
0     00087893  __register_unlock               
0     00087897  __register_lock                 
0     0008789b  __nop                           
0     000878a4  __system_pre_init               
0     00088000  _crcHi_Table                    
0     00088100  _crcLo_Table                    
0     00088200  _PieVectTableInit               
0     00088300  _t_CMP_Para                     
0     00088320  _CMP_LITE_CH                    
0     00088326  _SciReg                         
0     0008832c  _CMP_CH                         
1     00000b00  _AdcaResultRegs                 
1     00000b40  _AdccResultRegs                 
1     00000c00  _CpuTimer0Regs                  
1     00000c08  _CpuTimer1Regs                  
1     00000c10  _CpuTimer2Regs                  
1     00000ce0  _PieCtrlRegs                    
1     00000d00  _PieVectTable                   
1     00004000  _EPwm1Regs                      
1     00004100  _EPwm2Regs                      
1     00004200  _EPwm3Regs                      
1     00004300  _EPwm4Regs                      
1     00004400  _EPwm5Regs                      
1     00004500  _EPwm6Regs                      
1     00004600  _EPwm7Regs                      
1     00005100  _EQep1Regs                      
1     00005200  _ECap1Regs                      
1     00005240  _ECap2Regs                      
1     00005500  _Cmpss1Regs                     
1     00005540  _CmpssLite2Regs                 
1     00005580  _CmpssLite3Regs                 
1     000055c0  _CmpssLite4Regs                 
1     00006100  _SpiaRegs                       
1     00007000  _WdRegs                         
1     00007060  _NmiIntruptRegs                 
1     00007070  _XintRegs                       
1     00007200  _SciaRegs                       
1     00007210  _ScibRegs                       
1     00007220  _ScicRegs                       
1     00007300  _I2caRegs                       
1     00007340  _I2cbRegs                       
1     00007400  _AdcaRegs                       
1     00007500  _AdccRegs                       
1     00007900  _InputXbarRegs                  
1     00007920  _XbarRegs                       
1     00007940  _SyncSocRegs                    
1     00007a00  _EPwmXbarRegs                   
1     00007a80  _OutputXbarRegs                 
1     00007c00  _GpioCtrlRegs                   
1     00007f00  _GpioDataRegs                   
1     00007f80  _GpioDataReadRegs               
1     00048000  _CanaRegs                       
1     0005d000  _DevCfgRegs                     
1     0005d200  _ClkCfgRegs                     
1     0005d300  _CpuSysRegs                     
1     0005d400  _SysStatusRegs                  
1     0005d700  _AnalogSubsysRegs               
1     0005e700  _Dcc0Regs                       
1     0005ec00  _Epg1Regs                       
1     0005ecd0  _Epg1MuxRegs                    
1     0005f000  _DcsmZ1Regs                     
1     0005f080  _DcsmZ2Regs                     
1     0005f0c0  _DcsmCommonRegs                 
1     0005f400  _MemCfgRegs                     
1     0005f500  _AccessProtectionRegs           
1     0005f540  _MemoryErrorRegs                
1     0005f590  _TestErrorRegs                  
1     0005f800  _Flash0CtrlRegs                 
1     0005fb00  _Flash0EccRegs                  
1     00071140  _UidRegs                        
1     00078000  _DcsmZ1OtpRegs                  
1     00078200  _DcsmZ2OtpRegs                  
abs   00000023  _RamfuncsLoadSize               
abs   00000023  _RamfuncsRunSize                
abs   00000100  __STACK_SIZE                    
abs   ffffffff  .text                           
abs   ffffffff  ___TI_pprof_out_hndl            
abs   ffffffff  ___TI_prof_data_size            
abs   ffffffff  ___TI_prof_data_start           
abs   ffffffff  ___binit__                      
abs   ffffffff  ___c_args__                     
abs   ffffffff  ___etext__                      
abs   ffffffff  ___pinit__                      
abs   ffffffff  ___text__                       
abs   ffffffff  binit                           
abs   ffffffff  etext                           
abs   ffffffff  pinit                           

[501 symbols]
