<?xml version="1.0" encoding="ISO-8859-1" ?>
<link_info>
   <banner>TMS320C2000 Linker PC v22.6.2.LTS</banner>
   <copyright>Copyright (c) 1996-2018 Texas Instruments Incorporated</copyright>
   <link_time>0x68544e34</link_time>
   <link_errors>0x0</link_errors>
   <output_file>P200W_ACDC_DSP_2800137_V1.000.out</output_file>
   <entry_point>
      <name>code_start</name>
      <address>0x80000</address>
   </entry_point>
   <input_file_list>
      <input_file id="fl-2">
         <path>.\01_App\Source\</path>
         <kind>object</kind>
         <file>Communication.obj</file>
         <name>Communication.obj</name>
      </input_file>
      <input_file id="fl-3">
         <path>.\01_App\Source\</path>
         <kind>object</kind>
         <file>Grid.obj</file>
         <name>Grid.obj</name>
      </input_file>
      <input_file id="fl-4">
         <path>.\01_App\Source\</path>
         <kind>object</kind>
         <file>Init.obj</file>
         <name>Init.obj</name>
      </input_file>
      <input_file id="fl-5">
         <path>.\01_App\Source\</path>
         <kind>object</kind>
         <file>Interrupt.obj</file>
         <name>Interrupt.obj</name>
      </input_file>
      <input_file id="fl-6">
         <path>.\01_App\Source\</path>
         <kind>object</kind>
         <file>Sample.obj</file>
         <name>Sample.obj</name>
      </input_file>
      <input_file id="fl-7">
         <path>.\01_App\Source\</path>
         <kind>object</kind>
         <file>Tempture.obj</file>
         <name>Tempture.obj</name>
      </input_file>
      <input_file id="fl-8">
         <path>.\01_App\Source\</path>
         <kind>object</kind>
         <file>UserMath.obj</file>
         <name>UserMath.obj</name>
      </input_file>
      <input_file id="fl-9">
         <path>.\01_App\Source\</path>
         <kind>object</kind>
         <file>main.obj</file>
         <name>main.obj</name>
      </input_file>
      <input_file id="fl-a">
         <path>.\02_Ctr\Source\</path>
         <kind>object</kind>
         <file>Config_Inv.obj</file>
         <name>Config_Inv.obj</name>
      </input_file>
      <input_file id="fl-b">
         <path>.\02_Ctr\Source\</path>
         <kind>object</kind>
         <file>Config_LLc.obj</file>
         <name>Config_LLc.obj</name>
      </input_file>
      <input_file id="fl-c">
         <path>.\02_Ctr\Source\</path>
         <kind>object</kind>
         <file>Ctr_Inv.obj</file>
         <name>Ctr_Inv.obj</name>
      </input_file>
      <input_file id="fl-d">
         <path>.\02_Ctr\Source\</path>
         <kind>object</kind>
         <file>Ctr_LLc.obj</file>
         <name>Ctr_LLc.obj</name>
      </input_file>
      <input_file id="fl-e">
         <path>.\02_Ctr\Source\</path>
         <kind>object</kind>
         <file>Protect_Inv.obj</file>
         <name>Protect_Inv.obj</name>
      </input_file>
      <input_file id="fl-f">
         <path>.\02_Ctr\Source\</path>
         <kind>object</kind>
         <file>Protect_LLc.obj</file>
         <name>Protect_LLc.obj</name>
      </input_file>
      <input_file id="fl-10">
         <path>.\03_Task\Source\</path>
         <kind>object</kind>
         <file>Task_Fun.obj</file>
         <name>Task_Fun.obj</name>
      </input_file>
      <input_file id="fl-11">
         <path>.\03_Task\Source\</path>
         <kind>object</kind>
         <file>Task_Inv.obj</file>
         <name>Task_Inv.obj</name>
      </input_file>
      <input_file id="fl-12">
         <path>.\03_Task\Source\</path>
         <kind>object</kind>
         <file>Task_Msw.obj</file>
         <name>Task_Msw.obj</name>
      </input_file>
      <input_file id="fl-13">
         <path>.\03_Task\Source\</path>
         <kind>object</kind>
         <file>Task_Sci.obj</file>
         <name>Task_Sci.obj</name>
      </input_file>
      <input_file id="fl-14">
         <path>.\05_BSP\Source\</path>
         <kind>object</kind>
         <file>BSP_Adc.obj</file>
         <name>BSP_Adc.obj</name>
      </input_file>
      <input_file id="fl-15">
         <path>.\05_BSP\Source\</path>
         <kind>object</kind>
         <file>BSP_Cmpss.obj</file>
         <name>BSP_Cmpss.obj</name>
      </input_file>
      <input_file id="fl-16">
         <path>.\05_BSP\Source\</path>
         <kind>object</kind>
         <file>BSP_EPwm.obj</file>
         <name>BSP_EPwm.obj</name>
      </input_file>
      <input_file id="fl-17">
         <path>.\05_BSP\Source\</path>
         <kind>object</kind>
         <file>BSP_Gpio.obj</file>
         <name>BSP_Gpio.obj</name>
      </input_file>
      <input_file id="fl-18">
         <path>.\05_BSP\Source\</path>
         <kind>object</kind>
         <file>BSP_Ntc.obj</file>
         <name>BSP_Ntc.obj</name>
      </input_file>
      <input_file id="fl-19">
         <path>.\05_BSP\Source\</path>
         <kind>object</kind>
         <file>BSP_OS.obj</file>
         <name>BSP_OS.obj</name>
      </input_file>
      <input_file id="fl-1a">
         <path>.\05_BSP\Source\</path>
         <kind>object</kind>
         <file>BSP_Ram.obj</file>
         <name>BSP_Ram.obj</name>
      </input_file>
      <input_file id="fl-1b">
         <path>.\05_BSP\Source\</path>
         <kind>object</kind>
         <file>BSP_Rly.obj</file>
         <name>BSP_Rly.obj</name>
      </input_file>
      <input_file id="fl-1c">
         <path>.\05_BSP\Source\</path>
         <kind>object</kind>
         <file>BSP_Sci.obj</file>
         <name>BSP_Sci.obj</name>
      </input_file>
      <input_file id="fl-1d">
         <path>.\05_BSP\Source\</path>
         <kind>object</kind>
         <file>BSP_Timer.obj</file>
         <name>BSP_Timer.obj</name>
      </input_file>
      <input_file id="fl-1e">
         <path>.\05_BSP\Source\</path>
         <kind>object</kind>
         <file>BSP_Xbar.obj</file>
         <name>BSP_Xbar.obj</name>
      </input_file>
      <input_file id="fl-1f">
         <path>.\06_CSP\Source\</path>
         <kind>object</kind>
         <file>f280013x_adc.obj</file>
         <name>f280013x_adc.obj</name>
      </input_file>
      <input_file id="fl-20">
         <path>.\06_CSP\Source\</path>
         <kind>object</kind>
         <file>f280013x_codestartbranch.obj</file>
         <name>f280013x_codestartbranch.obj</name>
      </input_file>
      <input_file id="fl-21">
         <path>.\06_CSP\Source\</path>
         <kind>object</kind>
         <file>f280013x_cputimers.obj</file>
         <name>f280013x_cputimers.obj</name>
      </input_file>
      <input_file id="fl-22">
         <path>.\06_CSP\Source\</path>
         <kind>object</kind>
         <file>f280013x_dbgier.obj</file>
         <name>f280013x_dbgier.obj</name>
      </input_file>
      <input_file id="fl-23">
         <path>.\06_CSP\Source\</path>
         <kind>object</kind>
         <file>f280013x_defaultisr.obj</file>
         <name>f280013x_defaultisr.obj</name>
      </input_file>
      <input_file id="fl-24">
         <path>.\06_CSP\Source\</path>
         <kind>object</kind>
         <file>f280013x_epwm.obj</file>
         <name>f280013x_epwm.obj</name>
      </input_file>
      <input_file id="fl-25">
         <path>.\06_CSP\Source\</path>
         <kind>object</kind>
         <file>f280013x_globalvariabledefs.obj</file>
         <name>f280013x_globalvariabledefs.obj</name>
      </input_file>
      <input_file id="fl-26">
         <path>.\06_CSP\Source\</path>
         <kind>object</kind>
         <file>f280013x_gpio.obj</file>
         <name>f280013x_gpio.obj</name>
      </input_file>
      <input_file id="fl-27">
         <path>.\06_CSP\Source\</path>
         <kind>object</kind>
         <file>f280013x_piectrl.obj</file>
         <name>f280013x_piectrl.obj</name>
      </input_file>
      <input_file id="fl-28">
         <path>.\06_CSP\Source\</path>
         <kind>object</kind>
         <file>f280013x_pievect.obj</file>
         <name>f280013x_pievect.obj</name>
      </input_file>
      <input_file id="fl-29">
         <path>.\06_CSP\Source\</path>
         <kind>object</kind>
         <file>f280013x_spi.obj</file>
         <name>f280013x_spi.obj</name>
      </input_file>
      <input_file id="fl-2a">
         <path>.\06_CSP\Source\</path>
         <kind>object</kind>
         <file>f280013x_sysctrl.obj</file>
         <name>f280013x_sysctrl.obj</name>
      </input_file>
      <input_file id="fl-2b">
         <path>.\06_CSP\Source\</path>
         <kind>object</kind>
         <file>f280013x_tempsensorconv.obj</file>
         <name>f280013x_tempsensorconv.obj</name>
      </input_file>
      <input_file id="fl-2c">
         <path>.\06_CSP\Source\</path>
         <kind>object</kind>
         <file>f280013x_usdelay.obj</file>
         <name>f280013x_usdelay.obj</name>
      </input_file>
      <input_file id="fl-2d">
         <path>.\07_Driver\Source\</path>
         <kind>object</kind>
         <file>Driver_Adc.obj</file>
         <name>Driver_Adc.obj</name>
      </input_file>
      <input_file id="fl-2e">
         <path>.\07_Driver\Source\</path>
         <kind>object</kind>
         <file>Driver_Cmpss.obj</file>
         <name>Driver_Cmpss.obj</name>
      </input_file>
      <input_file id="fl-2f">
         <path>.\07_Driver\Source\</path>
         <kind>object</kind>
         <file>Driver_Sci.obj</file>
         <name>Driver_Sci.obj</name>
      </input_file>
      <input_file id="fl-34">
         <kind>object</kind>
         <file>&lt;internal&gt;</file>
         <name>&lt;internal&gt;</name>
      </input_file>
      <input_file id="fl-40">
         <path>D:\ti\ccs2020\ccs\tools\compiler\ti-cgt-c2000_22.6.2.LTS\lib\</path>
         <kind>archive</kind>
         <file>rts2800_fpu32.lib</file>
         <name>boot28.asm.obj</name>
      </input_file>
      <input_file id="fl-41">
         <path>D:\ti\ccs2020\ccs\tools\compiler\ti-cgt-c2000_22.6.2.LTS\lib\</path>
         <kind>archive</kind>
         <file>rts2800_fpu32.lib</file>
         <name>fs_div28.asm.obj</name>
      </input_file>
      <input_file id="fl-42">
         <path>D:\ti\ccs2020\ccs\tools\compiler\ti-cgt-c2000_22.6.2.LTS\lib\</path>
         <kind>archive</kind>
         <file>rts2800_fpu32.lib</file>
         <name>l_div28.asm.obj</name>
      </input_file>
      <input_file id="fl-43">
         <path>D:\ti\ccs2020\ccs\tools\compiler\ti-cgt-c2000_22.6.2.LTS\lib\</path>
         <kind>archive</kind>
         <file>rts2800_fpu32.lib</file>
         <name>cpy_tbl.c.obj</name>
      </input_file>
      <input_file id="fl-44">
         <path>D:\ti\ccs2020\ccs\tools\compiler\ti-cgt-c2000_22.6.2.LTS\lib\</path>
         <kind>archive</kind>
         <file>rts2800_fpu32.lib</file>
         <name>memcpy.c.obj</name>
      </input_file>
      <input_file id="fl-45">
         <path>D:\ti\ccs2020\ccs\tools\compiler\ti-cgt-c2000_22.6.2.LTS\lib\</path>
         <kind>archive</kind>
         <file>rts2800_fpu32.lib</file>
         <name>pre_init.c.obj</name>
      </input_file>
      <input_file id="fl-46">
         <path>D:\ti\ccs2020\ccs\tools\compiler\ti-cgt-c2000_22.6.2.LTS\lib\</path>
         <kind>archive</kind>
         <file>rts2800_fpu32.lib</file>
         <name>startup.c.obj</name>
      </input_file>
      <input_file id="fl-47">
         <path>D:\ti\ccs2020\ccs\tools\compiler\ti-cgt-c2000_22.6.2.LTS\lib\</path>
         <kind>archive</kind>
         <file>rts2800_fpu32.lib</file>
         <name>exit.c.obj</name>
      </input_file>
      <input_file id="fl-48">
         <path>D:\ti\ccs2020\ccs\tools\compiler\ti-cgt-c2000_22.6.2.LTS\lib\</path>
         <kind>archive</kind>
         <file>rts2800_fpu32.lib</file>
         <name>_lock.c.obj</name>
      </input_file>
      <input_file id="fl-49">
         <path>D:\ti\ccs2020\ccs\tools\compiler\ti-cgt-c2000_22.6.2.LTS\lib\</path>
         <kind>archive</kind>
         <file>rts2800_fpu32.lib</file>
         <name>args_main.c.obj</name>
      </input_file>
   </input_file_list>
   <object_component_list>
      <object_component id="oc-55">
         <name>codestart</name>
         <load_address>0x80000</load_address>
         <run_address>0x80000</run_address>
         <size>0x2</size>
         <input_file_ref idref="fl-20"/>
      </object_component>
      <object_component id="oc-1ae">
         <name>.text</name>
         <load_address>0x82000</load_address>
         <run_address>0x82000</run_address>
         <size>0x874</size>
         <input_file_ref idref="fl-16"/>
      </object_component>
      <object_component id="oc-1b5">
         <name>.text</name>
         <load_address>0x82874</load_address>
         <run_address>0x82874</run_address>
         <size>0x5eb</size>
         <input_file_ref idref="fl-2e"/>
      </object_component>
      <object_component id="oc-193">
         <name>.text</name>
         <load_address>0x82e5f</load_address>
         <run_address>0x82e5f</run_address>
         <size>0x400</size>
         <input_file_ref idref="fl-1c"/>
      </object_component>
      <object_component id="oc-19b">
         <name>.text</name>
         <load_address>0x8325f</load_address>
         <run_address>0x8325f</run_address>
         <size>0x3cb</size>
         <input_file_ref idref="fl-2f"/>
      </object_component>
      <object_component id="oc-194">
         <name>.text</name>
         <load_address>0x8362a</load_address>
         <run_address>0x8362a</run_address>
         <size>0x2f3</size>
         <input_file_ref idref="fl-2a"/>
      </object_component>
      <object_component id="oc-db">
         <name>.text:retain</name>
         <load_address>0x8391d</load_address>
         <run_address>0x8391d</run_address>
         <size>0x2dd</size>
         <input_file_ref idref="fl-23"/>
      </object_component>
      <object_component id="oc-1b3">
         <name>.text</name>
         <load_address>0x83bfa</load_address>
         <run_address>0x83bfa</run_address>
         <size>0x2a1</size>
         <input_file_ref idref="fl-2d"/>
      </object_component>
      <object_component id="oc-1a2">
         <name>.text</name>
         <load_address>0x83e9b</load_address>
         <run_address>0x83e9b</run_address>
         <size>0xad</size>
         <input_file_ref idref="fl-1d"/>
      </object_component>
      <object_component id="oc-15e">
         <name>.text</name>
         <load_address>0x83f48</load_address>
         <run_address>0x83f48</run_address>
         <size>0x88</size>
         <input_file_ref idref="fl-41"/>
      </object_component>
      <object_component id="oc-1a1">
         <name>.text</name>
         <load_address>0x83fd0</load_address>
         <run_address>0x83fd0</run_address>
         <size>0x2a</size>
         <input_file_ref idref="fl-4"/>
      </object_component>
      <object_component id="oc-d5">
         <name>.text</name>
         <load_address>0x83ffa</load_address>
         <run_address>0x83ffa</run_address>
         <size>0x3</size>
         <input_file_ref idref="fl-22"/>
      </object_component>
      <object_component id="oc-18e">
         <name>.text</name>
         <load_address>0x83ffd</load_address>
         <run_address>0x83ffd</run_address>
         <size>0x2</size>
         <input_file_ref idref="fl-45"/>
      </object_component>
      <object_component id="oc-190">
         <name>.text</name>
         <load_address>0x83fff</load_address>
         <run_address>0x83fff</run_address>
         <size>0x1</size>
         <input_file_ref idref="fl-46"/>
      </object_component>
      <object_component id="oc-1b2">
         <name>.text</name>
         <load_address>0x84000</load_address>
         <run_address>0x84000</run_address>
         <size>0x1e2</size>
         <input_file_ref idref="fl-26"/>
      </object_component>
      <object_component id="oc-1aa">
         <name>.text</name>
         <load_address>0x841e2</load_address>
         <run_address>0x841e2</run_address>
         <size>0x1b0</size>
         <input_file_ref idref="fl-17"/>
      </object_component>
      <object_component id="oc-1ab">
         <name>.text</name>
         <load_address>0x84392</load_address>
         <run_address>0x84392</run_address>
         <size>0x17a</size>
         <input_file_ref idref="fl-14"/>
      </object_component>
      <object_component id="oc-1af">
         <name>.text</name>
         <load_address>0x8450c</load_address>
         <run_address>0x8450c</run_address>
         <size>0x7c</size>
         <input_file_ref idref="fl-21"/>
      </object_component>
      <object_component id="oc-1b7">
         <name>.text</name>
         <load_address>0x84588</load_address>
         <run_address>0x84588</run_address>
         <size>0x60</size>
         <input_file_ref idref="fl-1f"/>
      </object_component>
      <object_component id="oc-157">
         <name>.text</name>
         <load_address>0x845e8</load_address>
         <run_address>0x845e8</run_address>
         <size>0x56</size>
         <input_file_ref idref="fl-40"/>
      </object_component>
      <object_component id="oc-1b0">
         <name>.text</name>
         <load_address>0x8463e</load_address>
         <run_address>0x8463e</run_address>
         <size>0x4c</size>
         <input_file_ref idref="fl-19"/>
      </object_component>
      <object_component id="oc-18d">
         <name>.text</name>
         <load_address>0x8468a</load_address>
         <run_address>0x8468a</run_address>
         <size>0x49</size>
         <input_file_ref idref="fl-5"/>
      </object_component>
      <object_component id="oc-61">
         <name>.text:retain</name>
         <load_address>0x846d3</load_address>
         <run_address>0x846d3</run_address>
         <size>0x35</size>
         <input_file_ref idref="fl-5"/>
      </object_component>
      <object_component id="oc-163">
         <name>.text</name>
         <load_address>0x84708</load_address>
         <run_address>0x84708</run_address>
         <size>0x2a</size>
         <input_file_ref idref="fl-42"/>
      </object_component>
      <object_component id="oc-192">
         <name>.text</name>
         <load_address>0x84732</load_address>
         <run_address>0x84732</run_address>
         <size>0x29</size>
         <input_file_ref idref="fl-47"/>
      </object_component>
      <object_component id="oc-195">
         <name>.text</name>
         <load_address>0x8475b</load_address>
         <run_address>0x8475b</run_address>
         <size>0x28</size>
         <input_file_ref idref="fl-27"/>
      </object_component>
      <object_component id="oc-196">
         <name>.text</name>
         <load_address>0x84783</load_address>
         <run_address>0x84783</run_address>
         <size>0x25</size>
         <input_file_ref idref="fl-28"/>
      </object_component>
      <object_component id="oc-18f">
         <name>.text</name>
         <load_address>0x847a8</load_address>
         <run_address>0x847a8</run_address>
         <size>0x24</size>
         <input_file_ref idref="fl-43"/>
      </object_component>
      <object_component id="oc-197">
         <name>.text</name>
         <load_address>0x847cc</load_address>
         <run_address>0x847cc</run_address>
         <size>0x1d</size>
         <input_file_ref idref="fl-44"/>
      </object_component>
      <object_component id="oc-1a6">
         <name>.text</name>
         <load_address>0x847e9</load_address>
         <run_address>0x847e9</run_address>
         <size>0x1b</size>
         <input_file_ref idref="fl-13"/>
      </object_component>
      <object_component id="oc-198">
         <name>.text</name>
         <load_address>0x84804</load_address>
         <run_address>0x84804</run_address>
         <size>0x19</size>
         <input_file_ref idref="fl-9"/>
      </object_component>
      <object_component id="oc-1a9">
         <name>.text</name>
         <load_address>0x8481d</load_address>
         <run_address>0x8481d</run_address>
         <size>0x18</size>
         <input_file_ref idref="fl-1a"/>
      </object_component>
      <object_component id="oc-1ac">
         <name>.text</name>
         <load_address>0x84835</load_address>
         <run_address>0x84835</run_address>
         <size>0x16</size>
         <input_file_ref idref="fl-15"/>
      </object_component>
      <object_component id="oc-1a3">
         <name>.text</name>
         <load_address>0x8484b</load_address>
         <run_address>0x8484b</run_address>
         <size>0x13</size>
         <input_file_ref idref="fl-12"/>
      </object_component>
      <object_component id="oc-191">
         <name>.text</name>
         <load_address>0x8485e</load_address>
         <run_address>0x8485e</run_address>
         <size>0x12</size>
         <input_file_ref idref="fl-49"/>
      </object_component>
      <object_component id="oc-1ad">
         <name>.text</name>
         <load_address>0x84870</load_address>
         <run_address>0x84870</run_address>
         <size>0xd</size>
         <input_file_ref idref="fl-1e"/>
      </object_component>
      <object_component id="oc-1a5">
         <name>.text</name>
         <load_address>0x8487d</load_address>
         <run_address>0x8487d</run_address>
         <size>0x9</size>
         <input_file_ref idref="fl-10"/>
      </object_component>
      <object_component id="oc-1a4">
         <name>.text</name>
         <load_address>0x84886</load_address>
         <run_address>0x84886</run_address>
         <size>0x9</size>
         <input_file_ref idref="fl-11"/>
      </object_component>
      <object_component id="oc-1a7">
         <name>.text</name>
         <load_address>0x8488f</load_address>
         <run_address>0x8488f</run_address>
         <size>0x9</size>
         <input_file_ref idref="fl-48"/>
      </object_component>
      <object_component id="oc-ca">
         <name>.text</name>
         <load_address>0x84898</load_address>
         <run_address>0x84898</run_address>
         <size>0x8</size>
         <input_file_ref idref="fl-20"/>
      </object_component>
      <object_component id="oc-17d">
         <name>.cinit</name>
         <load_address>0x80030</load_address>
         <run_address>0x80030</run_address>
         <size>0xe</size>
         <input_file_ref idref="fl-47"/>
      </object_component>
      <object_component id="oc-19a">
         <name>.cinit:__lock</name>
         <load_address>0x8003e</load_address>
         <run_address>0x8003e</run_address>
         <size>0x5</size>
         <input_file_ref idref="fl-48"/>
      </object_component>
      <object_component id="oc-1a8">
         <name>.cinit:__unlock</name>
         <load_address>0x80043</load_address>
         <run_address>0x80043</run_address>
         <size>0x5</size>
         <input_file_ref idref="fl-48"/>
      </object_component>
      <object_component id="oc-159">
         <name>.reset</name>
         <load_address>0x3fffc0</load_address>
         <run_address>0x3fffc0</run_address>
         <size>0x2</size>
         <input_file_ref idref="fl-40"/>
      </object_component>
      <object_component id="oc-158">
         <name>.stack</name>
         <uninitialized>true</uninitialized>
         <run_address>0x400</run_address>
         <size>0x0</size>
         <input_file_ref idref="fl-40"/>
      </object_component>
      <object_component id="oc-216">
         <name>.stack</name>
         <uninitialized>true</uninitialized>
         <run_address>0x400</run_address>
         <size>0x0</size>
      </object_component>
      <object_component id="oc-60">
         <name>.ebss</name>
         <uninitialized>true</uninitialized>
         <run_address>0x81ff</run_address>
         <size>0x1</size>
         <input_file_ref idref="fl-5"/>
      </object_component>
      <object_component id="oc-88">
         <name>.ebss</name>
         <uninitialized>true</uninitialized>
         <run_address>0x82fe</run_address>
         <size>0x1</size>
         <input_file_ref idref="fl-12"/>
      </object_component>
      <object_component id="oc-93">
         <name>.ebss</name>
         <uninitialized>true</uninitialized>
         <run_address>0x8200</run_address>
         <size>0xf0</size>
         <input_file_ref idref="fl-14"/>
      </object_component>
      <object_component id="oc-1b6">
         <name>.ebss:_OS_TASK_EVEN</name>
         <uninitialized>true</uninitialized>
         <run_address>0x81fb</run_address>
         <size>0x4</size>
         <input_file_ref idref="fl-19"/>
      </object_component>
      <object_component id="oc-19e">
         <name>.ebss:_QList</name>
         <uninitialized>true</uninitialized>
         <run_address>0x8300</run_address>
         <size>0x18</size>
         <input_file_ref idref="fl-1c"/>
      </object_component>
      <object_component id="oc-19d">
         <name>.ebss:_SciList</name>
         <uninitialized>true</uninitialized>
         <run_address>0x8000</run_address>
         <size>0x1f2</size>
         <input_file_ref idref="fl-1c"/>
      </object_component>
      <object_component id="oc-bb">
         <name>.ebss</name>
         <uninitialized>true</uninitialized>
         <run_address>0x81f2</run_address>
         <size>0x9</size>
         <input_file_ref idref="fl-1d"/>
      </object_component>
      <object_component id="oc-d0">
         <name>.ebss</name>
         <uninitialized>true</uninitialized>
         <run_address>0x8318</run_address>
         <size>0x18</size>
         <input_file_ref idref="fl-21"/>
      </object_component>
      <object_component id="oc-13e">
         <name>.ebss</name>
         <uninitialized>true</uninitialized>
         <run_address>0x82f6</run_address>
         <size>0x4</size>
         <input_file_ref idref="fl-2b"/>
      </object_component>
      <object_component id="oc-17e">
         <name>.ebss</name>
         <uninitialized>true</uninitialized>
         <run_address>0x82f0</run_address>
         <size>0x6</size>
         <input_file_ref idref="fl-47"/>
      </object_component>
      <object_component id="oc-199">
         <name>.ebss:__lock</name>
         <uninitialized>true</uninitialized>
         <run_address>0x82fa</run_address>
         <size>0x2</size>
         <input_file_ref idref="fl-48"/>
      </object_component>
      <object_component id="oc-1b1">
         <name>.ebss:__unlock</name>
         <uninitialized>true</uninitialized>
         <run_address>0x82fc</run_address>
         <size>0x2</size>
         <input_file_ref idref="fl-48"/>
      </object_component>
      <object_component id="oc-1a0">
         <name>.econst:_PieVectTableInit</name>
         <load_address>0x88000</load_address>
         <run_address>0x88000</run_address>
         <size>0x100</size>
         <input_file_ref idref="fl-28"/>
      </object_component>
      <object_component id="oc-1b4">
         <name>.econst:_t_CMP_Para</name>
         <load_address>0x88100</load_address>
         <run_address>0x88100</run_address>
         <size>0xf</size>
         <input_file_ref idref="fl-15"/>
      </object_component>
      <object_component id="oc-1b9">
         <name>.econst:_CMP_LITE_CH</name>
         <load_address>0x88110</load_address>
         <run_address>0x88110</run_address>
         <size>0x6</size>
         <input_file_ref idref="fl-2e"/>
      </object_component>
      <object_component id="oc-19c">
         <name>.econst:_SciReg</name>
         <load_address>0x88116</load_address>
         <run_address>0x88116</run_address>
         <size>0x6</size>
         <input_file_ref idref="fl-2f"/>
      </object_component>
      <object_component id="oc-1b8">
         <name>.econst:_CMP_CH</name>
         <load_address>0x8811c</load_address>
         <run_address>0x8811c</run_address>
         <size>0x2</size>
         <input_file_ref idref="fl-2e"/>
      </object_component>
      <object_component id="oc-19f">
         <name>.TI.ramfunc</name>
         <load_address>0x80008</load_address>
         <run_address>0x8330</run_address>
         <size>0x1f</size>
         <input_file_ref idref="fl-2a"/>
      </object_component>
      <object_component id="oc-143">
         <name>.TI.ramfunc</name>
         <load_address>0x80027</load_address>
         <run_address>0x834f</run_address>
         <size>0x4</size>
         <input_file_ref idref="fl-2c"/>
      </object_component>
      <object_component id="oc-11d">
         <name>PieVectTableFile</name>
         <uninitialized>true</uninitialized>
         <run_address>0xd00</run_address>
         <size>0x100</size>
         <input_file_ref idref="fl-25"/>
      </object_component>
      <object_component id="oc-107">
         <name>AccessProtectionRegsFile</name>
         <uninitialized>true</uninitialized>
         <run_address>0x5f500</run_address>
         <size>0x2c</size>
         <input_file_ref idref="fl-25"/>
      </object_component>
      <object_component id="oc-112">
         <name>AdcaRegsFile</name>
         <uninitialized>true</uninitialized>
         <run_address>0x7400</run_address>
         <size>0x76</size>
         <input_file_ref idref="fl-25"/>
      </object_component>
      <object_component id="oc-113">
         <name>AdccRegsFile</name>
         <uninitialized>true</uninitialized>
         <run_address>0x7500</run_address>
         <size>0x76</size>
         <input_file_ref idref="fl-25"/>
      </object_component>
      <object_component id="oc-f6">
         <name>AdcaResultRegsFile</name>
         <uninitialized>true</uninitialized>
         <run_address>0xb00</run_address>
         <size>0x18</size>
         <input_file_ref idref="fl-25"/>
      </object_component>
      <object_component id="oc-f7">
         <name>AdccResultRegsFile</name>
         <uninitialized>true</uninitialized>
         <run_address>0xb40</run_address>
         <size>0x18</size>
         <input_file_ref idref="fl-25"/>
      </object_component>
      <object_component id="oc-11e">
         <name>AnalogSubsysRegsFile</name>
         <uninitialized>true</uninitialized>
         <run_address>0x5d700</run_address>
         <size>0x11a</size>
         <input_file_ref idref="fl-25"/>
      </object_component>
      <object_component id="oc-11f">
         <name>CanaRegsFile</name>
         <uninitialized>true</uninitialized>
         <run_address>0x48000</run_address>
         <size>0x164</size>
         <input_file_ref idref="fl-25"/>
      </object_component>
      <object_component id="oc-10c">
         <name>ClkCfgRegsFile</name>
         <uninitialized>true</uninitialized>
         <run_address>0x5d200</run_address>
         <size>0x3e</size>
         <input_file_ref idref="fl-25"/>
      </object_component>
      <object_component id="oc-fa">
         <name>CmpssLite2RegsFile</name>
         <uninitialized>true</uninitialized>
         <run_address>0x5540</run_address>
         <size>0x1b</size>
         <input_file_ref idref="fl-25"/>
      </object_component>
      <object_component id="oc-fb">
         <name>CmpssLite3RegsFile</name>
         <uninitialized>true</uninitialized>
         <run_address>0x5580</run_address>
         <size>0x1b</size>
         <input_file_ref idref="fl-25"/>
      </object_component>
      <object_component id="oc-fc">
         <name>CmpssLite4RegsFile</name>
         <uninitialized>true</uninitialized>
         <run_address>0x55c0</run_address>
         <size>0x1b</size>
         <input_file_ref idref="fl-25"/>
      </object_component>
      <object_component id="oc-fd">
         <name>Cmpss1RegsFile</name>
         <uninitialized>true</uninitialized>
         <run_address>0x5500</run_address>
         <size>0x1b</size>
         <input_file_ref idref="fl-25"/>
      </object_component>
      <object_component id="oc-e8">
         <name>CpuTimer0RegsFile</name>
         <uninitialized>true</uninitialized>
         <run_address>0xc00</run_address>
         <size>0x8</size>
         <input_file_ref idref="fl-25"/>
      </object_component>
      <object_component id="oc-e9">
         <name>CpuTimer1RegsFile</name>
         <uninitialized>true</uninitialized>
         <run_address>0xc08</run_address>
         <size>0x8</size>
         <input_file_ref idref="fl-25"/>
      </object_component>
      <object_component id="oc-ea">
         <name>CpuTimer2RegsFile</name>
         <uninitialized>true</uninitialized>
         <run_address>0xc10</run_address>
         <size>0x8</size>
         <input_file_ref idref="fl-25"/>
      </object_component>
      <object_component id="oc-115">
         <name>CpuSysRegsFile</name>
         <uninitialized>true</uninitialized>
         <run_address>0x5d300</run_address>
         <size>0xb0</size>
         <input_file_ref idref="fl-25"/>
      </object_component>
      <object_component id="oc-108">
         <name>Dcc0RegsFile</name>
         <uninitialized>true</uninitialized>
         <run_address>0x5e700</run_address>
         <size>0x2c</size>
         <input_file_ref idref="fl-25"/>
      </object_component>
      <object_component id="oc-105">
         <name>DcsmCommonRegsFile</name>
         <uninitialized>true</uninitialized>
         <run_address>0x5f0c0</run_address>
         <size>0x28</size>
         <input_file_ref idref="fl-25"/>
      </object_component>
      <object_component id="oc-fe">
         <name>DcsmZ1OtpRegsFile</name>
         <uninitialized>true</uninitialized>
         <run_address>0x78000</run_address>
         <size>0x20</size>
         <input_file_ref idref="fl-25"/>
      </object_component>
      <object_component id="oc-10d">
         <name>DcsmZ1RegsFile</name>
         <uninitialized>true</uninitialized>
         <run_address>0x5f000</run_address>
         <size>0x3e</size>
         <input_file_ref idref="fl-25"/>
      </object_component>
      <object_component id="oc-f5">
         <name>DcsmZ2OtpRegsFile</name>
         <uninitialized>true</uninitialized>
         <run_address>0x78200</run_address>
         <size>0x12</size>
         <input_file_ref idref="fl-25"/>
      </object_component>
      <object_component id="oc-109">
         <name>DcsmZ2RegsFile</name>
         <uninitialized>true</uninitialized>
         <run_address>0x5f080</run_address>
         <size>0x2c</size>
         <input_file_ref idref="fl-25"/>
      </object_component>
      <object_component id="oc-121">
         <name>DevCfgRegsFile</name>
         <uninitialized>true</uninitialized>
         <run_address>0x5d000</run_address>
         <size>0x19c</size>
         <input_file_ref idref="fl-25"/>
      </object_component>
      <object_component id="oc-ff">
         <name>ECap1RegsFile</name>
         <uninitialized>true</uninitialized>
         <run_address>0x5200</run_address>
         <size>0x20</size>
         <input_file_ref idref="fl-25"/>
      </object_component>
      <object_component id="oc-100">
         <name>ECap2RegsFile</name>
         <uninitialized>true</uninitialized>
         <run_address>0x5240</run_address>
         <size>0x20</size>
         <input_file_ref idref="fl-25"/>
      </object_component>
      <object_component id="oc-ed">
         <name>Epg1MuxRegsFile</name>
         <uninitialized>true</uninitialized>
         <run_address>0x5ecd0</run_address>
         <size>0x10</size>
         <input_file_ref idref="fl-25"/>
      </object_component>
      <object_component id="oc-10e">
         <name>Epg1RegsFile</name>
         <uninitialized>true</uninitialized>
         <run_address>0x5ec00</run_address>
         <size>0x40</size>
         <input_file_ref idref="fl-25"/>
      </object_component>
      <object_component id="oc-116">
         <name>EPwm1RegsFile</name>
         <uninitialized>true</uninitialized>
         <run_address>0x4000</run_address>
         <size>0x100</size>
         <input_file_ref idref="fl-25"/>
      </object_component>
      <object_component id="oc-117">
         <name>EPwm2RegsFile</name>
         <uninitialized>true</uninitialized>
         <run_address>0x4100</run_address>
         <size>0x100</size>
         <input_file_ref idref="fl-25"/>
      </object_component>
      <object_component id="oc-118">
         <name>EPwm3RegsFile</name>
         <uninitialized>true</uninitialized>
         <run_address>0x4200</run_address>
         <size>0x100</size>
         <input_file_ref idref="fl-25"/>
      </object_component>
      <object_component id="oc-119">
         <name>EPwm4RegsFile</name>
         <uninitialized>true</uninitialized>
         <run_address>0x4300</run_address>
         <size>0x100</size>
         <input_file_ref idref="fl-25"/>
      </object_component>
      <object_component id="oc-11a">
         <name>EPwm5RegsFile</name>
         <uninitialized>true</uninitialized>
         <run_address>0x4400</run_address>
         <size>0x100</size>
         <input_file_ref idref="fl-25"/>
      </object_component>
      <object_component id="oc-11b">
         <name>EPwm6RegsFile</name>
         <uninitialized>true</uninitialized>
         <run_address>0x4500</run_address>
         <size>0x100</size>
         <input_file_ref idref="fl-25"/>
      </object_component>
      <object_component id="oc-11c">
         <name>EPwm7RegsFile</name>
         <uninitialized>true</uninitialized>
         <run_address>0x4600</run_address>
         <size>0x100</size>
         <input_file_ref idref="fl-25"/>
      </object_component>
      <object_component id="oc-10f">
         <name>EPwmXbarRegsFile</name>
         <uninitialized>true</uninitialized>
         <run_address>0x7a00</run_address>
         <size>0x40</size>
         <input_file_ref idref="fl-25"/>
      </object_component>
      <object_component id="oc-10a">
         <name>EQep1RegsFile</name>
         <uninitialized>true</uninitialized>
         <run_address>0x5100</run_address>
         <size>0x38</size>
         <input_file_ref idref="fl-25"/>
      </object_component>
      <object_component id="oc-120">
         <name>Flash0CtrlRegsFile</name>
         <uninitialized>true</uninitialized>
         <run_address>0x5f800</run_address>
         <size>0x182</size>
         <input_file_ref idref="fl-25"/>
      </object_component>
      <object_component id="oc-102">
         <name>Flash0EccRegsFile</name>
         <uninitialized>true</uninitialized>
         <run_address>0x5fb00</run_address>
         <size>0x22</size>
         <input_file_ref idref="fl-25"/>
      </object_component>
      <object_component id="oc-122">
         <name>GpioCtrlRegsFile</name>
         <uninitialized>true</uninitialized>
         <run_address>0x7c00</run_address>
         <size>0x200</size>
         <input_file_ref idref="fl-25"/>
      </object_component>
      <object_component id="oc-ee">
         <name>GpioDataReadRegsFile</name>
         <uninitialized>true</uninitialized>
         <run_address>0x7f80</run_address>
         <size>0x10</size>
         <input_file_ref idref="fl-25"/>
      </object_component>
      <object_component id="oc-110">
         <name>GpioDataRegsFile</name>
         <uninitialized>true</uninitialized>
         <run_address>0x7f00</run_address>
         <size>0x40</size>
         <input_file_ref idref="fl-25"/>
      </object_component>
      <object_component id="oc-103">
         <name>I2caRegsFile</name>
         <uninitialized>true</uninitialized>
         <run_address>0x7300</run_address>
         <size>0x22</size>
         <input_file_ref idref="fl-25"/>
      </object_component>
      <object_component id="oc-104">
         <name>I2cbRegsFile</name>
         <uninitialized>true</uninitialized>
         <run_address>0x7340</run_address>
         <size>0x22</size>
         <input_file_ref idref="fl-25"/>
      </object_component>
      <object_component id="oc-101">
         <name>InputXbarRegsFile</name>
         <uninitialized>true</uninitialized>
         <run_address>0x7900</run_address>
         <size>0x20</size>
         <input_file_ref idref="fl-25"/>
      </object_component>
      <object_component id="oc-10b">
         <name>MemoryErrorRegsFile</name>
         <uninitialized>true</uninitialized>
         <run_address>0x5f540</run_address>
         <size>0x3a</size>
         <input_file_ref idref="fl-25"/>
      </object_component>
      <object_component id="oc-114">
         <name>MemCfgRegsFile</name>
         <uninitialized>true</uninitialized>
         <run_address>0x5f400</run_address>
         <size>0xa6</size>
         <input_file_ref idref="fl-25"/>
      </object_component>
      <object_component id="oc-ec">
         <name>NmiIntruptRegsFile</name>
         <uninitialized>true</uninitialized>
         <run_address>0x7060</run_address>
         <size>0xc</size>
         <input_file_ref idref="fl-25"/>
      </object_component>
      <object_component id="oc-111">
         <name>OutputXbarRegsFile</name>
         <uninitialized>true</uninitialized>
         <run_address>0x7a80</run_address>
         <size>0x40</size>
         <input_file_ref idref="fl-25"/>
      </object_component>
      <object_component id="oc-f9">
         <name>PieCtrlRegsFile</name>
         <uninitialized>true</uninitialized>
         <run_address>0xce0</run_address>
         <size>0x1a</size>
         <input_file_ref idref="fl-25"/>
      </object_component>
      <object_component id="oc-ef">
         <name>SciaRegsFile</name>
         <uninitialized>true</uninitialized>
         <run_address>0x7200</run_address>
         <size>0x10</size>
         <input_file_ref idref="fl-25"/>
      </object_component>
      <object_component id="oc-f0">
         <name>ScibRegsFile</name>
         <uninitialized>true</uninitialized>
         <run_address>0x7210</run_address>
         <size>0x10</size>
         <input_file_ref idref="fl-25"/>
      </object_component>
      <object_component id="oc-f1">
         <name>ScicRegsFile</name>
         <uninitialized>true</uninitialized>
         <run_address>0x7220</run_address>
         <size>0x10</size>
         <input_file_ref idref="fl-25"/>
      </object_component>
      <object_component id="oc-f2">
         <name>SpiaRegsFile</name>
         <uninitialized>true</uninitialized>
         <run_address>0x6100</run_address>
         <size>0x10</size>
         <input_file_ref idref="fl-25"/>
      </object_component>
      <object_component id="oc-e6">
         <name>SyncSocRegsFile</name>
         <uninitialized>true</uninitialized>
         <run_address>0x7940</run_address>
         <size>0x6</size>
         <input_file_ref idref="fl-25"/>
      </object_component>
      <object_component id="oc-f8">
         <name>SysStatusRegsFile</name>
         <uninitialized>true</uninitialized>
         <run_address>0x5d400</run_address>
         <size>0x18</size>
         <input_file_ref idref="fl-25"/>
      </object_component>
      <object_component id="oc-e7">
         <name>TestErrorRegsFile</name>
         <uninitialized>true</uninitialized>
         <run_address>0x5f590</run_address>
         <size>0x6</size>
         <input_file_ref idref="fl-25"/>
      </object_component>
      <object_component id="oc-f3">
         <name>UidRegsFile</name>
         <uninitialized>true</uninitialized>
         <run_address>0x71140</run_address>
         <size>0x10</size>
         <input_file_ref idref="fl-25"/>
      </object_component>
      <object_component id="oc-106">
         <name>WdRegsFile</name>
         <uninitialized>true</uninitialized>
         <run_address>0x7000</run_address>
         <size>0x2b</size>
         <input_file_ref idref="fl-25"/>
      </object_component>
      <object_component id="oc-f4">
         <name>XbarRegsFile</name>
         <uninitialized>true</uninitialized>
         <run_address>0x7920</run_address>
         <size>0x10</size>
         <input_file_ref idref="fl-25"/>
      </object_component>
      <object_component id="oc-eb">
         <name>XintRegsFile</name>
         <uninitialized>true</uninitialized>
         <run_address>0x7070</run_address>
         <size>0xb</size>
         <input_file_ref idref="fl-25"/>
      </object_component>
      <object_component id="oc-56">
         <name>.debug_info</name>
         <load_address>0x0</load_address>
         <run_address>0x0</run_address>
         <size>0x19b</size>
         <input_file_ref idref="fl-2"/>
      </object_component>
      <object_component id="oc-58">
         <name>.debug_info</name>
         <load_address>0x19b</load_address>
         <run_address>0x19b</run_address>
         <size>0x192</size>
         <input_file_ref idref="fl-3"/>
      </object_component>
      <object_component id="oc-5a">
         <name>.debug_info</name>
         <load_address>0x32d</load_address>
         <run_address>0x32d</run_address>
         <size>0x72a</size>
         <input_file_ref idref="fl-4"/>
      </object_component>
      <object_component id="oc-5f">
         <name>.debug_info</name>
         <load_address>0xa57</load_address>
         <run_address>0xa57</run_address>
         <size>0xd4f9</size>
         <input_file_ref idref="fl-5"/>
      </object_component>
      <object_component id="oc-66">
         <name>.debug_info</name>
         <load_address>0xdf50</load_address>
         <run_address>0xdf50</run_address>
         <size>0x194</size>
         <input_file_ref idref="fl-6"/>
      </object_component>
      <object_component id="oc-68">
         <name>.debug_info</name>
         <load_address>0xe0e4</load_address>
         <run_address>0xe0e4</run_address>
         <size>0x196</size>
         <input_file_ref idref="fl-7"/>
      </object_component>
      <object_component id="oc-6a">
         <name>.debug_info</name>
         <load_address>0xe27a</load_address>
         <run_address>0xe27a</run_address>
         <size>0x196</size>
         <input_file_ref idref="fl-8"/>
      </object_component>
      <object_component id="oc-6c">
         <name>.debug_info</name>
         <load_address>0xe410</load_address>
         <run_address>0xe410</run_address>
         <size>0x4fd</size>
         <input_file_ref idref="fl-9"/>
      </object_component>
      <object_component id="oc-71">
         <name>.debug_info</name>
         <load_address>0xe90d</load_address>
         <run_address>0xe90d</run_address>
         <size>0x198</size>
         <input_file_ref idref="fl-a"/>
      </object_component>
      <object_component id="oc-73">
         <name>.debug_info</name>
         <load_address>0xeaa5</load_address>
         <run_address>0xeaa5</run_address>
         <size>0x198</size>
         <input_file_ref idref="fl-b"/>
      </object_component>
      <object_component id="oc-75">
         <name>.debug_info</name>
         <load_address>0xec3d</load_address>
         <run_address>0xec3d</run_address>
         <size>0x195</size>
         <input_file_ref idref="fl-c"/>
      </object_component>
      <object_component id="oc-77">
         <name>.debug_info</name>
         <load_address>0xedd2</load_address>
         <run_address>0xedd2</run_address>
         <size>0x195</size>
         <input_file_ref idref="fl-d"/>
      </object_component>
      <object_component id="oc-79">
         <name>.debug_info</name>
         <load_address>0xef67</load_address>
         <run_address>0xef67</run_address>
         <size>0x199</size>
         <input_file_ref idref="fl-e"/>
      </object_component>
      <object_component id="oc-7b">
         <name>.debug_info</name>
         <load_address>0xf100</load_address>
         <run_address>0xf100</run_address>
         <size>0x199</size>
         <input_file_ref idref="fl-f"/>
      </object_component>
      <object_component id="oc-7d">
         <name>.debug_info</name>
         <load_address>0xf299</load_address>
         <run_address>0xf299</run_address>
         <size>0x408</size>
         <input_file_ref idref="fl-10"/>
      </object_component>
      <object_component id="oc-82">
         <name>.debug_info</name>
         <load_address>0xf6a1</load_address>
         <run_address>0xf6a1</run_address>
         <size>0x408</size>
         <input_file_ref idref="fl-11"/>
      </object_component>
      <object_component id="oc-87">
         <name>.debug_info</name>
         <load_address>0xfaa9</load_address>
         <run_address>0xfaa9</run_address>
         <size>0x4d1</size>
         <input_file_ref idref="fl-12"/>
      </object_component>
      <object_component id="oc-8d">
         <name>.debug_info</name>
         <load_address>0xff7a</load_address>
         <run_address>0xff7a</run_address>
         <size>0x4eb</size>
         <input_file_ref idref="fl-13"/>
      </object_component>
      <object_component id="oc-92">
         <name>.debug_info</name>
         <load_address>0x10465</load_address>
         <run_address>0x10465</run_address>
         <size>0x5105</size>
         <input_file_ref idref="fl-14"/>
      </object_component>
      <object_component id="oc-98">
         <name>.debug_info</name>
         <load_address>0x1556a</load_address>
         <run_address>0x1556a</run_address>
         <size>0x787</size>
         <input_file_ref idref="fl-15"/>
      </object_component>
      <object_component id="oc-9d">
         <name>.debug_info</name>
         <load_address>0x15cf1</load_address>
         <run_address>0x15cf1</run_address>
         <size>0x8750</size>
         <input_file_ref idref="fl-16"/>
      </object_component>
      <object_component id="oc-a2">
         <name>.debug_info</name>
         <load_address>0x1e441</load_address>
         <run_address>0x1e441</run_address>
         <size>0xb175</size>
         <input_file_ref idref="fl-17"/>
      </object_component>
      <object_component id="oc-a7">
         <name>.debug_info</name>
         <load_address>0x295b6</load_address>
         <run_address>0x295b6</run_address>
         <size>0x195</size>
         <input_file_ref idref="fl-18"/>
      </object_component>
      <object_component id="oc-a9">
         <name>.debug_info</name>
         <load_address>0x2974b</load_address>
         <run_address>0x2974b</run_address>
         <size>0x68f</size>
         <input_file_ref idref="fl-19"/>
      </object_component>
      <object_component id="oc-ae">
         <name>.debug_info</name>
         <load_address>0x29dda</load_address>
         <run_address>0x29dda</run_address>
         <size>0x1bdb</size>
         <input_file_ref idref="fl-1a"/>
      </object_component>
      <object_component id="oc-b3">
         <name>.debug_info</name>
         <load_address>0x2b9b5</load_address>
         <run_address>0x2b9b5</run_address>
         <size>0x195</size>
         <input_file_ref idref="fl-1b"/>
      </object_component>
      <object_component id="oc-b5">
         <name>.debug_info</name>
         <load_address>0x2bb4a</load_address>
         <run_address>0x2bb4a</run_address>
         <size>0x20a5</size>
         <input_file_ref idref="fl-1c"/>
      </object_component>
      <object_component id="oc-ba">
         <name>.debug_info</name>
         <load_address>0x2dbef</load_address>
         <run_address>0x2dbef</run_address>
         <size>0xffe</size>
         <input_file_ref idref="fl-1d"/>
      </object_component>
      <object_component id="oc-c0">
         <name>.debug_info</name>
         <load_address>0x2ebed</load_address>
         <run_address>0x2ebed</run_address>
         <size>0xa60</size>
         <input_file_ref idref="fl-1e"/>
      </object_component>
      <object_component id="oc-c5">
         <name>.debug_info</name>
         <load_address>0x2f64d</load_address>
         <run_address>0x2f64d</run_address>
         <size>0x5f3f</size>
         <input_file_ref idref="fl-1f"/>
      </object_component>
      <object_component id="oc-cc">
         <name>.debug_info</name>
         <load_address>0x3558c</load_address>
         <run_address>0x3558c</run_address>
         <size>0x159</size>
         <input_file_ref idref="fl-20"/>
      </object_component>
      <object_component id="oc-cf">
         <name>.debug_info</name>
         <load_address>0x356e5</load_address>
         <run_address>0x356e5</run_address>
         <size>0x9b7</size>
         <input_file_ref idref="fl-21"/>
      </object_component>
      <object_component id="oc-d7">
         <name>.debug_info</name>
         <load_address>0x3609c</load_address>
         <run_address>0x3609c</run_address>
         <size>0x111</size>
         <input_file_ref idref="fl-22"/>
      </object_component>
      <object_component id="oc-da">
         <name>.debug_info</name>
         <load_address>0x361ad</load_address>
         <run_address>0x361ad</run_address>
         <size>0x2507</size>
         <input_file_ref idref="fl-23"/>
      </object_component>
      <object_component id="oc-e0">
         <name>.debug_info</name>
         <load_address>0x386b4</load_address>
         <run_address>0x386b4</run_address>
         <size>0x6ccf</size>
         <input_file_ref idref="fl-24"/>
      </object_component>
      <object_component id="oc-e5">
         <name>.debug_info</name>
         <load_address>0x3f383</load_address>
         <run_address>0x3f383</run_address>
         <size>0x3c9f1</size>
         <input_file_ref idref="fl-25"/>
      </object_component>
      <object_component id="oc-124">
         <name>.debug_info</name>
         <load_address>0x7bd74</load_address>
         <run_address>0x7bd74</run_address>
         <size>0xa976</size>
         <input_file_ref idref="fl-26"/>
      </object_component>
      <object_component id="oc-129">
         <name>.debug_info</name>
         <load_address>0x866ea</load_address>
         <run_address>0x866ea</run_address>
         <size>0x2475</size>
         <input_file_ref idref="fl-27"/>
      </object_component>
      <object_component id="oc-12e">
         <name>.debug_info</name>
         <load_address>0x88b5f</load_address>
         <run_address>0x88b5f</run_address>
         <size>0x3f9f</size>
         <input_file_ref idref="fl-28"/>
      </object_component>
      <object_component id="oc-133">
         <name>.debug_info</name>
         <load_address>0x8cafe</load_address>
         <run_address>0x8cafe</run_address>
         <size>0x75b6</size>
         <input_file_ref idref="fl-29"/>
      </object_component>
      <object_component id="oc-138">
         <name>.debug_info</name>
         <load_address>0x940b4</load_address>
         <run_address>0x940b4</run_address>
         <size>0x5bd7</size>
         <input_file_ref idref="fl-2a"/>
      </object_component>
      <object_component id="oc-13d">
         <name>.debug_info</name>
         <load_address>0x99c8b</load_address>
         <run_address>0x99c8b</run_address>
         <size>0x1d78</size>
         <input_file_ref idref="fl-2b"/>
      </object_component>
      <object_component id="oc-145">
         <name>.debug_info</name>
         <load_address>0x9ba03</load_address>
         <run_address>0x9ba03</run_address>
         <size>0x113</size>
         <input_file_ref idref="fl-2c"/>
      </object_component>
      <object_component id="oc-148">
         <name>.debug_info</name>
         <load_address>0x9bb16</load_address>
         <run_address>0x9bb16</run_address>
         <size>0x4632</size>
         <input_file_ref idref="fl-2d"/>
      </object_component>
      <object_component id="oc-14d">
         <name>.debug_info</name>
         <load_address>0xa0148</load_address>
         <run_address>0xa0148</run_address>
         <size>0x439d</size>
         <input_file_ref idref="fl-2e"/>
      </object_component>
      <object_component id="oc-152">
         <name>.debug_info</name>
         <load_address>0xa44e5</load_address>
         <run_address>0xa44e5</run_address>
         <size>0x1f2b</size>
         <input_file_ref idref="fl-2f"/>
      </object_component>
      <object_component id="oc-15a">
         <name>.debug_info</name>
         <load_address>0xa6410</load_address>
         <run_address>0xa6410</run_address>
         <size>0x162</size>
         <input_file_ref idref="fl-40"/>
      </object_component>
      <object_component id="oc-15f">
         <name>.debug_info</name>
         <load_address>0xa6572</load_address>
         <run_address>0xa6572</run_address>
         <size>0x103</size>
         <input_file_ref idref="fl-41"/>
      </object_component>
      <object_component id="oc-164">
         <name>.debug_info</name>
         <load_address>0xa6675</load_address>
         <run_address>0xa6675</run_address>
         <size>0x194</size>
         <input_file_ref idref="fl-42"/>
      </object_component>
      <object_component id="oc-168">
         <name>.debug_info</name>
         <load_address>0xa6809</load_address>
         <run_address>0xa6809</run_address>
         <size>0x550</size>
         <input_file_ref idref="fl-43"/>
      </object_component>
      <object_component id="oc-16d">
         <name>.debug_info</name>
         <load_address>0xa6d59</load_address>
         <run_address>0xa6d59</run_address>
         <size>0x429</size>
         <input_file_ref idref="fl-44"/>
      </object_component>
      <object_component id="oc-172">
         <name>.debug_info</name>
         <load_address>0xa7182</load_address>
         <run_address>0xa7182</run_address>
         <size>0x39c</size>
         <input_file_ref idref="fl-45"/>
      </object_component>
      <object_component id="oc-177">
         <name>.debug_info</name>
         <load_address>0xa751e</load_address>
         <run_address>0xa751e</run_address>
         <size>0x399</size>
         <input_file_ref idref="fl-46"/>
      </object_component>
      <object_component id="oc-17c">
         <name>.debug_info</name>
         <load_address>0xa78b7</load_address>
         <run_address>0xa78b7</run_address>
         <size>0x533</size>
         <input_file_ref idref="fl-47"/>
      </object_component>
      <object_component id="oc-183">
         <name>.debug_info</name>
         <load_address>0xa7dea</load_address>
         <run_address>0xa7dea</run_address>
         <size>0x4bb</size>
         <input_file_ref idref="fl-48"/>
      </object_component>
      <object_component id="oc-188">
         <name>.debug_info</name>
         <load_address>0xa82a5</load_address>
         <run_address>0xa82a5</run_address>
         <size>0x456</size>
         <input_file_ref idref="fl-49"/>
      </object_component>
      <object_component id="oc-21a">
         <name>.debug_info</name>
         <load_address>0xa86fb</load_address>
         <run_address>0xa86fb</run_address>
         <size>0xb0</size>
      </object_component>
      <object_component id="oc-57">
         <name>.debug_abbrev</name>
         <load_address>0x0</load_address>
         <run_address>0x0</run_address>
         <size>0x21</size>
         <input_file_ref idref="fl-2"/>
      </object_component>
      <object_component id="oc-59">
         <name>.debug_abbrev</name>
         <load_address>0x21</load_address>
         <run_address>0x21</run_address>
         <size>0x21</size>
         <input_file_ref idref="fl-3"/>
      </object_component>
      <object_component id="oc-5d">
         <name>.debug_abbrev</name>
         <load_address>0x42</load_address>
         <run_address>0x42</run_address>
         <size>0xb1</size>
         <input_file_ref idref="fl-4"/>
      </object_component>
      <object_component id="oc-64">
         <name>.debug_abbrev</name>
         <load_address>0xf3</load_address>
         <run_address>0xf3</run_address>
         <size>0x174</size>
         <input_file_ref idref="fl-5"/>
      </object_component>
      <object_component id="oc-67">
         <name>.debug_abbrev</name>
         <load_address>0x267</load_address>
         <run_address>0x267</run_address>
         <size>0x21</size>
         <input_file_ref idref="fl-6"/>
      </object_component>
      <object_component id="oc-69">
         <name>.debug_abbrev</name>
         <load_address>0x288</load_address>
         <run_address>0x288</run_address>
         <size>0x21</size>
         <input_file_ref idref="fl-7"/>
      </object_component>
      <object_component id="oc-6b">
         <name>.debug_abbrev</name>
         <load_address>0x2a9</load_address>
         <run_address>0x2a9</run_address>
         <size>0x21</size>
         <input_file_ref idref="fl-8"/>
      </object_component>
      <object_component id="oc-6f">
         <name>.debug_abbrev</name>
         <load_address>0x2ca</load_address>
         <run_address>0x2ca</run_address>
         <size>0x8a</size>
         <input_file_ref idref="fl-9"/>
      </object_component>
      <object_component id="oc-72">
         <name>.debug_abbrev</name>
         <load_address>0x354</load_address>
         <run_address>0x354</run_address>
         <size>0x21</size>
         <input_file_ref idref="fl-a"/>
      </object_component>
      <object_component id="oc-74">
         <name>.debug_abbrev</name>
         <load_address>0x375</load_address>
         <run_address>0x375</run_address>
         <size>0x21</size>
         <input_file_ref idref="fl-b"/>
      </object_component>
      <object_component id="oc-76">
         <name>.debug_abbrev</name>
         <load_address>0x396</load_address>
         <run_address>0x396</run_address>
         <size>0x21</size>
         <input_file_ref idref="fl-c"/>
      </object_component>
      <object_component id="oc-78">
         <name>.debug_abbrev</name>
         <load_address>0x3b7</load_address>
         <run_address>0x3b7</run_address>
         <size>0x21</size>
         <input_file_ref idref="fl-d"/>
      </object_component>
      <object_component id="oc-7a">
         <name>.debug_abbrev</name>
         <load_address>0x3d8</load_address>
         <run_address>0x3d8</run_address>
         <size>0x21</size>
         <input_file_ref idref="fl-e"/>
      </object_component>
      <object_component id="oc-7c">
         <name>.debug_abbrev</name>
         <load_address>0x3f9</load_address>
         <run_address>0x3f9</run_address>
         <size>0x21</size>
         <input_file_ref idref="fl-f"/>
      </object_component>
      <object_component id="oc-80">
         <name>.debug_abbrev</name>
         <load_address>0x41a</load_address>
         <run_address>0x41a</run_address>
         <size>0xa3</size>
         <input_file_ref idref="fl-10"/>
      </object_component>
      <object_component id="oc-85">
         <name>.debug_abbrev</name>
         <load_address>0x4bd</load_address>
         <run_address>0x4bd</run_address>
         <size>0xa3</size>
         <input_file_ref idref="fl-11"/>
      </object_component>
      <object_component id="oc-8b">
         <name>.debug_abbrev</name>
         <load_address>0x560</load_address>
         <run_address>0x560</run_address>
         <size>0xb3</size>
         <input_file_ref idref="fl-12"/>
      </object_component>
      <object_component id="oc-90">
         <name>.debug_abbrev</name>
         <load_address>0x613</load_address>
         <run_address>0x613</run_address>
         <size>0xcc</size>
         <input_file_ref idref="fl-13"/>
      </object_component>
      <object_component id="oc-96">
         <name>.debug_abbrev</name>
         <load_address>0x6df</load_address>
         <run_address>0x6df</run_address>
         <size>0x12f</size>
         <input_file_ref idref="fl-14"/>
      </object_component>
      <object_component id="oc-9b">
         <name>.debug_abbrev</name>
         <load_address>0x80e</load_address>
         <run_address>0x80e</run_address>
         <size>0x100</size>
         <input_file_ref idref="fl-15"/>
      </object_component>
      <object_component id="oc-a0">
         <name>.debug_abbrev</name>
         <load_address>0x90e</load_address>
         <run_address>0x90e</run_address>
         <size>0x13f</size>
         <input_file_ref idref="fl-16"/>
      </object_component>
      <object_component id="oc-a5">
         <name>.debug_abbrev</name>
         <load_address>0xa4d</load_address>
         <run_address>0xa4d</run_address>
         <size>0x117</size>
         <input_file_ref idref="fl-17"/>
      </object_component>
      <object_component id="oc-a8">
         <name>.debug_abbrev</name>
         <load_address>0xb64</load_address>
         <run_address>0xb64</run_address>
         <size>0x21</size>
         <input_file_ref idref="fl-18"/>
      </object_component>
      <object_component id="oc-ac">
         <name>.debug_abbrev</name>
         <load_address>0xb85</load_address>
         <run_address>0xb85</run_address>
         <size>0xd7</size>
         <input_file_ref idref="fl-19"/>
      </object_component>
      <object_component id="oc-b1">
         <name>.debug_abbrev</name>
         <load_address>0xc5c</load_address>
         <run_address>0xc5c</run_address>
         <size>0xea</size>
         <input_file_ref idref="fl-1a"/>
      </object_component>
      <object_component id="oc-b4">
         <name>.debug_abbrev</name>
         <load_address>0xd46</load_address>
         <run_address>0xd46</run_address>
         <size>0x21</size>
         <input_file_ref idref="fl-1b"/>
      </object_component>
      <object_component id="oc-b8">
         <name>.debug_abbrev</name>
         <load_address>0xd67</load_address>
         <run_address>0xd67</run_address>
         <size>0x1e3</size>
         <input_file_ref idref="fl-1c"/>
      </object_component>
      <object_component id="oc-be">
         <name>.debug_abbrev</name>
         <load_address>0xf4a</load_address>
         <run_address>0xf4a</run_address>
         <size>0x177</size>
         <input_file_ref idref="fl-1d"/>
      </object_component>
      <object_component id="oc-c3">
         <name>.debug_abbrev</name>
         <load_address>0x10c1</load_address>
         <run_address>0x10c1</run_address>
         <size>0xdc</size>
         <input_file_ref idref="fl-1e"/>
      </object_component>
      <object_component id="oc-c8">
         <name>.debug_abbrev</name>
         <load_address>0x119d</load_address>
         <run_address>0x119d</run_address>
         <size>0x10c</size>
         <input_file_ref idref="fl-1f"/>
      </object_component>
      <object_component id="oc-cd">
         <name>.debug_abbrev</name>
         <load_address>0x12a9</load_address>
         <run_address>0x12a9</run_address>
         <size>0x21</size>
         <input_file_ref idref="fl-20"/>
      </object_component>
      <object_component id="oc-d3">
         <name>.debug_abbrev</name>
         <load_address>0x12ca</load_address>
         <run_address>0x12ca</run_address>
         <size>0xfd</size>
         <input_file_ref idref="fl-21"/>
      </object_component>
      <object_component id="oc-d8">
         <name>.debug_abbrev</name>
         <load_address>0x13c7</load_address>
         <run_address>0x13c7</run_address>
         <size>0x2f</size>
         <input_file_ref idref="fl-22"/>
      </object_component>
      <object_component id="oc-de">
         <name>.debug_abbrev</name>
         <load_address>0x13f6</load_address>
         <run_address>0x13f6</run_address>
         <size>0xde</size>
         <input_file_ref idref="fl-23"/>
      </object_component>
      <object_component id="oc-e3">
         <name>.debug_abbrev</name>
         <load_address>0x14d4</load_address>
         <run_address>0x14d4</run_address>
         <size>0x157</size>
         <input_file_ref idref="fl-24"/>
      </object_component>
      <object_component id="oc-123">
         <name>.debug_abbrev</name>
         <load_address>0x162b</load_address>
         <run_address>0x162b</run_address>
         <size>0xcb</size>
         <input_file_ref idref="fl-25"/>
      </object_component>
      <object_component id="oc-127">
         <name>.debug_abbrev</name>
         <load_address>0x16f6</load_address>
         <run_address>0x16f6</run_address>
         <size>0x197</size>
         <input_file_ref idref="fl-26"/>
      </object_component>
      <object_component id="oc-12c">
         <name>.debug_abbrev</name>
         <load_address>0x188d</load_address>
         <run_address>0x188d</run_address>
         <size>0xc8</size>
         <input_file_ref idref="fl-27"/>
      </object_component>
      <object_component id="oc-131">
         <name>.debug_abbrev</name>
         <load_address>0x1955</load_address>
         <run_address>0x1955</run_address>
         <size>0x116</size>
         <input_file_ref idref="fl-28"/>
      </object_component>
      <object_component id="oc-136">
         <name>.debug_abbrev</name>
         <load_address>0x1a6b</load_address>
         <run_address>0x1a6b</run_address>
         <size>0x109</size>
         <input_file_ref idref="fl-29"/>
      </object_component>
      <object_component id="oc-13b">
         <name>.debug_abbrev</name>
         <load_address>0x1b74</load_address>
         <run_address>0x1b74</run_address>
         <size>0x1e1</size>
         <input_file_ref idref="fl-2a"/>
      </object_component>
      <object_component id="oc-141">
         <name>.debug_abbrev</name>
         <load_address>0x1d55</load_address>
         <run_address>0x1d55</run_address>
         <size>0x161</size>
         <input_file_ref idref="fl-2b"/>
      </object_component>
      <object_component id="oc-146">
         <name>.debug_abbrev</name>
         <load_address>0x1eb6</load_address>
         <run_address>0x1eb6</run_address>
         <size>0x2f</size>
         <input_file_ref idref="fl-2c"/>
      </object_component>
      <object_component id="oc-14b">
         <name>.debug_abbrev</name>
         <load_address>0x1ee5</load_address>
         <run_address>0x1ee5</run_address>
         <size>0x10f</size>
         <input_file_ref idref="fl-2d"/>
      </object_component>
      <object_component id="oc-150">
         <name>.debug_abbrev</name>
         <load_address>0x1ff4</load_address>
         <run_address>0x1ff4</run_address>
         <size>0x1c3</size>
         <input_file_ref idref="fl-2e"/>
      </object_component>
      <object_component id="oc-155">
         <name>.debug_abbrev</name>
         <load_address>0x21b7</load_address>
         <run_address>0x21b7</run_address>
         <size>0x1c8</size>
         <input_file_ref idref="fl-2f"/>
      </object_component>
      <object_component id="oc-15c">
         <name>.debug_abbrev</name>
         <load_address>0x237f</load_address>
         <run_address>0x237f</run_address>
         <size>0x46</size>
         <input_file_ref idref="fl-40"/>
      </object_component>
      <object_component id="oc-161">
         <name>.debug_abbrev</name>
         <load_address>0x23c5</load_address>
         <run_address>0x23c5</run_address>
         <size>0x38</size>
         <input_file_ref idref="fl-41"/>
      </object_component>
      <object_component id="oc-166">
         <name>.debug_abbrev</name>
         <load_address>0x23fd</load_address>
         <run_address>0x23fd</run_address>
         <size>0x38</size>
         <input_file_ref idref="fl-42"/>
      </object_component>
      <object_component id="oc-16b">
         <name>.debug_abbrev</name>
         <load_address>0x2435</load_address>
         <run_address>0x2435</run_address>
         <size>0xe3</size>
         <input_file_ref idref="fl-43"/>
      </object_component>
      <object_component id="oc-170">
         <name>.debug_abbrev</name>
         <load_address>0x2518</load_address>
         <run_address>0x2518</run_address>
         <size>0xa8</size>
         <input_file_ref idref="fl-44"/>
      </object_component>
      <object_component id="oc-175">
         <name>.debug_abbrev</name>
         <load_address>0x25c0</load_address>
         <run_address>0x25c0</run_address>
         <size>0x68</size>
         <input_file_ref idref="fl-45"/>
      </object_component>
      <object_component id="oc-17a">
         <name>.debug_abbrev</name>
         <load_address>0x2628</load_address>
         <run_address>0x2628</run_address>
         <size>0x66</size>
         <input_file_ref idref="fl-46"/>
      </object_component>
      <object_component id="oc-181">
         <name>.debug_abbrev</name>
         <load_address>0x268e</load_address>
         <run_address>0x268e</run_address>
         <size>0x130</size>
         <input_file_ref idref="fl-47"/>
      </object_component>
      <object_component id="oc-186">
         <name>.debug_abbrev</name>
         <load_address>0x27be</load_address>
         <run_address>0x27be</run_address>
         <size>0xb2</size>
         <input_file_ref idref="fl-48"/>
      </object_component>
      <object_component id="oc-18b">
         <name>.debug_abbrev</name>
         <load_address>0x2870</load_address>
         <run_address>0x2870</run_address>
         <size>0xee</size>
         <input_file_ref idref="fl-49"/>
      </object_component>
      <object_component id="oc-21b">
         <name>.debug_abbrev</name>
         <load_address>0x295e</load_address>
         <run_address>0x295e</run_address>
         <size>0xf</size>
      </object_component>
      <object_component id="oc-5b">
         <name>.debug_frame</name>
         <load_address>0x0</load_address>
         <run_address>0x0</run_address>
         <size>0x58</size>
         <input_file_ref idref="fl-4"/>
      </object_component>
      <object_component id="oc-62">
         <name>.debug_frame</name>
         <load_address>0x58</load_address>
         <run_address>0x58</run_address>
         <size>0xe0</size>
         <input_file_ref idref="fl-5"/>
      </object_component>
      <object_component id="oc-6d">
         <name>.debug_frame</name>
         <load_address>0x138</load_address>
         <run_address>0x138</run_address>
         <size>0x40</size>
         <input_file_ref idref="fl-9"/>
      </object_component>
      <object_component id="oc-7e">
         <name>.debug_frame</name>
         <load_address>0x178</load_address>
         <run_address>0x178</run_address>
         <size>0x44</size>
         <input_file_ref idref="fl-10"/>
      </object_component>
      <object_component id="oc-83">
         <name>.debug_frame</name>
         <load_address>0x1bc</load_address>
         <run_address>0x1bc</run_address>
         <size>0x44</size>
         <input_file_ref idref="fl-11"/>
      </object_component>
      <object_component id="oc-89">
         <name>.debug_frame</name>
         <load_address>0x200</load_address>
         <run_address>0x200</run_address>
         <size>0x5c</size>
         <input_file_ref idref="fl-12"/>
      </object_component>
      <object_component id="oc-8e">
         <name>.debug_frame</name>
         <load_address>0x25c</load_address>
         <run_address>0x25c</run_address>
         <size>0x44</size>
         <input_file_ref idref="fl-13"/>
      </object_component>
      <object_component id="oc-94">
         <name>.debug_frame</name>
         <load_address>0x2a0</load_address>
         <run_address>0x2a0</run_address>
         <size>0x7c</size>
         <input_file_ref idref="fl-14"/>
      </object_component>
      <object_component id="oc-99">
         <name>.debug_frame</name>
         <load_address>0x31c</load_address>
         <run_address>0x31c</run_address>
         <size>0x44</size>
         <input_file_ref idref="fl-15"/>
      </object_component>
      <object_component id="oc-9e">
         <name>.debug_frame</name>
         <load_address>0x360</load_address>
         <run_address>0x360</run_address>
         <size>0xe8</size>
         <input_file_ref idref="fl-16"/>
      </object_component>
      <object_component id="oc-a3">
         <name>.debug_frame</name>
         <load_address>0x448</load_address>
         <run_address>0x448</run_address>
         <size>0x40</size>
         <input_file_ref idref="fl-17"/>
      </object_component>
      <object_component id="oc-aa">
         <name>.debug_frame</name>
         <load_address>0x488</load_address>
         <run_address>0x488</run_address>
         <size>0xb4</size>
         <input_file_ref idref="fl-19"/>
      </object_component>
      <object_component id="oc-af">
         <name>.debug_frame</name>
         <load_address>0x53c</load_address>
         <run_address>0x53c</run_address>
         <size>0x44</size>
         <input_file_ref idref="fl-1a"/>
      </object_component>
      <object_component id="oc-b6">
         <name>.debug_frame</name>
         <load_address>0x580</load_address>
         <run_address>0x580</run_address>
         <size>0x204</size>
         <input_file_ref idref="fl-1c"/>
      </object_component>
      <object_component id="oc-bc">
         <name>.debug_frame</name>
         <load_address>0x784</load_address>
         <run_address>0x784</run_address>
         <size>0x11c</size>
         <input_file_ref idref="fl-1d"/>
      </object_component>
      <object_component id="oc-c1">
         <name>.debug_frame</name>
         <load_address>0x8a0</load_address>
         <run_address>0x8a0</run_address>
         <size>0x70</size>
         <input_file_ref idref="fl-1e"/>
      </object_component>
      <object_component id="oc-c6">
         <name>.debug_frame</name>
         <load_address>0x910</load_address>
         <run_address>0x910</run_address>
         <size>0x44</size>
         <input_file_ref idref="fl-1f"/>
      </object_component>
      <object_component id="oc-d1">
         <name>.debug_frame</name>
         <load_address>0x954</load_address>
         <run_address>0x954</run_address>
         <size>0x5c</size>
         <input_file_ref idref="fl-21"/>
      </object_component>
      <object_component id="oc-dc">
         <name>.debug_frame</name>
         <load_address>0x9b0</load_address>
         <run_address>0x9b0</run_address>
         <size>0x950</size>
         <input_file_ref idref="fl-23"/>
      </object_component>
      <object_component id="oc-e1">
         <name>.debug_frame</name>
         <load_address>0x1300</load_address>
         <run_address>0x1300</run_address>
         <size>0x28</size>
         <input_file_ref idref="fl-24"/>
      </object_component>
      <object_component id="oc-125">
         <name>.debug_frame</name>
         <load_address>0x1328</load_address>
         <run_address>0x1328</run_address>
         <size>0x15c</size>
         <input_file_ref idref="fl-26"/>
      </object_component>
      <object_component id="oc-12a">
         <name>.debug_frame</name>
         <load_address>0x1484</load_address>
         <run_address>0x1484</run_address>
         <size>0x58</size>
         <input_file_ref idref="fl-27"/>
      </object_component>
      <object_component id="oc-12f">
         <name>.debug_frame</name>
         <load_address>0x14dc</load_address>
         <run_address>0x14dc</run_address>
         <size>0x44</size>
         <input_file_ref idref="fl-28"/>
      </object_component>
      <object_component id="oc-134">
         <name>.debug_frame</name>
         <load_address>0x1520</load_address>
         <run_address>0x1520</run_address>
         <size>0x28</size>
         <input_file_ref idref="fl-29"/>
      </object_component>
      <object_component id="oc-139">
         <name>.debug_frame</name>
         <load_address>0x1548</load_address>
         <run_address>0x1548</run_address>
         <size>0x1c0</size>
         <input_file_ref idref="fl-2a"/>
      </object_component>
      <object_component id="oc-13f">
         <name>.debug_frame</name>
         <load_address>0x1708</load_address>
         <run_address>0x1708</run_address>
         <size>0x28</size>
         <input_file_ref idref="fl-2b"/>
      </object_component>
      <object_component id="oc-149">
         <name>.debug_frame</name>
         <load_address>0x1730</load_address>
         <run_address>0x1730</run_address>
         <size>0x48</size>
         <input_file_ref idref="fl-2d"/>
      </object_component>
      <object_component id="oc-14e">
         <name>.debug_frame</name>
         <load_address>0x1778</load_address>
         <run_address>0x1778</run_address>
         <size>0x110</size>
         <input_file_ref idref="fl-2e"/>
      </object_component>
      <object_component id="oc-153">
         <name>.debug_frame</name>
         <load_address>0x1888</load_address>
         <run_address>0x1888</run_address>
         <size>0x224</size>
[...]
         <name>_CpuTimer0Regs</name>
         <value>0xc00</value>
         <object_component_ref idref="oc-e8"/>
      </symbol>
      <symbol id="sm-470">
         <name>_CmpssLite2Regs</name>
         <value>0x5540</value>
         <object_component_ref idref="oc-fa"/>
      </symbol>
      <symbol id="sm-471">
         <name>_AccessProtectionRegs</name>
         <value>0x5f500</value>
         <object_component_ref idref="oc-107"/>
      </symbol>
      <symbol id="sm-472">
         <name>_MemCfgRegs</name>
         <value>0x5f400</value>
         <object_component_ref idref="oc-114"/>
      </symbol>
      <symbol id="sm-473">
         <name>_EPwm6Regs</name>
         <value>0x4500</value>
         <object_component_ref idref="oc-11b"/>
      </symbol>
      <symbol id="sm-474">
         <name>_AdcaRegs</name>
         <value>0x7400</value>
         <object_component_ref idref="oc-112"/>
      </symbol>
      <symbol id="sm-475">
         <name>_SciaRegs</name>
         <value>0x7200</value>
         <object_component_ref idref="oc-ef"/>
      </symbol>
      <symbol id="sm-476">
         <name>_GpioDataRegs</name>
         <value>0x7f00</value>
         <object_component_ref idref="oc-110"/>
      </symbol>
      <symbol id="sm-477">
         <name>_DcsmZ1Regs</name>
         <value>0x5f000</value>
         <object_component_ref idref="oc-10d"/>
      </symbol>
      <symbol id="sm-478">
         <name>_Flash0CtrlRegs</name>
         <value>0x5f800</value>
         <object_component_ref idref="oc-120"/>
      </symbol>
      <symbol id="sm-479">
         <name>_EPwm7Regs</name>
         <value>0x4600</value>
         <object_component_ref idref="oc-11c"/>
      </symbol>
      <symbol id="sm-47a">
         <name>_CpuTimer2Regs</name>
         <value>0xc10</value>
         <object_component_ref idref="oc-ea"/>
      </symbol>
      <symbol id="sm-47b">
         <name>_AnalogSubsysRegs</name>
         <value>0x5d700</value>
         <object_component_ref idref="oc-11e"/>
      </symbol>
      <symbol id="sm-47c">
         <name>_PieCtrlRegs</name>
         <value>0xce0</value>
         <object_component_ref idref="oc-f9"/>
      </symbol>
      <symbol id="sm-47d">
         <name>_DevCfgRegs</name>
         <value>0x5d000</value>
         <object_component_ref idref="oc-121"/>
      </symbol>
      <symbol id="sm-47e">
         <name>_AdccRegs</name>
         <value>0x7500</value>
         <object_component_ref idref="oc-113"/>
      </symbol>
      <symbol id="sm-47f">
         <name>_ScicRegs</name>
         <value>0x7220</value>
         <object_component_ref idref="oc-f1"/>
      </symbol>
      <symbol id="sm-480">
         <name>_ECap1Regs</name>
         <value>0x5200</value>
         <object_component_ref idref="oc-ff"/>
      </symbol>
      <symbol id="sm-481">
         <name>_OutputXbarRegs</name>
         <value>0x7a80</value>
         <object_component_ref idref="oc-111"/>
      </symbol>
      <symbol id="sm-482">
         <name>_MemoryErrorRegs</name>
         <value>0x5f540</value>
         <object_component_ref idref="oc-10b"/>
      </symbol>
      <symbol id="sm-483">
         <name>_EQep1Regs</name>
         <value>0x5100</value>
         <object_component_ref idref="oc-10a"/>
      </symbol>
      <symbol id="sm-484">
         <name>_Epg1Regs</name>
         <value>0x5ec00</value>
         <object_component_ref idref="oc-10e"/>
      </symbol>
      <symbol id="sm-485">
         <name>_UidRegs</name>
         <value>0x71140</value>
         <object_component_ref idref="oc-f3"/>
      </symbol>
      <symbol id="sm-486">
         <name>_EPwm1Regs</name>
         <value>0x4000</value>
         <object_component_ref idref="oc-116"/>
      </symbol>
      <symbol id="sm-487">
         <name>_ScibRegs</name>
         <value>0x7210</value>
         <object_component_ref idref="oc-f0"/>
      </symbol>
      <symbol id="sm-488">
         <name>_AdcaResultRegs</name>
         <value>0xb00</value>
         <object_component_ref idref="oc-f6"/>
      </symbol>
      <symbol id="sm-489">
         <name>_ECap2Regs</name>
         <value>0x5240</value>
         <object_component_ref idref="oc-100"/>
      </symbol>
      <symbol id="sm-48a">
         <name>_DcsmZ2OtpRegs</name>
         <value>0x78200</value>
         <object_component_ref idref="oc-f5"/>
      </symbol>
      <symbol id="sm-48b">
         <name>_AdccResultRegs</name>
         <value>0xb40</value>
         <object_component_ref idref="oc-f7"/>
      </symbol>
      <symbol id="sm-48c">
         <name>_CmpssLite4Regs</name>
         <value>0x55c0</value>
         <object_component_ref idref="oc-fc"/>
      </symbol>
      <symbol id="sm-48d">
         <name>_Cmpss1Regs</name>
         <value>0x5500</value>
         <object_component_ref idref="oc-fd"/>
      </symbol>
      <symbol id="sm-48e">
         <name>_DcsmCommonRegs</name>
         <value>0x5f0c0</value>
         <object_component_ref idref="oc-105"/>
      </symbol>
      <symbol id="sm-48f">
         <name>_EPwm2Regs</name>
         <value>0x4100</value>
         <object_component_ref idref="oc-117"/>
      </symbol>
      <symbol id="sm-490">
         <name>_SyncSocRegs</name>
         <value>0x7940</value>
         <object_component_ref idref="oc-e6"/>
      </symbol>
      <symbol id="sm-491">
         <name>_NmiIntruptRegs</name>
         <value>0x7060</value>
         <object_component_ref idref="oc-ec"/>
      </symbol>
      <symbol id="sm-492">
         <name>_EPwm3Regs</name>
         <value>0x4200</value>
         <object_component_ref idref="oc-118"/>
      </symbol>
      <symbol id="sm-493">
         <name>_SysStatusRegs</name>
         <value>0x5d400</value>
         <object_component_ref idref="oc-f8"/>
      </symbol>
      <symbol id="sm-494">
         <name>_I2caRegs</name>
         <value>0x7300</value>
         <object_component_ref idref="oc-103"/>
      </symbol>
      <symbol id="sm-4b4">
         <name>_GPIO_SetupLock</name>
         <value>0x84158</value>
         <object_component_ref idref="oc-1b2"/>
      </symbol>
      <symbol id="sm-4b6">
         <name>_GPIO_SetupXINT4Gpio</name>
         <value>0x8419b</value>
         <object_component_ref idref="oc-1b2"/>
      </symbol>
      <symbol id="sm-4b8">
         <name>_InitGpio</name>
         <value>0x84000</value>
         <object_component_ref idref="oc-1b2"/>
      </symbol>
      <symbol id="sm-4ba">
         <name>_GPIO_SetupXINT5Gpio</name>
         <value>0x841a4</value>
         <object_component_ref idref="oc-1b2"/>
      </symbol>
      <symbol id="sm-4bc">
         <name>_GPIO_SetupXINT2Gpio</name>
         <value>0x84189</value>
         <object_component_ref idref="oc-1b2"/>
      </symbol>
      <symbol id="sm-4be">
         <name>_GPIO_SetupXINT3Gpio</name>
         <value>0x84192</value>
         <object_component_ref idref="oc-1b2"/>
      </symbol>
      <symbol id="sm-4c0">
         <name>_GPIO_WritePin</name>
         <value>0x841c4</value>
         <object_component_ref idref="oc-1b2"/>
      </symbol>
      <symbol id="sm-4c2">
         <name>_GPIO_SetupPinOptions</name>
         <value>0x840c6</value>
         <object_component_ref idref="oc-1b2"/>
      </symbol>
      <symbol id="sm-4c4">
         <name>_GPIO_SetupXINT1Gpio</name>
         <value>0x84180</value>
         <object_component_ref idref="oc-1b2"/>
      </symbol>
      <symbol id="sm-4c6">
         <name>_GPIO_SetupPinMux</name>
         <value>0x8403d</value>
         <object_component_ref idref="oc-1b2"/>
      </symbol>
      <symbol id="sm-4c8">
         <name>_GPIO_ReadPin</name>
         <value>0x841ad</value>
         <object_component_ref idref="oc-1b2"/>
      </symbol>
      <symbol id="sm-4d5">
         <name>_InitPieCtrl</name>
         <value>0x8475b</value>
         <object_component_ref idref="oc-195"/>
      </symbol>
      <symbol id="sm-4d7">
         <name>_EnableInterrupts</name>
         <value>0x8477a</value>
         <object_component_ref idref="oc-195"/>
      </symbol>
      <symbol id="sm-4e8">
         <name>_PieVectTableInit</name>
         <value>0x88000</value>
         <object_component_ref idref="oc-1a0"/>
      </symbol>
      <symbol id="sm-4e9">
         <name>_InitPieVectTable</name>
         <value>0x84783</value>
         <object_component_ref idref="oc-196"/>
      </symbol>
      <symbol id="sm-529">
         <name>_InitSysPll</name>
         <value>0x836b8</value>
         <object_component_ref idref="oc-194"/>
      </symbol>
      <symbol id="sm-52b">
         <name>_DisablePeripheralClocks</name>
         <value>0x8368a</value>
         <object_component_ref idref="oc-194"/>
      </symbol>
      <symbol id="sm-52d">
         <name>_DisableDog</name>
         <value>0x836ab</value>
         <object_component_ref idref="oc-194"/>
      </symbol>
      <symbol id="sm-52f">
         <name>_SysIntOsc2Sel</name>
         <value>0x837a7</value>
         <object_component_ref idref="oc-194"/>
      </symbol>
      <symbol id="sm-531">
         <name>_HALT</name>
         <value>0x83807</value>
         <object_component_ref idref="oc-194"/>
      </symbol>
      <symbol id="sm-533">
         <name>_IDLE</name>
         <value>0x837fe</value>
         <object_component_ref idref="oc-194"/>
      </symbol>
      <symbol id="sm-535">
         <name>_InitPeripheralClocks</name>
         <value>0x83647</value>
         <object_component_ref idref="oc-194"/>
      </symbol>
      <symbol id="sm-537">
         <name>_InitFlash</name>
         <value>0x8330</value>
         <object_component_ref idref="oc-19f"/>
      </symbol>
      <symbol id="sm-539">
         <name>_SysXtalOscSel</name>
         <value>0x837c9</value>
         <object_component_ref idref="oc-194"/>
      </symbol>
      <symbol id="sm-53b">
         <name>_SysIntOsc1Sel</name>
         <value>0x8379e</value>
         <object_component_ref idref="oc-194"/>
      </symbol>
      <symbol id="sm-53d">
         <name>_ServiceDog</name>
         <value>0x8369e</value>
         <object_component_ref idref="oc-194"/>
      </symbol>
      <symbol id="sm-53f">
         <name>_IsPLLValid</name>
         <value>0x83818</value>
         <object_component_ref idref="oc-194"/>
      </symbol>
      <symbol id="sm-541">
         <name>_InitSysCtrl</name>
         <value>0x8362a</value>
         <object_component_ref idref="oc-194"/>
      </symbol>
      <symbol id="sm-543">
         <name>_SysXtalOscSESel</name>
         <value>0x837e9</value>
         <object_component_ref idref="oc-194"/>
      </symbol>
      <symbol id="sm-545">
         <name>_ComputeCntrSeedValue</name>
         <value>0x838ad</value>
         <object_component_ref idref="oc-194"/>
      </symbol>
      <symbol id="sm-552">
         <name>_tempSensor_tempSlope</name>
         <value>0x82f6</value>
         <object_component_ref idref="oc-13e"/>
      </symbol>
      <symbol id="sm-553">
         <name>_tempSensor_tempOffset</name>
         <value>0x82f7</value>
         <object_component_ref idref="oc-13e"/>
      </symbol>
      <symbol id="sm-554">
         <name>_tempSensor_scaleFactor</name>
         <value>0x82f8</value>
         <object_component_ref idref="oc-13e"/>
      </symbol>
      <symbol id="sm-560">
         <name>_F28x_usDelay</name>
         <value>0x834f</value>
         <object_component_ref idref="oc-143"/>
      </symbol>
      <symbol id="sm-56c">
         <name>_sDrv_IninAdc</name>
         <value>0x83bfa</value>
         <object_component_ref idref="oc-1b3"/>
      </symbol>
      <symbol id="sm-5c5">
         <name>_CMP_CH</name>
         <value>0x8811c</value>
         <object_component_ref idref="oc-1b8"/>
      </symbol>
      <symbol id="sm-5c6">
         <name>_sDrv_ClrLoLatchSTS</name>
         <value>0x82e36</value>
         <object_component_ref idref="oc-1b5"/>
      </symbol>
      <symbol id="sm-5c8">
         <name>_sDrv_SetCmpss_DAC</name>
         <value>0x82d50</value>
         <object_component_ref idref="oc-1b5"/>
      </symbol>
      <symbol id="sm-5ca">
         <name>_sDrv_GetHiLatchSTS</name>
         <value>0x82dad</value>
         <object_component_ref idref="oc-1b5"/>
      </symbol>
      <symbol id="sm-5cc">
         <name>_CMP_LITE_CH</name>
         <value>0x88110</value>
         <object_component_ref idref="oc-1b9"/>
      </symbol>
      <symbol id="sm-5cd">
         <name>_sDrv_RegCmpss</name>
         <value>0x8289e</value>
         <object_component_ref idref="oc-1b5"/>
      </symbol>
      <symbol id="sm-5cf">
         <name>_sDrv_ClrHiLatchSTS</name>
         <value>0x82e0d</value>
         <object_component_ref idref="oc-1b5"/>
      </symbol>
      <symbol id="sm-5d1">
         <name>_sDrv_GetLoLatchSTS</name>
         <value>0x82ddd</value>
         <object_component_ref idref="oc-1b5"/>
      </symbol>
      <symbol id="sm-5d3">
         <name>_sDrv_RegCmpss_Lite</name>
         <value>0x82afd</value>
         <object_component_ref idref="oc-1b5"/>
      </symbol>
      <symbol id="sm-5d5">
         <name>_sDrv_InitCmpss</name>
         <value>0x82874</value>
         <object_component_ref idref="oc-1b5"/>
      </symbol>
      <symbol id="sm-631">
         <name>_sDrv_GetSci_TxRdy</name>
         <value>0x83564</value>
         <object_component_ref idref="oc-19b"/>
      </symbol>
      <symbol id="sm-633">
         <name>_sDrv_SetSci_Rest_EN</name>
         <value>0x835ac</value>
         <object_component_ref idref="oc-19b"/>
      </symbol>
      <symbol id="sm-635">
         <name>_sDrv_SetSci_TxData</name>
         <value>0x83511</value>
         <object_component_ref idref="oc-19b"/>
      </symbol>
      <symbol id="sm-637">
         <name>_sDrv_GetSci_RxData</name>
         <value>0x83535</value>
         <object_component_ref idref="oc-19b"/>
      </symbol>
      <symbol id="sm-639">
         <name>_sDrv_SetSci</name>
         <value>0x8325f</value>
         <object_component_ref idref="oc-19b"/>
      </symbol>
      <symbol id="sm-63b">
         <name>_sDrv_SetSci_RxINT_EN</name>
         <value>0x835d6</value>
         <object_component_ref idref="oc-19b"/>
      </symbol>
      <symbol id="sm-63d">
         <name>_sDrv_GetSci_RxErr</name>
         <value>0x83594</value>
         <object_component_ref idref="oc-19b"/>
      </symbol>
      <symbol id="sm-63f">
         <name>_SciReg</name>
         <value>0x88116</value>
         <object_component_ref idref="oc-19c"/>
      </symbol>
      <symbol id="sm-640">
         <name>_sDrv_SetSci_Rest_DIS</name>
         <value>0x835c1</value>
         <object_component_ref idref="oc-19b"/>
      </symbol>
      <symbol id="sm-642">
         <name>_sDrv_GetSci_TxEmpty</name>
         <value>0x8357c</value>
         <object_component_ref idref="oc-19b"/>
      </symbol>
      <symbol id="sm-644">
         <name>_sDrv_SetSci_TxINT_DIS</name>
         <value>0x83615</value>
         <object_component_ref idref="oc-19b"/>
      </symbol>
      <symbol id="sm-646">
         <name>_sDrv_SetSci_Char</name>
         <value>0x83333</value>
         <object_component_ref idref="oc-19b"/>
      </symbol>
      <symbol id="sm-648">
         <name>_sDrv_SetSci_Baud</name>
         <value>0x832cc</value>
         <object_component_ref idref="oc-19b"/>
      </symbol>
      <symbol id="sm-64a">
         <name>_sDrv_GetSci_RxRdy</name>
         <value>0x8354c</value>
         <object_component_ref idref="oc-19b"/>
      </symbol>
      <symbol id="sm-64c">
         <name>_sDrv_SetSci_TxINT_EN</name>
         <value>0x83600</value>
         <object_component_ref idref="oc-19b"/>
      </symbol>
      <symbol id="sm-64e">
         <name>_sDrv_SetSci_RxINT_DIS</name>
         <value>0x835eb</value>
         <object_component_ref idref="oc-19b"/>
      </symbol>
      <symbol id="sm-650">
         <name>_sDrv_SetSci_Pary</name>
         <value>0x8335d</value>
         <object_component_ref idref="oc-19b"/>
      </symbol>
      <symbol id="sm-652">
         <name>_sDrv_SetSci_FIFO</name>
         <value>0x833ca</value>
         <object_component_ref idref="oc-19b"/>
      </symbol>
      <symbol id="sm-654">
         <name>_sDrv_SetSci_Stop</name>
         <value>0x833a4</value>
         <object_component_ref idref="oc-19b"/>
      </symbol>
      <symbol id="sm-670">
         <name>_c_int00</name>
         <value>0x845e8</value>
         <object_component_ref idref="oc-157"/>
      </symbol>
      <symbol id="sm-671">
         <name>__stack</name>
         <value>0x400</value>
         <object_component_ref idref="oc-158"/>
      </symbol>
      <symbol id="sm-682">
         <name>FS$$DIV</name>
         <value>0x83f48</value>
         <object_component_ref idref="oc-15e"/>
      </symbol>
      <symbol id="sm-68e">
         <name>UL$$MOD</name>
         <value>0x8472c</value>
         <object_component_ref idref="oc-163"/>
      </symbol>
      <symbol id="sm-68f">
         <name>L$$MOD</name>
         <value>0x84717</value>
         <object_component_ref idref="oc-163"/>
      </symbol>
      <symbol id="sm-690">
         <name>L$$DIV</name>
         <value>0x84708</value>
         <object_component_ref idref="oc-163"/>
      </symbol>
      <symbol id="sm-691">
         <name>UL$$DIV</name>
         <value>0x84725</value>
         <object_component_ref idref="oc-163"/>
      </symbol>
      <symbol id="sm-6a0">
         <name>_copy_in</name>
         <value>0x847a8</value>
         <object_component_ref idref="oc-18f"/>
      </symbol>
      <symbol id="sm-6b2">
         <name>_memcpy</name>
         <value>0x847cc</value>
         <object_component_ref idref="oc-197"/>
      </symbol>
      <symbol id="sm-6bf">
         <name>__system_pre_init</name>
         <value>0x83ffd</value>
         <object_component_ref idref="oc-18e"/>
      </symbol>
      <symbol id="sm-6cd">
         <name>__system_post_cinit</name>
         <value>0x83fff</value>
         <object_component_ref idref="oc-190"/>
      </symbol>
      <symbol id="sm-6e2">
         <name>C$$EXIT</name>
         <value>0x84732</value>
         <object_component_ref idref="oc-192"/>
      </symbol>
      <symbol id="sm-6e3">
         <name>_exit</name>
         <value>0x84734</value>
         <object_component_ref idref="oc-192"/>
      </symbol>
      <symbol id="sm-6e5">
         <name>___TI_cleanup_ptr</name>
         <value>0x82f2</value>
         <object_component_ref idref="oc-17e"/>
      </symbol>
      <symbol id="sm-6e6">
         <name>___TI_enable_exit_profile_output</name>
         <value>0x82f0</value>
         <object_component_ref idref="oc-17e"/>
      </symbol>
      <symbol id="sm-6e7">
         <name>_abort</name>
         <value>0x84732</value>
         <object_component_ref idref="oc-192"/>
      </symbol>
      <symbol id="sm-6e9">
         <name>___TI_dtors_ptr</name>
         <value>0x82f4</value>
         <object_component_ref idref="oc-17e"/>
      </symbol>
      <symbol id="sm-6fd">
         <name>__unlock</name>
         <value>0x82fc</value>
         <object_component_ref idref="oc-1b1"/>
      </symbol>
      <symbol id="sm-6fe">
         <name>__lock</name>
         <value>0x82fa</value>
         <object_component_ref idref="oc-199"/>
      </symbol>
      <symbol id="sm-6ff">
         <name>__register_lock</name>
         <value>0x84893</value>
         <object_component_ref idref="oc-1a7"/>
      </symbol>
      <symbol id="sm-701">
         <name>__nop</name>
         <value>0x84897</value>
         <object_component_ref idref="oc-1a7"/>
      </symbol>
      <symbol id="sm-703">
         <name>__register_unlock</name>
         <value>0x8488f</value>
         <object_component_ref idref="oc-1a7"/>
      </symbol>
      <symbol id="sm-713">
         <name>__args_main</name>
         <value>0x8485e</value>
         <object_component_ref idref="oc-191"/>
      </symbol>
   </symbol_table>
   <title>Link successful</title>
</link_info>
